Archive member included to satisfy reference by file (symbol)

../../../Jsk_Lib/lib\libjskmath.a(vector3.o)
                              Application\User\main.o (Vector3<float>::operator%(Vector3<float> const&) const)
../../../Jsk_Lib/lib\libjskmath.a(matrix3.o)
                              Application\User\main.o (Matrix3<float>::from_euler(float, float, float))
../../../Jsk_Lib/lib\libjskmath.a(AP_Math.o)
                              ../../../Jsk_Lib/lib\libjskmath.a(matrix3.o) (safe_asin(float))
c:/program files (x86)/atollic/truestudio for arm 7.0.0/armtools/bin/../lib/gcc/arm-atollic-eabi/5.3.1/../../../../arm-atollic-eabi/lib/armv7e-m/fpu\libstdc++_nano.a(eh_arm.o)
                              Application\User\main.o (__cxa_end_cleanup)
c:/program files (x86)/atollic/truestudio for arm 7.0.0/armtools/bin/../lib/gcc/arm-atollic-eabi/5.3.1/../../../../arm-atollic-eabi/lib/armv7e-m/fpu\libstdc++_nano.a(eh_personality.o)
                              Application\User\main.o (__gxx_personality_v0)
c:/program files (x86)/atollic/truestudio for arm 7.0.0/armtools/bin/../lib/gcc/arm-atollic-eabi/5.3.1/../../../../arm-atollic-eabi/lib/armv7e-m/fpu\libstdc++_nano.a(new_op.o)
                              Application\User\main.o (operator new(unsigned int))
c:/program files (x86)/atollic/truestudio for arm 7.0.0/armtools/bin/../lib/gcc/arm-atollic-eabi/5.3.1/../../../../arm-atollic-eabi/lib/armv7e-m/fpu\libstdc++_nano.a(class_type_info.o)
                              Application\User\main.o (vtable for __cxxabiv1::__class_type_info)
c:/program files (x86)/atollic/truestudio for arm 7.0.0/armtools/bin/../lib/gcc/arm-atollic-eabi/5.3.1/../../../../arm-atollic-eabi/lib/armv7e-m/fpu\libstdc++_nano.a(eh_exception.o)
                              c:/program files (x86)/atollic/truestudio for arm 7.0.0/armtools/bin/../lib/gcc/arm-atollic-eabi/5.3.1/../../../../arm-atollic-eabi/lib/armv7e-m/fpu\libstdc++_nano.a(eh_arm.o) (typeinfo for __cxxabiv1::__forced_unwind)
c:/program files (x86)/atollic/truestudio for arm 7.0.0/armtools/bin/../lib/gcc/arm-atollic-eabi/5.3.1/../../../../arm-atollic-eabi/lib/armv7e-m/fpu\libstdc++_nano.a(eh_globals.o)
                              c:/program files (x86)/atollic/truestudio for arm 7.0.0/armtools/bin/../lib/gcc/arm-atollic-eabi/5.3.1/../../../../arm-atollic-eabi/lib/armv7e-m/fpu\libstdc++_nano.a(eh_arm.o) (__cxa_get_globals)
c:/program files (x86)/atollic/truestudio for arm 7.0.0/armtools/bin/../lib/gcc/arm-atollic-eabi/5.3.1/../../../../arm-atollic-eabi/lib/armv7e-m/fpu\libstdc++_nano.a(eh_terminate.o)
                              c:/program files (x86)/atollic/truestudio for arm 7.0.0/armtools/bin/../lib/gcc/arm-atollic-eabi/5.3.1/../../../../arm-atollic-eabi/lib/armv7e-m/fpu\libstdc++_nano.a(eh_arm.o) (std::terminate())
c:/program files (x86)/atollic/truestudio for arm 7.0.0/armtools/bin/../lib/gcc/arm-atollic-eabi/5.3.1/../../../../arm-atollic-eabi/lib/armv7e-m/fpu\libstdc++_nano.a(atexit_arm.o)
                              Application\User\main.o (__aeabi_atexit)
c:/program files (x86)/atollic/truestudio for arm 7.0.0/armtools/bin/../lib/gcc/arm-atollic-eabi/5.3.1/../../../../arm-atollic-eabi/lib/armv7e-m/fpu\libstdc++_nano.a(tinfo.o)
                              c:/program files (x86)/atollic/truestudio for arm 7.0.0/armtools/bin/../lib/gcc/arm-atollic-eabi/5.3.1/../../../../arm-atollic-eabi/lib/armv7e-m/fpu\libstdc++_nano.a(class_type_info.o) (std::type_info::~type_info())
c:/program files (x86)/atollic/truestudio for arm 7.0.0/armtools/bin/../lib/gcc/arm-atollic-eabi/5.3.1/../../../../arm-atollic-eabi/lib/armv7e-m/fpu\libstdc++_nano.a(si_class_type_info.o)
                              Application\User\main.o (vtable for __cxxabiv1::__si_class_type_info)
c:/program files (x86)/atollic/truestudio for arm 7.0.0/armtools/bin/../lib/gcc/arm-atollic-eabi/5.3.1/../../../../arm-atollic-eabi/lib/armv7e-m/fpu\libstdc++_nano.a(del_op.o)
                              Application\User\main.o (operator delete(void*))
c:/program files (x86)/atollic/truestudio for arm 7.0.0/armtools/bin/../lib/gcc/arm-atollic-eabi/5.3.1/../../../../arm-atollic-eabi/lib/armv7e-m/fpu\libstdc++_nano.a(new_handler.o)
                              c:/program files (x86)/atollic/truestudio for arm 7.0.0/armtools/bin/../lib/gcc/arm-atollic-eabi/5.3.1/../../../../arm-atollic-eabi/lib/armv7e-m/fpu\libstdc++_nano.a(new_op.o) (std::get_new_handler())
c:/program files (x86)/atollic/truestudio for arm 7.0.0/armtools/bin/../lib/gcc/arm-atollic-eabi/5.3.1/../../../../arm-atollic-eabi/lib/armv7e-m/fpu\libstdc++_nano.a(eh_term_handler.o)
                              c:/program files (x86)/atollic/truestudio for arm 7.0.0/armtools/bin/../lib/gcc/arm-atollic-eabi/5.3.1/../../../../arm-atollic-eabi/lib/armv7e-m/fpu\libstdc++_nano.a(eh_terminate.o) (__cxxabiv1::__terminate_handler)
[...]
Memory Configuration

Name             Origin             Length             Attributes
RAM              0x20000000         0x00008000         xrw
FLASH            0x08000000         0x00010000         xr
*default*        0x00000000         0xffffffff

Linker script and memory map

LOAD c:/program files (x86)/atollic/truestudio for arm 7.0.0/armtools/bin/../lib/gcc/arm-atollic-eabi/5.3.1/armv7e-m/fpu/crti.o
LOAD c:/program files (x86)/atollic/truestudio for arm 7.0.0/armtools/bin/../lib/gcc/arm-atollic-eabi/5.3.1/armv7e-m/fpu/crtbegin.o
LOAD Application\TrueSTUDIO\startup_stm32f410cx.o
LOAD Application\User\adc.o
LOAD Application\User\dma.o
LOAD Application\User\gpio.o
LOAD Application\User\i2c.o
LOAD Application\User\iwdg.o
LOAD Application\User\main.o
LOAD Application\User\spi.o
LOAD Application\User\stm32f4xx_hal_msp.o
LOAD Application\User\stm32f4xx_it.o
LOAD Application\User\usart.o
LOAD Application\imu\imu_mpu9250.o
LOAD Application\ros\duration.o
LOAD Application\ros\time.o
LOAD Drivers\CMSIS\system_stm32f4xx.o
LOAD Drivers\STM32F4xx_HAL_Driver\stm32f4xx_hal.o
LOAD Drivers\STM32F4xx_HAL_Driver\stm32f4xx_hal_adc.o
LOAD Drivers\STM32F4xx_HAL_Driver\stm32f4xx_hal_adc_ex.o
LOAD Drivers\STM32F4xx_HAL_Driver\stm32f4xx_hal_cortex.o
LOAD Drivers\STM32F4xx_HAL_Driver\stm32f4xx_hal_dma.o
LOAD Drivers\STM32F4xx_HAL_Driver\stm32f4xx_hal_dma_ex.o
LOAD Drivers\STM32F4xx_HAL_Driver\stm32f4xx_hal_flash.o
LOAD Drivers\STM32F4xx_HAL_Driver\stm32f4xx_hal_flash_ex.o
LOAD Drivers\STM32F4xx_HAL_Driver\stm32f4xx_hal_flash_ramfunc.o
LOAD Drivers\STM32F4xx_HAL_Driver\stm32f4xx_hal_gpio.o
LOAD Drivers\STM32F4xx_HAL_Driver\stm32f4xx_hal_i2c.o
LOAD Drivers\STM32F4xx_HAL_Driver\stm32f4xx_hal_i2c_ex.o
LOAD Drivers\STM32F4xx_HAL_Driver\stm32f4xx_hal_iwdg.o
LOAD Drivers\STM32F4xx_HAL_Driver\stm32f4xx_hal_pwr.o
LOAD Drivers\STM32F4xx_HAL_Driver\stm32f4xx_hal_pwr_ex.o
LOAD Drivers\STM32F4xx_HAL_Driver\stm32f4xx_hal_rcc.o
LOAD Drivers\STM32F4xx_HAL_Driver\stm32f4xx_hal_rcc_ex.o
LOAD Drivers\STM32F4xx_HAL_Driver\stm32f4xx_hal_spi.o
LOAD Drivers\STM32F4xx_HAL_Driver\stm32f4xx_hal_tim.o
LOAD Drivers\STM32F4xx_HAL_Driver\stm32f4xx_hal_tim_ex.o
LOAD Drivers\STM32F4xx_HAL_Driver\stm32f4xx_hal_uart.o
LOAD ../../../Jsk_Lib/lib\libjskmath.a
START GROUP
LOAD c:/program files (x86)/atollic/truestudio for arm 7.0.0/armtools/bin/../lib/gcc/arm-atollic-eabi/5.3.1/../../../../arm-atollic-eabi/lib/armv7e-m/fpu\libstdc++_nano.a
LOAD c:/program files (x86)/atollic/truestudio for arm 7.0.0/armtools/bin/../lib/gcc/arm-atollic-eabi/5.3.1/../../../../arm-atollic-eabi/lib/armv7e-m/fpu\libsupc++_nano.a
END GROUP
                0x00001000                malloc_getpagesize_P = 0x1000
LOAD c:/program files (x86)/atollic/truestudio for arm 7.0.0/armtools/bin/../lib/gcc/arm-atollic-eabi/5.3.1/../../../../arm-atollic-eabi/lib/armv7e-m/fpu\libstdc++_nano.a
LOAD c:/program files (x86)/atollic/truestudio for arm 7.0.0/armtools/bin/../lib/gcc/arm-atollic-eabi/5.3.1/../../../../arm-atollic-eabi/lib/armv7e-m/fpu\libm.a
LOAD c:/program files (x86)/atollic/truestudio for arm 7.0.0/armtools/bin/../lib/gcc/arm-atollic-eabi/5.3.1/../../../../arm-atollic-eabi/lib/armv7e-m/fpu\libc.a
START GROUP
LOAD c:/program files (x86)/atollic/truestudio for arm 7.0.0/armtools/bin/../lib/gcc/arm-atollic-eabi/5.3.1/armv7e-m/fpu\libgcc.a
LOAD c:/program files (x86)/atollic/truestudio for arm 7.0.0/armtools/bin/../lib/gcc/arm-atollic-eabi/5.3.1/../../../../arm-atollic-eabi/lib/armv7e-m/fpu\libc.a
END GROUP
START GROUP
LOAD c:/program files (x86)/atollic/truestudio for arm 7.0.0/armtools/bin/../lib/gcc/arm-atollic-eabi/5.3.1/armv7e-m/fpu\libgcc.a
LOAD c:/program files (x86)/atollic/truestudio for arm 7.0.0/armtools/bin/../lib/gcc/arm-atollic-eabi/5.3.1/../../../../arm-atollic-eabi/lib/armv7e-m/fpu\libc.a
LOAD c:/program files (x86)/atollic/truestudio for arm 7.0.0/armtools/bin/../lib/gcc/arm-atollic-eabi/5.3.1/../../../../arm-atollic-eabi/lib/armv7e-m/fpu\libnosys.a
END GROUP
START GROUP
LOAD c:/program files (x86)/atollic/truestudio for arm 7.0.0/armtools/bin/../lib/gcc/arm-atollic-eabi/5.3.1/armv7e-m/fpu\libgcc.a
LOAD c:/program files (x86)/atollic/truestudio for arm 7.0.0/armtools/bin/../lib/gcc/arm-atollic-eabi/5.3.1/../../../../arm-atollic-eabi/lib/armv7e-m/fpu\libc.a
LOAD c:/program files (x86)/atollic/truestudio for arm 7.0.0/armtools/bin/../lib/gcc/arm-atollic-eabi/5.3.1/../../../../arm-atollic-eabi/lib/armv7e-m/fpu\libnosys.a
END GROUP
LOAD c:/program files (x86)/atollic/truestudio for arm 7.0.0/armtools/bin/../lib/gcc/arm-atollic-eabi/5.3.1/armv7e-m/fpu/crtend.o
LOAD c:/program files (x86)/atollic/truestudio for arm 7.0.0/armtools/bin/../lib/gcc/arm-atollic-eabi/5.3.1/armv7e-m/fpu/crtn.o
                0x20008000                _estack = 0x20008000
                0x00000200                _Min_Heap_Size = 0x200
                0x00000400                _Min_Stack_Size = 0x400

.isr_vector     0x08000000      0x1c8
                0x08000000                . = ALIGN (0x4)
 *(.isr_vector)
 .isr_vector    0x08000000      0x1c8 Application\TrueSTUDIO\startup_stm32f410cx.o
                0x08000000                g_pfnVectors
                0x080001c8                . = ALIGN (0x4)

.text           0x080001c8     0x8804
                0x080001c8                . = ALIGN (0x4)
 *(.text)
 .text          0x080001c8       0x40 c:/program files (x86)/atollic/truestudio for arm 7.0.0/armtools/bin/../lib/gcc/arm-atollic-eabi/5.3.1/armv7e-m/fpu/crtbegin.o
 .text          0x08000208       0x14 c:/program files (x86)/atollic/truestudio for arm 7.0.0/armtools/bin/../lib/gcc/arm-atollic-eabi/5.3.1/../../../../arm-atollic-eabi/lib/armv7e-m/fpu\libc.a(lib_a-strcmp.o)
                0x08000208                strcmp
 .text          0x0800021c       0x10 c:/program files (x86)/atollic/truestudio for arm 7.0.0/armtools/bin/../lib/gcc/arm-atollic-eabi/5.3.1/../../../../arm-atollic-eabi/lib/armv7e-m/fpu\libc.a(lib_a-strlen.o)
                0x0800021c                strlen
 .text          0x0800022c       0x30 c:/program files (x86)/atollic/truestudio for arm 7.0.0/armtools/bin/../lib/gcc/arm-atollic-eabi/5.3.1/armv7e-m/fpu\libgcc.a(_aeabi_uldivmod.o)
                0x0800022c                __aeabi_uldivmod
 .text          0x0800025c      0x2e4 c:/program files (x86)/atollic/truestudio for arm 7.0.0/armtools/bin/../lib/gcc/arm-atollic-eabi/5.3.1/armv7e-m/fpu\libgcc.a(_udivmoddi4.o)
                0x0800025c                __udivmoddi4
 .text          0x08000540      0x9dc c:/program files (x86)/atollic/truestudio for arm 7.0.0/armtools/bin/../lib/gcc/arm-atollic-eabi/5.3.1/armv7e-m/fpu\libgcc.a(unwind-arm.o)
                0x080007fc                _Unwind_GetCFA
                0x08000800                __gnu_Unwind_RaiseException
                0x08000860                __gnu_Unwind_ForcedUnwind
                0x08000874                __gnu_Unwind_Resume
                0x080008b8                __gnu_Unwind_Resume_or_Rethrow
                0x080008c8                _Unwind_Complete
                0x080008cc                _Unwind_DeleteException
                0x080008d8                _Unwind_VRS_Get
                0x08000924                _Unwind_VRS_Set
                0x08000974                __gnu_Unwind_Backtrace
                0x08000cc0                __aeabi_unwind_cpp_pr0
                0x08000cc4                __aeabi_unwind_cpp_pr1
                0x08000cc8                __aeabi_unwind_cpp_pr2
                0x08000ccc                _Unwind_VRS_Pop
 .text          0x08000f1c      0x1ac c:/program files (x86)/atollic/truestudio for arm 7.0.0/armtools/bin/../lib/gcc/arm-atollic-eabi/5.3.1/armv7e-m/fpu\libgcc.a(libunwind.o)
                0x08000f1c                __restore_core_regs
                0x08000f1c                restore_core_regs
                0x08000f34                __gnu_Unwind_Restore_VFP
                0x08000f3c                __gnu_Unwind_Save_VFP
                0x08000f44                __gnu_Unwind_Restore_VFP_D
                0x08000f4c                __gnu_Unwind_Save_VFP_D
                0x08000f54                __gnu_Unwind_Restore_VFP_D_16_to_31
                0x08000f5c                __gnu_Unwind_Save_VFP_D_16_to_31
                0x08000f64                __gnu_Unwind_Restore_WMMXD
                0x08000fa8                __gnu_Unwind_Save_WMMXD
                0x08000fec                __gnu_Unwind_Restore_WMMXC
                0x08001000                __gnu_Unwind_Save_WMMXC
                0x08001014                ___Unwind_RaiseException
                0x08001014                _Unwind_RaiseException
                0x08001038                _Unwind_Resume
                0x08001038                ___Unwind_Resume
                0x0800105c                _Unwind_Resume_or_Rethrow
                0x0800105c                ___Unwind_Resume_or_Rethrow
                0x08001080                _Unwind_ForcedUnwind
                0x08001080                ___Unwind_ForcedUnwind
                0x080010a4                ___Unwind_Backtrace
                0x080010a4                _Unwind_Backtrace
 .text          0x080010c8      0x354 c:/program files (x86)/atollic/truestudio for arm 7.0.0/armtools/bin/../lib/gcc/arm-atollic-eabi/5.3.1/armv7e-m/fpu\libgcc.a(pr-support.o)
                0x08001120                __gnu_unwind_execute
                0x080013c4                __gnu_unwind_frame
                0x080013ec                _Unwind_GetRegionStart
                0x080013f8                _Unwind_GetLanguageSpecificData
                0x0800140c                _Unwind_GetTextRelBase
                0x08001414                _Unwind_GetDataRelBase
 .text          0x0800141c        0x4 c:/program files (x86)/atollic/truestudio for arm 7.0.0/armtools/bin/../lib/gcc/arm-atollic-eabi/5.3.1/armv7e-m/fpu\libgcc.a(_dvmd_tls.o)
                0x0800141c                __aeabi_idiv0
                0x0800141c                __aeabi_ldiv0
 *(.text*)
 .text.Reset_Handler
                0x08001420       0x50 Application\TrueSTUDIO\startup_stm32f410cx.o
                0x08001420                Reset_Handler
 .text.Default_Handler
                0x08001470        0x2 Application\TrueSTUDIO\startup_stm32f410cx.o
                0x08001470                RTC_Alarm_IRQHandler
                0x08001470                EXTI2_IRQHandler
                0x08001470                FMPI2C1_EV_IRQHandler
                0x08001470                TIM1_CC_IRQHandler
                0x08001470                DMA2_Stream5_IRQHandler
                0x08001470                DMA1_Stream5_IRQHandler
                0x08001470                PVD_IRQHandler
                0x08001470                TAMP_STAMP_IRQHandler
                0x08001470                EXTI3_IRQHandler
                0x08001470                EXTI0_IRQHandler
                0x08001470                I2C2_EV_IRQHandler
                0x08001470                DMA1_Stream2_IRQHandler
                0x08001470                FPU_IRQHandler
                0x08001470                TIM6_DAC_IRQHandler
                0x08001470                TIM1_BRK_TIM9_IRQHandler
                0x08001470                DMA2_Stream3_IRQHandler
                0x08001470                USART6_IRQHandler
                0x08001470                DMA2_Stream0_IRQHandler
                0x08001470                I2C1_EV_IRQHandler
                0x08001470                DMA1_Stream6_IRQHandler
                0x08001470                DMA1_Stream1_IRQHandler
                0x08001470                RCC_IRQHandler
                0x08001470                Default_Handler
                0x08001470                EXTI15_10_IRQHandler
                0x08001470                ADC_IRQHandler
                0x08001470                DMA1_Stream7_IRQHandler
                0x08001470                SPI5_IRQHandler
                0x08001470                TIM5_IRQHandler
                0x08001470                EXTI9_5_IRQHandler
                0x08001470                RTC_WKUP_IRQHandler
                0x08001470                SPI2_IRQHandler
                0x08001470                DMA1_Stream0_IRQHandler
                0x08001470                FMPI2C1_ER_IRQHandler
                0x08001470                EXTI4_IRQHandler
                0x08001470                RNG_IRQHandler
                0x08001470                TIM1_UP_IRQHandler
                0x08001470                WWDG_IRQHandler
                0x08001470                TIM1_TRG_COM_TIM11_IRQHandler
                0x08001470                EXTI1_IRQHandler
                0x08001470                USART2_IRQHandler
                0x08001470                I2C2_ER_IRQHandler
                0x08001470                DMA2_Stream1_IRQHandler
                0x08001470                FLASH_IRQHandler
                0x08001470                DMA2_Stream4_IRQHandler
                0x08001470                DMA1_Stream4_IRQHandler
                0x08001470                I2C1_ER_IRQHandler
                0x08001470                LPTIM1_IRQHandler
                0x08001470                DMA2_Stream6_IRQHandler
                0x08001470                DMA1_Stream3_IRQHandler
 *fill*         0x08001472        0x2 
 .text.MX_ADC1_Init
                0x08001474       0x68 Application\User\adc.o
                0x08001474                MX_ADC1_Init
 .text.HAL_ADC_MspInit
                0x080014dc       0x44 Application\User\adc.o
                0x080014dc                HAL_ADC_MspInit
 .text.MX_DMA_Init
                0x08001520       0x44 Application\User\dma.o
                0x08001520                MX_DMA_Init
 .text.MX_GPIO_Init
                0x08001564       0xb0 Application\User\gpio.o
                0x08001564                MX_GPIO_Init
 .text._ZNK8std_msgs4Time9serializeEPh
                0x08001614       0x28 Application\User\main.o
                0x08001614                std_msgs::Time::serialize(unsigned char*) const
 .text._ZN8std_msgs4Time11deserializeEPh
                0x0800163c       0x3c Application\User\main.o
                0x0800163c                std_msgs::Time::deserialize(unsigned char*)
 .text._ZN8std_msgs4Time7getTypeEv
                0x08001678        0x8 Application\User\main.o
                0x08001678                std_msgs::Time::getType()
 .text._ZN8std_msgs4Time6getMD5Ev
                0x08001680        0x8 Application\User\main.o
                0x08001680                std_msgs::Time::getMD5()
 .text._ZN14rosserial_msgs9TopicInfo7getTypeEv
                0x08001688        0x8 Application\User\main.o
                0x08001688                rosserial_msgs::TopicInfo::getType()
 .text._ZN14rosserial_msgs9TopicInfo6getMD5Ev
                0x08001690        0x8 Application\User\main.o
                0x08001690                rosserial_msgs::TopicInfo::getMD5()
 .text._ZN14rosserial_msgs3Log7getTypeEv
                0x08001698        0x8 Application\User\main.o
                0x08001698                rosserial_msgs::Log::getType()
 .text._ZN14rosserial_msgs3Log6getMD5Ev
                0x080016a0        0x8 Application\User\main.o
                0x080016a0                rosserial_msgs::Log::getMD5()
 .text._ZN14rosserial_msgs20RequestParamResponse7getTypeEv
                0x080016a8        0x8 Application\User\main.o
                0x080016a8                rosserial_msgs::RequestParamResponse::getType()
 .text._ZN14rosserial_msgs20RequestParamResponse6getMD5Ev
                0x080016b0        0x8 Application\User\main.o
                0x080016b0                rosserial_msgs::RequestParamResponse::getMD5()
 .text._ZNK8std_msgs4Int89serializeEPh
                0x080016b8        0x8 Application\User\main.o
                0x080016b8                std_msgs::Int8::serialize(unsigned char*) const
 .text._ZN8std_msgs4Int811deserializeEPh
                0x080016c0        0x8 Application\User\main.o
                0x080016c0                std_msgs::Int8::deserialize(unsigned char*)
 .text._ZN8std_msgs4Int87getTypeEv
                0x080016c8        0x8 Application\User\main.o
                0x080016c8                std_msgs::Int8::getType()
 .text._ZN8std_msgs4Int86getMD5Ev
                0x080016d0        0x8 Application\User\main.o
                0x080016d0                std_msgs::Int8::getMD5()
 .text._ZNK13geometry_msgs7Vector39serializeEPh
                0x080016d8       0x66 Application\User\main.o
                0x080016d8                geometry_msgs::Vector3::serialize(unsigned char*) const
 .text._ZN13geometry_msgs7Vector311deserializeEPh
                0x0800173e       0x1c Application\User\main.o
                0x0800173e                geometry_msgs::Vector3::deserialize(unsigned char*)
 *fill*         0x0800175a        0x2 
 .text._ZN13geometry_msgs7Vector37getTypeEv
                0x0800175c        0x8 Application\User\main.o
                0x0800175c                geometry_msgs::Vector3::getType()
 .text._ZN13geometry_msgs7Vector36getMD5Ev
                0x08001764        0x8 Application\User\main.o
                0x08001764                geometry_msgs::Vector3::getMD5()
 .text._ZNK13geometry_msgs5Twist9serializeEPh
                0x0800176c       0x1c Application\User\main.o
                0x0800176c                geometry_msgs::Twist::serialize(unsigned char*) const
 .text._ZN13geometry_msgs5Twist11deserializeEPh
                0x08001788       0x1c Application\User\main.o
                0x08001788                geometry_msgs::Twist::deserialize(unsigned char*)
 .text._ZN13geometry_msgs5Twist7getTypeEv
                0x080017a4        0x8 Application\User\main.o
                0x080017a4                geometry_msgs::Twist::getType()
 .text._ZN13geometry_msgs5Twist6getMD5Ev
                0x080017ac        0x8 Application\User\main.o
                0x080017ac                geometry_msgs::Twist::getMD5()
 .text._ZNK17aerial_robot_msgs3Imu9serializeEPh
                0x080017b4       0xb2 Application\User\main.o
                0x080017b4                aerial_robot_msgs::Imu::serialize(unsigned char*) const
 .text._ZN17aerial_robot_msgs3Imu11deserializeEPh
                0x08001866       0xe6 Application\User\main.o
                0x08001866                aerial_robot_msgs::Imu::deserialize(unsigned char*)
 .text._ZN17aerial_robot_msgs3Imu7getTypeEv
                0x0800194c        0x8 Application\User\main.o
                0x0800194c                aerial_robot_msgs::Imu::getType()
 .text._ZN17aerial_robot_msgs3Imu6getMD5Ev
                0x08001954        0x8 Application\User\main.o
                0x08001954                aerial_robot_msgs::Imu::getMD5()
 .text._ZNK17aerial_robot_base11DesireCoord9serializeEPh
                0x0800195c       0x38 Application\User\main.o
                0x0800195c                aerial_robot_base::DesireCoord::serialize(unsigned char*) const
 .text._ZN17aerial_robot_base11DesireCoord11deserializeEPh
                0x08001994       0x14 Application\User\main.o
                0x08001994                aerial_robot_base::DesireCoord::deserialize(unsigned char*)
 .text._ZN17aerial_robot_base11DesireCoord7getTypeEv
                0x080019a8        0x8 Application\User\main.o
                0x080019a8                aerial_robot_base::DesireCoord::getType()
 .text._ZN17aerial_robot_base11DesireCoord6getMD5Ev
                0x080019b0        0x8 Application\User\main.o
                0x080019b0                aerial_robot_base::DesireCoord::getMD5()
 .text._ZNK17aerial_robot_msgs9Barometer9serializeEPh
                0x080019b8       0x58 Application\User\main.o
                0x080019b8                aerial_robot_msgs::Barometer::serialize(unsigned char*) const
 .text._ZN17aerial_robot_msgs9Barometer11deserializeEPh
                0x08001a10       0x48 Application\User\main.o
                0x08001a10                aerial_robot_msgs::Barometer::deserialize(unsigned char*)
 .text._ZN17aerial_robot_msgs9Barometer7getTypeEv
                0x08001a58        0x8 Application\User\main.o
                0x08001a58                aerial_robot_msgs::Barometer::getType()
 .text._ZN17aerial_robot_msgs9Barometer6getMD5Ev
                0x08001a60        0x8 Application\User\main.o
                0x08001a60                aerial_robot_msgs::Barometer::getMD5()
 .text._ZNK17aerial_robot_msgs3Gps9serializeEPh
                0x08001a68       0x6c Application\User\main.o
                0x08001a68                aerial_robot_msgs::Gps::serialize(unsigned char*) const
 .text._ZN17aerial_robot_msgs3Gps11deserializeEPh
                0x08001ad4       0x74 Application\User\main.o
                0x08001ad4                aerial_robot_msgs::Gps::deserialize(unsigned char*)
 .text._ZN17aerial_robot_msgs3Gps7getTypeEv
                0x08001b48        0x8 Application\User\main.o
                0x08001b48                aerial_robot_msgs::Gps::getType()
 .text._ZN17aerial_robot_msgs3Gps6getMD5Ev
                0x08001b50        0x8 Application\User\main.o
                0x08001b50                aerial_robot_msgs::Gps::getMD5()
 .text._ZN13StateEstimateD2Ev
                0x08001b58        0x2 Application\User\main.o
                0x08001b58                StateEstimate::~StateEstimate()
                0x08001b58                StateEstimate::~StateEstimate()
 .text._ZN3ros11NodeHandle_I13STMF4HardwareLi20ELi20ELi255ELi255EE9connectedEv
                0x08001b5a        0x6 Application\User\main.o
                0x08001b5a                ros::NodeHandle_<STMF4Hardware, 20, 20, 255, 255>::connected()
 .text._ZN8TxBufferI18UART_HandleTypeDefLi50ELi250EE12TransmitCpltEP19__DMA_HandleTypeDef
                0x08001b60      0x164 Application\User\main.o
                0x08001b60                TxBuffer<UART_HandleTypeDef, 50, 250>::TransmitCplt(__DMA_HandleTypeDef*)
 .text._ZN8RxBufferI18UART_HandleTypeDefLi400ELi8EE11ReceiveCpltEP19__DMA_HandleTypeDef
                0x08001cc4       0x5c Application\User\main.o
                0x08001cc4                RxBuffer<UART_HandleTypeDef, 400, 8>::ReceiveCplt(__DMA_HandleTypeDef*)
 .text._ZN3ros11Subscriber2IN17aerial_robot_base11DesireCoordE16AttitudeEstimateE15getEndpointTypeEv
                0x08001d20        0x4 Application\User\main.o
                0x08001d20                ros::Subscriber2<aerial_robot_base::DesireCoord, AttitudeEstimate>::getEndpointType()
 .text._ZN3ros11Subscriber2IN17aerial_robot_base11DesireCoordE16AttitudeEstimateE10getMsgTypeEv
                0x08001d24        0x8 Application\User\main.o
                0x08001d24                ros::Subscriber2<aerial_robot_base::DesireCoord, AttitudeEstimate>::getMsgType()
 .text._ZN3ros11Subscriber2IN17aerial_robot_base11DesireCoordE16AttitudeEstimateE9getMsgMD5Ev
                0x08001d2c        0x8 Application\User\main.o
                0x08001d2c                ros::Subscriber2<aerial_robot_base::DesireCoord, AttitudeEstimate>::getMsgMD5()
 .text._ZN3ros11Subscriber2IN17aerial_robot_base11DesireCoordE16AttitudeEstimateE8callbackEPh
                0x08001d34       0x2e Application\User\main.o
                0x08001d34                ros::Subscriber2<aerial_robot_base::DesireCoord, AttitudeEstimate>::callback(unsigned char*)
 .text._ZNK14rosserial_msgs20RequestParamResponse9serializeEPh
                0x08001d62       0xde Application\User\main.o
                0x08001d62                rosserial_msgs::RequestParamResponse::serialize(unsigned char*) const
 .text._ZNK14rosserial_msgs3Log9serializeEPh
                0x08001e40       0x2e Application\User\main.o
                0x08001e40                rosserial_msgs::Log::serialize(unsigned char*) const
 .text._ZNK14rosserial_msgs9TopicInfo9serializeEPh
                0x08001e6e       0x90 Application\User\main.o
                0x08001e6e                rosserial_msgs::TopicInfo::serialize(unsigned char*) const
 .text._ZN14rosserial_msgs3Log11deserializeEPh
                0x08001efe       0x34 Application\User\main.o
                0x08001efe                rosserial_msgs::Log::deserialize(unsigned char*)
 .text._ZN14rosserial_msgs9TopicInfo11deserializeEPh
                0x08001f32       0xac Application\User\main.o
                0x08001f32                rosserial_msgs::TopicInfo::deserialize(unsigned char*)
 .text._ZN14rosserial_msgs20RequestParamResponse11deserializeEPh
                0x08001fde      0x10c Application\User\main.o
                0x08001fde                rosserial_msgs::RequestParamResponse::deserialize(unsigned char*)
 *fill*         0x080020ea        0x2 
 .text._ZN17ComplementaryAHRS10estimationEv
                0x080020ec      0x278 Application\User\main.o
                0x080020ec                ComplementaryAHRS::estimation()
 .text._ZN16AttitudeEstimate19desireCoordCallbackERKN17aerial_robot_base11DesireCoordE
                0x08002364       0x20 Application\User\main.o
                0x08002364                AttitudeEstimate::desireCoordCallback(aerial_robot_base::DesireCoord const&)
 .text._ZN3IMUD2Ev
                0x08002384       0x18 Application\User\main.o
                0x08002384                IMU::~IMU()
                0x08002384                IMU::~IMU()
 .text._ZN3ros9Publisher7publishEPKNS_3MsgE
                0x0800239c       0x16 Application\User\main.o
                0x0800239c                ros::Publisher::publish(ros::Msg const*)
 *fill*         0x080023b2        0x2 
 .text._ZN13StateEstimateC2Ev
                0x080023b4       0x68 Application\User\main.o
                0x080023b4                StateEstimate::StateEstimate()
                0x080023b4                StateEstimate::StateEstimate()
 .text._Z18SystemClock_Configv
                0x0800241c       0xa8 Application\User\main.o
                0x0800241c                SystemClock_Config()
 .text._Error_Handler
                0x080024c4        0x2 Application\User\main.o
                0x080024c4                _Error_Handler
 *fill*         0x080024c6        0x2 
 .text._ZN10UartDriverI18UART_HandleTypeDefLi50ELi250ELi400ELi8EEC2EPS0_
                0x080024c8       0xdc Application\User\main.o
                0x080024c8                UartDriver<UART_HandleTypeDef, 50, 250, 400, 8>::UartDriver(UART_HandleTypeDef*)
                0x080024c8                UartDriver<UART_HandleTypeDef, 50, 250, 400, 8>::UartDriver(UART_HandleTypeDef*)
 .text._ZN3ros11NodeHandle_I13STMF4HardwareLi20ELi20ELi255ELi255EE9advertiseERNS_9PublisherE
                0x080025a4       0x2a Application\User\main.o
                0x080025a4                ros::NodeHandle_<STMF4Hardware, 20, 20, 255, 255>::advertise(ros::Publisher&)
 *fill*         0x080025ce        0x2 
 .text._ZN16AttitudeEstimate4initEP3IMUPN3ros11NodeHandle_I13STMF4HardwareLi20ELi20ELi255ELi255EEE
                0x080025d0      0x12c Application\User\main.o
                0x080025d0                AttitudeEstimate::init(IMU*, ros::NodeHandle_<STMF4Hardware, 20, 20, 255, 255>*)
 .text.startup.main
                0x080026fc      0x154 Application\User\main.o
                0x080026fc                main
 .text._ZN3ros11NodeHandle_I13STMF4HardwareLi20ELi20ELi255ELi255EE3nowEv
                0x08002850       0x38 Application\User\main.o
                0x08002850                ros::NodeHandle_<STMF4Hardware, 20, 20, 255, 255>::now()
 .text._ZN16AttitudeEstimate7publishEv
                0x08002888       0xca Application\User\main.o
                0x08002888                AttitudeEstimate::publish()
 .text._ZN13StateEstimate6updateEv
                0x08002952      0x1be Application\User\main.o
                0x08002952                StateEstimate::update()
 .text._ZN8TxBufferI18UART_HandleTypeDefLi50ELi250EE5writeEPhh
                0x08002b10      0x174 Application\User\main.o
                0x08002b10                TxBuffer<UART_HandleTypeDef, 50, 250>::write(unsigned char*, unsigned char)
 .text._ZN3ros11NodeHandle_I13STMF4HardwareLi20ELi20ELi255ELi255EE7publishEiPKNS_3MsgE
                0x08002c84       0xb8 Application\User\main.o
                0x08002c84                ros::NodeHandle_<STMF4Hardware, 20, 20, 255, 255>::publish(int, ros::Msg const*)
 .text._ZN3ros11NodeHandle_I13STMF4HardwareLi20ELi20ELi255ELi255EE15requestSyncTimeEv
                0x08002d3c       0x28 Application\User\main.o
                0x08002d3c                ros::NodeHandle_<STMF4Hardware, 20, 20, 255, 255>::requestSyncTime()
 .text._ZN3ros11NodeHandle_I13STMF4HardwareLi20ELi20ELi255ELi255EE15negotiateTopicsEv
                0x08002d64       0xb8 Application\User\main.o
                0x08002d64                ros::NodeHandle_<STMF4Hardware, 20, 20, 255, 255>::negotiateTopics()
 .text._ZN3ros11NodeHandle_I13STMF4HardwareLi20ELi20ELi255ELi255EE8syncTimeEPh
                0x08002e1c       0x80 Application\User\main.o
                0x08002e1c                ros::NodeHandle_<STMF4Hardware, 20, 20, 255, 255>::syncTime(unsigned char*)
 .text._ZN3ros11NodeHandle_I13STMF4HardwareLi20ELi20ELi255ELi255EE8spinOnceEv
                0x08002e9c      0x22c Application\User\main.o
                0x08002e9c                ros::NodeHandle_<STMF4Hardware, 20, 20, 255, 255>::spinOnce()
 .text.HAL_SYSTICK_Callback
                0x080030c8       0x5c Application\User\main.o
                0x080030c8                HAL_SYSTICK_Callback
 .text.startup._GLOBAL__sub_I_nh_
                0x08003124      0x1b0 Application\User\main.o
 .text.MX_SPI1_Init
                0x080032d4       0x4c Application\User\spi.o
                0x080032d4                MX_SPI1_Init
 .text.HAL_SPI_MspInit
                0x08003320       0x5c Application\User\spi.o
                0x08003320                HAL_SPI_MspInit
 .text.HAL_MspInit
                0x0800337c       0x60 Application\User\stm32f4xx_hal_msp.o
                0x0800337c                HAL_MspInit
 .text.NMI_Handler
                0x080033dc        0x2 Application\User\stm32f4xx_it.o
                0x080033dc                NMI_Handler
 .text.HardFault_Handler
                0x080033de        0x2 Application\User\stm32f4xx_it.o
                0x080033de                HardFault_Handler
 .text.MemManage_Handler
                0x080033e0        0x2 Application\User\stm32f4xx_it.o
                0x080033e0                MemManage_Handler
 .text.BusFault_Handler
                0x080033e2        0x2 Application\User\stm32f4xx_it.o
                0x080033e2                BusFault_Handler
 .text.UsageFault_Handler
                0x080033e4        0x2 Application\User\stm32f4xx_it.o
                0x080033e4                UsageFault_Handler
 .text.SVC_Handler
                0x080033e6        0x2 Application\User\stm32f4xx_it.o
                0x080033e6                SVC_Handler
 .text.DebugMon_Handler
                0x080033e8        0x2 Application\User\stm32f4xx_it.o
                0x080033e8                DebugMon_Handler
 .text.PendSV_Handler
                0x080033ea        0x2 Application\User\stm32f4xx_it.o
                0x080033ea                PendSV_Handler
 .text.SysTick_Handler
                0x080033ec        0xe Application\User\stm32f4xx_it.o
                0x080033ec                SysTick_Handler
 *fill*         0x080033fa        0x2 
 .text.SPI1_IRQHandler
                0x080033fc        0xc Application\User\stm32f4xx_it.o
                0x080033fc                SPI1_IRQHandler
 .text.USART1_IRQHandler
                0x08003408        0xc Application\User\stm32f4xx_it.o
                0x08003408                USART1_IRQHandler
 .text.DMA2_Stream2_IRQHandler
                0x08003414        0xc Application\User\stm32f4xx_it.o
                0x08003414                DMA2_Stream2_IRQHandler
 .text.DMA2_Stream7_IRQHandler
                0x08003420        0xc Application\User\stm32f4xx_it.o
                0x08003420                DMA2_Stream7_IRQHandler
 .text.MX_USART1_UART_Init
                0x0800342c       0x40 Application\User\usart.o
                0x0800342c                MX_USART1_UART_Init
 .text.HAL_UART_MspInit
                0x0800346c       0xfc Application\User\usart.o
                0x0800346c                HAL_UART_MspInit
 .text._ZNK8std_msgs5UInt89serializeEPh
                0x08003568        0x8 Application\imu\imu_mpu9250.o
                0x08003568                std_msgs::UInt8::serialize(unsigned char*) const
 .text._ZN8std_msgs5UInt811deserializeEPh
                0x08003570        0x8 Application\imu\imu_mpu9250.o
                0x08003570                std_msgs::UInt8::deserialize(unsigned char*)
 .text._ZN8std_msgs5UInt87getTypeEv
                0x08003578        0x8 Application\imu\imu_mpu9250.o
                0x08003578                std_msgs::UInt8::getType()
 .text._ZN8std_msgs5UInt86getMD5Ev
                0x08003580        0x8 Application\imu\imu_mpu9250.o
                0x08003580                std_msgs::UInt8::getMD5()
 .text._ZN3ros11Subscriber2IN8std_msgs5UInt8E3IMUE15getEndpointTypeEv
                0x08003588        0x4 Application\imu\imu_mpu9250.o
                0x08003588                ros::Subscriber2<std_msgs::UInt8, IMU>::getEndpointType()
 .text._ZN3ros11Subscriber2IN8std_msgs5UInt8E3IMUE10getMsgTypeEv
                0x0800358c        0x8 Application\imu\imu_mpu9250.o
                0x0800358c                ros::Subscriber2<std_msgs::UInt8, IMU>::getMsgType()
 .text._ZN3ros11Subscriber2IN8std_msgs5UInt8E3IMUE9getMsgMD5Ev
                0x08003594        0x8 Application\imu\imu_mpu9250.o
                0x08003594                ros::Subscriber2<std_msgs::UInt8, IMU>::getMsgMD5()
 .text._ZN3ros11Subscriber2IN8std_msgs5UInt8E3IMUE8callbackEPh
                0x0800359c       0x26 Application\imu\imu_mpu9250.o
                0x0800359c                ros::Subscriber2<std_msgs::UInt8, IMU>::callback(unsigned char*)
 *fill*         0x080035c2        0x2 
 .text._ZN3IMU17imuConfigCallbackERKN8std_msgs5UInt8E
                0x080035c4       0x44 Application\imu\imu_mpu9250.o
                0x080035c4                IMU::imuConfigCallback(std_msgs::UInt8 const&)
 .text._ZN3IMU13getCalibratedEv
                0x08003608       0x20 Application\imu\imu_mpu9250.o
                0x08003608                IMU::getCalibrated()
 .text._ZN3IMU13readCalibDataEv
                0x08003628       0x68 Application\imu\imu_mpu9250.o
                0x08003628                IMU::readCalibData()
 .text._ZN3IMU14writeCalibDataEv
                0x08003690       0x60 Application\imu\imu_mpu9250.o
                0x08003690                IMU::writeCalibData()
 .text._ZN3IMU8mpuWriteEhh
                0x080036f0       0x4c Application\imu\imu_mpu9250.o
                0x080036f0                IMU::mpuWrite(unsigned char, unsigned char)
 .text._ZN3IMU8gyroInitEv
                0x0800373c       0x68 Application\imu\imu_mpu9250.o
                0x0800373c                IMU::gyroInit()
 .text._ZN3IMU7accInitEv
                0x080037a4       0x38 Application\imu\imu_mpu9250.o
                0x080037a4                IMU::accInit()
 .text._ZN3IMU7magInitEv
                0x080037dc       0xe2 Application\imu\imu_mpu9250.o
                0x080037dc                IMU::magInit()
 *fill*         0x080038be        0x2 
 .text._ZN3IMU4initEP19__SPI_HandleTypeDefPN3ros11NodeHandle_I13STMF4HardwareLi20ELi20ELi255ELi255EEE
                0x080038c0       0xc8 Application\imu\imu_mpu9250.o
                0x080038c0                IMU::init(__SPI_HandleTypeDef*, ros::NodeHandle_<STMF4Hardware, 20, 20, 255, 255>*)
 .text._ZN3IMU4readEv
                0x08003988      0x280 Application\imu\imu_mpu9250.o
                0x08003988                IMU::read()
 .text._ZN3IMU7processEv
                0x08003c08      0x318 Application\imu\imu_mpu9250.o
                0x08003c08                IMU::process()
 .text._ZN3IMU6updateEt
                0x08003f20       0x34 Application\imu\imu_mpu9250.o
                0x08003f20                IMU::update(unsigned short)
 .text._ZN3ros16normalizeSecNSecERmS0_
                0x08003f54       0x1c Application\ros\time.o
                0x08003f54                ros::normalizeSecNSec(unsigned long&, unsigned long&)
 .text.SystemInit
                0x08003f70       0x4c Drivers\CMSIS\system_stm32f4xx.o
                0x08003f70                SystemInit
 .text.HAL_InitTick
                0x08003fbc       0x28 Drivers\STM32F4xx_HAL_Driver\stm32f4xx_hal.o
                0x08003fbc                HAL_InitTick
 .text.HAL_Init
                0x08003fe4       0x34 Drivers\STM32F4xx_HAL_Driver\stm32f4xx_hal.o
                0x08003fe4                HAL_Init
 .text.HAL_IncTick
                0x08004018       0x10 Drivers\STM32F4xx_HAL_Driver\stm32f4xx_hal.o
                0x08004018                HAL_IncTick
 .text.HAL_GetTick
                0x08004028        0xc Drivers\STM32F4xx_HAL_Driver\stm32f4xx_hal.o
                0x08004028                HAL_GetTick
 .text.HAL_Delay
                0x08004034       0x20 Drivers\STM32F4xx_HAL_Driver\stm32f4xx_hal.o
                0x08004034                HAL_Delay
 .text.HAL_ADC_Init
                0x08004054      0x148 Drivers\STM32F4xx_HAL_Driver\stm32f4xx_hal_adc.o
                0x08004054                HAL_ADC_Init
 .text.HAL_ADC_ConfigChannel
                0x0800419c      0x12c Drivers\STM32F4xx_HAL_Driver\stm32f4xx_hal_adc.o
                0x0800419c                HAL_ADC_ConfigChannel
 .text.HAL_NVIC_SetPriorityGrouping
                0x080042c8       0x24 Drivers\STM32F4xx_HAL_Driver\stm32f4xx_hal_cortex.o
                0x080042c8                HAL_NVIC_SetPriorityGrouping
 .text.HAL_NVIC_SetPriority
                0x080042ec       0x68 Drivers\STM32F4xx_HAL_Driver\stm32f4xx_hal_cortex.o
                0x080042ec                HAL_NVIC_SetPriority
 .text.HAL_NVIC_EnableIRQ
                0x08004354       0x18 Drivers\STM32F4xx_HAL_Driver\stm32f4xx_hal_cortex.o
                0x08004354                HAL_NVIC_EnableIRQ
 .text.HAL_SYSTICK_Config
                0x0800436c       0x2c Drivers\STM32F4xx_HAL_Driver\stm32f4xx_hal_cortex.o
                0x0800436c                HAL_SYSTICK_Config
 .text.HAL_SYSTICK_CLKSourceConfig
                0x08004398       0x18 Drivers\STM32F4xx_HAL_Driver\stm32f4xx_hal_cortex.o
                0x08004398                HAL_SYSTICK_CLKSourceConfig
 .text.HAL_SYSTICK_IRQHandler
                0x080043b0        0x8 Drivers\STM32F4xx_HAL_Driver\stm32f4xx_hal_cortex.o
                0x080043b0                HAL_SYSTICK_IRQHandler
 .text._ZL23DMA_CalcBaseAndBitshiftP19__DMA_HandleTypeDef
                0x080043b8       0x2c Drivers\STM32F4xx_HAL_Driver\stm32f4xx_hal_dma.o
 .text.HAL_DMA_Init
                0x080043e4       0xec Drivers\STM32F4xx_HAL_Driver\stm32f4xx_hal_dma.o
                0x080043e4                HAL_DMA_Init
 .text.HAL_DMA_Start_IT
                0x080044d0       0x80 Drivers\STM32F4xx_HAL_Driver\stm32f4xx_hal_dma.o
                0x080044d0                HAL_DMA_Start_IT
 .text.HAL_DMA_Abort_IT
                0x08004550       0x24 Drivers\STM32F4xx_HAL_Driver\stm32f4xx_hal_dma.o
                0x08004550                HAL_DMA_Abort_IT
 .text.HAL_DMA_IRQHandler
                0x08004574      0x174 Drivers\STM32F4xx_HAL_Driver\stm32f4xx_hal_dma.o
                0x08004574                HAL_DMA_IRQHandler
 .text._ZL24FLASH_Program_DoubleWordmy
                0x080046e8       0x28 Drivers\STM32F4xx_HAL_Driver\stm32f4xx_hal_flash.o
 .text._ZL18FLASH_Program_Wordmm
                0x08004710       0x24 Drivers\STM32F4xx_HAL_Driver\stm32f4xx_hal_flash.o
 .text._ZL22FLASH_Program_HalfWordmt
                0x08004734       0x24 Drivers\STM32F4xx_HAL_Driver\stm32f4xx_hal_flash.o
 .text._ZL18FLASH_SetErrorCodev
                0x08004758       0x90 Drivers\STM32F4xx_HAL_Driver\stm32f4xx_hal_flash.o
 .text.HAL_FLASH_Unlock
                0x080047e8       0x24 Drivers\STM32F4xx_HAL_Driver\stm32f4xx_hal_flash.o
                0x080047e8                HAL_FLASH_Unlock
 .text.HAL_FLASH_Lock
                0x0800480c       0x14 Drivers\STM32F4xx_HAL_Driver\stm32f4xx_hal_flash.o
                0x0800480c                HAL_FLASH_Lock
 .text.FLASH_WaitForLastOperation
                0x08004820       0x54 Drivers\STM32F4xx_HAL_Driver\stm32f4xx_hal_flash.o
                0x08004820                FLASH_WaitForLastOperation
 .text.HAL_FLASH_Program
                0x08004874       0x90 Drivers\STM32F4xx_HAL_Driver\stm32f4xx_hal_flash.o
                0x08004874                HAL_FLASH_Program
 .text._ZL15FLASH_MassErasehm.isra.0
                0x08004904       0x24 Drivers\STM32F4xx_HAL_Driver\stm32f4xx_hal_flash_ex.o
 .text.FLASH_Erase_Sector
                0x08004928       0x4c Drivers\STM32F4xx_HAL_Driver\stm32f4xx_hal_flash_ex.o
                0x08004928                FLASH_Erase_Sector
 .text.FLASH_FlushCaches
                0x08004974       0x58 Drivers\STM32F4xx_HAL_Driver\stm32f4xx_hal_flash_ex.o
                0x08004974                FLASH_FlushCaches
 .text.HAL_FLASHEx_Erase
                0x080049cc       0xa0 Drivers\STM32F4xx_HAL_Driver\stm32f4xx_hal_flash_ex.o
                0x080049cc                HAL_FLASHEx_Erase
 .text.HAL_GPIO_Init
                0x08004a6c      0x180 Drivers\STM32F4xx_HAL_Driver\stm32f4xx_hal_gpio.o
                0x08004a6c                HAL_GPIO_Init
 .text.HAL_GPIO_WritePin
                0x08004bec        0x8 Drivers\STM32F4xx_HAL_Driver\stm32f4xx_hal_gpio.o
                0x08004bec                HAL_GPIO_WritePin
 .text.HAL_GPIO_TogglePin
                0x08004bf4        0x8 Drivers\STM32F4xx_HAL_Driver\stm32f4xx_hal_gpio.o
                0x08004bf4                HAL_GPIO_TogglePin
 .text.HAL_RCC_GetSysClockFreq
                0x08004bfc       0x5c Drivers\STM32F4xx_HAL_Driver\stm32f4xx_hal_rcc.o
                0x08004bfc                HAL_RCC_GetSysClockFreq
 .text.HAL_RCC_ClockConfig
                0x08004c58      0x134 Drivers\STM32F4xx_HAL_Driver\stm32f4xx_hal_rcc.o
                0x08004c58                HAL_RCC_ClockConfig
 .text.HAL_RCC_GetHCLKFreq
                0x08004d8c        0xc Drivers\STM32F4xx_HAL_Driver\stm32f4xx_hal_rcc.o
                0x08004d8c                HAL_RCC_GetHCLKFreq
 .text.HAL_RCC_GetPCLK1Freq
                0x08004d98       0x20 Drivers\STM32F4xx_HAL_Driver\stm32f4xx_hal_rcc.o
                0x08004d98                HAL_RCC_GetPCLK1Freq
 .text.HAL_RCC_GetPCLK2Freq
                0x08004db8       0x20 Drivers\STM32F4xx_HAL_Driver\stm32f4xx_hal_rcc.o
                0x08004db8                HAL_RCC_GetPCLK2Freq
 .text.HAL_RCC_OscConfig
                0x08004dd8      0x2f4 Drivers\STM32F4xx_HAL_Driver\stm32f4xx_hal_rcc_ex.o
                0x08004dd8                HAL_RCC_OscConfig
 .text._ZL29SPI_WaitFlagStateUntilTimeoutP19__SPI_HandleTypeDefmmmm
                0x080050cc       0x8c Drivers\STM32F4xx_HAL_Driver\stm32f4xx_hal_spi.o
 .text._ZL17SPI_CheckFlag_BSYP19__SPI_HandleTypeDefmm
                0x08005158       0x20 Drivers\STM32F4xx_HAL_Driver\stm32f4xx_hal_spi.o
 .text.HAL_SPI_Init
                0x08005178       0x7a Drivers\STM32F4xx_HAL_Driver\stm32f4xx_hal_spi.o
                0x08005178                HAL_SPI_Init
 .text.HAL_SPI_Transmit
                0x080051f2      0x158 Drivers\STM32F4xx_HAL_Driver\stm32f4xx_hal_spi.o
                0x080051f2                HAL_SPI_Transmit
 .text.HAL_SPI_TransmitReceive
                0x0800534a      0x218 Drivers\STM32F4xx_HAL_Driver\stm32f4xx_hal_spi.o
                0x0800534a                HAL_SPI_TransmitReceive
 .text.HAL_SPI_Receive
                0x08005562      0x144 Drivers\STM32F4xx_HAL_Driver\stm32f4xx_hal_spi.o
                0x08005562                HAL_SPI_Receive
 .text.HAL_SPI_ErrorCallback
                0x080056a6        0x2 Drivers\STM32F4xx_HAL_Driver\stm32f4xx_hal_spi.o
                0x080056a6                HAL_SPI_ErrorCallback
 .text.HAL_SPI_IRQHandler
                0x080056a8       0xe4 Drivers\STM32F4xx_HAL_Driver\stm32f4xx_hal_spi.o
                0x080056a8                HAL_SPI_IRQHandler
 .text._ZL19SPI_DMAAbortOnErrorP19__DMA_HandleTypeDef
                0x0800578c       0x10 Drivers\STM32F4xx_HAL_Driver\stm32f4xx_hal_spi.o
 .text._ZL18UART_EndRxTransferP18UART_HandleTypeDef
                0x0800579c       0x1a Drivers\STM32F4xx_HAL_Driver\stm32f4xx_hal_uart.o
 *fill*         0x080057b6        0x2 
 .text._ZL14UART_SetConfigP18UART_HandleTypeDef
                0x080057b8      0x23c Drivers\STM32F4xx_HAL_Driver\stm32f4xx_hal_uart.o
 .text.HAL_UART_Init
                0x080059f4       0x5c Drivers\STM32F4xx_HAL_Driver\stm32f4xx_hal_uart.o
                0x080059f4                HAL_UART_Init
 .text.HAL_UART_Transmit_DMA
                0x08005a50       0x74 Drivers\STM32F4xx_HAL_Driver\stm32f4xx_hal_uart.o
                0x08005a50                HAL_UART_Transmit_DMA
 .text.HAL_UART_Receive_DMA
                0x08005ac4       0x90 Drivers\STM32F4xx_HAL_Driver\stm32f4xx_hal_uart.o
                0x08005ac4                HAL_UART_Receive_DMA
 .text.HAL_UART_TxCpltCallback
                0x08005b54        0x2 Drivers\STM32F4xx_HAL_Driver\stm32f4xx_hal_uart.o
                0x08005b54                HAL_UART_TxCpltCallback
 .text._ZL20UART_DMATransmitCpltP19__DMA_HandleTypeDef
                0x08005b56       0x2c Drivers\STM32F4xx_HAL_Driver\stm32f4xx_hal_uart.o
 .text.HAL_UART_TxHalfCpltCallback
                0x08005b82        0x2 Drivers\STM32F4xx_HAL_Driver\stm32f4xx_hal_uart.o
                0x08005b82                HAL_UART_TxHalfCpltCallback
 .text._ZL18UART_DMATxHalfCpltP19__DMA_HandleTypeDef
                0x08005b84        0xa Drivers\STM32F4xx_HAL_Driver\stm32f4xx_hal_uart.o
 .text.HAL_UART_RxCpltCallback
                0x08005b8e        0x2 Drivers\STM32F4xx_HAL_Driver\stm32f4xx_hal_uart.o
                0x08005b8e                HAL_UART_RxCpltCallback
 .text._ZL19UART_DMAReceiveCpltP19__DMA_HandleTypeDef
                0x08005b90       0x38 Drivers\STM32F4xx_HAL_Driver\stm32f4xx_hal_uart.o
 .text._ZL15UART_Receive_ITP18UART_HandleTypeDef
                0x08005bc8       0x78 Drivers\STM32F4xx_HAL_Driver\stm32f4xx_hal_uart.o
 .text.HAL_UART_RxHalfCpltCallback
                0x08005c40        0x2 Drivers\STM32F4xx_HAL_Driver\stm32f4xx_hal_uart.o
                0x08005c40                HAL_UART_RxHalfCpltCallback
 .text._ZL18UART_DMARxHalfCpltP19__DMA_HandleTypeDef
                0x08005c42        0xa Drivers\STM32F4xx_HAL_Driver\stm32f4xx_hal_uart.o
 .text.HAL_UART_ErrorCallback
                0x08005c4c        0x2 Drivers\STM32F4xx_HAL_Driver\stm32f4xx_hal_uart.o
                0x08005c4c                HAL_UART_ErrorCallback
 .text._ZL13UART_DMAErrorP19__DMA_HandleTypeDef
                0x08005c4e       0x52 Drivers\STM32F4xx_HAL_Driver\stm32f4xx_hal_uart.o
 .text.HAL_UART_IRQHandler
                0x08005ca0      0x144 Drivers\STM32F4xx_HAL_Driver\stm32f4xx_hal_uart.o
                0x08005ca0                HAL_UART_IRQHandler
 .text._ZL20UART_DMAAbortOnErrorP19__DMA_HandleTypeDef
                0x08005de4       0x10 Drivers\STM32F4xx_HAL_Driver\stm32f4xx_hal_uart.o
 .text._ZNK7Vector3IfErmERKS0_
                0x08005df4       0xc0 ../../../Jsk_Lib/lib\libjskmath.a(vector3.o)
                0x08005df4                Vector3<float>::operator%(Vector3<float> const&) const
 .text._ZNK7Vector3IfEmlERKS0_
                0x08005eb4       0x50 ../../../Jsk_Lib/lib\libjskmath.a(vector3.o)
                0x08005eb4                Vector3<float>::operator*(Vector3<float> const&) const
 .text._ZN7Vector3IfEdVEf
                0x08005f04       0x58 ../../../Jsk_Lib/lib\libjskmath.a(vector3.o)
                0x08005f04                Vector3<float>::operator/=(float)
 .text._ZN7Vector3IfEmIERKS0_
                0x08005f5c       0x5c ../../../Jsk_Lib/lib\libjskmath.a(vector3.o)
                0x08005f5c                Vector3<float>::operator-=(Vector3<float> const&)
 .text._ZN7Vector3IfEpLERKS0_
                0x08005fb8       0x5c ../../../Jsk_Lib/lib\libjskmath.a(vector3.o)
                0x08005fb8                Vector3<float>::operator+=(Vector3<float> const&)
 .text._ZNK7Vector3IfEdvEf
                0x08006014       0x80 ../../../Jsk_Lib/lib\libjskmath.a(vector3.o)
                0x08006014                Vector3<float>::operator/(float) const
 .text._ZNK7Vector3IfEmlEf
                0x08006094       0x80 ../../../Jsk_Lib/lib\libjskmath.a(vector3.o)
                0x08006094                Vector3<float>::operator*(float) const
 .text._ZNK7Vector3IfEplERKS0_
                0x08006114       0x84 ../../../Jsk_Lib/lib\libjskmath.a(vector3.o)
                0x08006114                Vector3<float>::operator+(Vector3<float> const&) const
 .text._ZNK7Vector3IfEmiERKS0_
                0x08006198       0x84 ../../../Jsk_Lib/lib\libjskmath.a(vector3.o)
                0x08006198                Vector3<float>::operator-(Vector3<float> const&) const
 .text._ZN7Vector3IfEC2Efff
                0x0800621c       0x34 ../../../Jsk_Lib/lib\libjskmath.a(vector3.o)
                0x0800621c                Vector3<float>::Vector3(float, float, float)
                0x0800621c                Vector3<float>::Vector3(float, float, float)
 .text._ZN7Matrix3IfE10from_eulerEfff
                0x08006250      0x164 ../../../Jsk_Lib/lib\libjskmath.a(matrix3.o)
                0x08006250                Matrix3<float>::from_euler(float, float, float)
 .text._ZNK7Matrix3IfEmlERK7Vector3IfE
                0x080063b4       0xfc ../../../Jsk_Lib/lib\libjskmath.a(matrix3.o)
                0x080063b4                Matrix3<float>::operator*(Vector3<float> const&) const
 .text._Z8inv_sqrtf
                0x080064b0       0x78 ../../../Jsk_Lib/lib\libjskmath.a(AP_Math.o)
                0x080064b0                inv_sqrt(float)
 .text.__cxa_end_cleanup
                0x08006528        0xc c:/program files (x86)/atollic/truestudio for arm 7.0.0/armtools/bin/../lib/gcc/arm-atollic-eabi/5.3.1/../../../../arm-atollic-eabi/lib/armv7e-m/fpu\libstdc++_nano.a(eh_arm.o)
                0x08006528                __cxa_end_cleanup
 .text._ZN10__cxxabiv1L24__is_gxx_exception_classEPc
                0x08006534       0x3a c:/program files (x86)/atollic/truestudio for arm 7.0.0/armtools/bin/../lib/gcc/arm-atollic-eabi/5.3.1/../../../../arm-atollic-eabi/lib/armv7e-m/fpu\libstdc++_nano.a(eh_arm.o)
 *fill*         0x0800656e        0x2 
 .text.__cxa_type_match
                0x08006570       0xbc c:/program files (x86)/atollic/truestudio for arm 7.0.0/armtools/bin/../lib/gcc/arm-atollic-eabi/5.3.1/../../../../arm-atollic-eabi/lib/armv7e-m/fpu\libstdc++_nano.a(eh_arm.o)
                0x08006570                __cxa_type_match
 .text.__cxa_begin_cleanup
                0x0800662c       0x3a c:/program files (x86)/atollic/truestudio for arm 7.0.0/armtools/bin/../lib/gcc/arm-atollic-eabi/5.3.1/../../../../arm-atollic-eabi/lib/armv7e-m/fpu\libstdc++_nano.a(eh_arm.o)
                0x0800662c                __cxa_begin_cleanup
 .text.__gnu_end_cleanup
                0x08006666       0x32 c:/program files (x86)/atollic/truestudio for arm 7.0.0/armtools/bin/../lib/gcc/arm-atollic-eabi/5.3.1/../../../../arm-atollic-eabi/lib/armv7e-m/fpu\libstdc++_nano.a(eh_arm.o)
                0x08006666                __gnu_end_cleanup
 .text._ZL12read_uleb128PKhPm
                0x08006698       0x22 c:/program files (x86)/atollic/truestudio for arm 7.0.0/armtools/bin/../lib/gcc/arm-atollic-eabi/5.3.1/../../../../arm-atollic-eabi/lib/armv7e-m/fpu\libstdc++_nano.a(eh_personality.o)
 .text._ZL12read_sleb128PKhPl
                0x080066ba       0x30 c:/program files (x86)/atollic/truestudio for arm 7.0.0/armtools/bin/../lib/gcc/arm-atollic-eabi/5.3.1/../../../../arm-atollic-eabi/lib/armv7e-m/fpu\libstdc++_nano.a(eh_personality.o)
 .text._ZL28read_encoded_value_with_basehjPKhPj
                0x080066ea       0x88 c:/program files (x86)/atollic/truestudio for arm 7.0.0/armtools/bin/../lib/gcc/arm-atollic-eabi/5.3.1/../../../../arm-atollic-eabi/lib/armv7e-m/fpu\libstdc++_nano.a(eh_personality.o)
 .text._ZL21base_of_encoded_valuehP15_Unwind_Context
                0x08006772       0x48 c:/program files (x86)/atollic/truestudio for arm 7.0.0/armtools/bin/../lib/gcc/arm-atollic-eabi/5.3.1/../../../../arm-atollic-eabi/lib/armv7e-m/fpu\libstdc++_nano.a(eh_personality.o)
 .text._ZL18read_encoded_valueP15_Unwind_ContexthPKhPj
                0x080067ba       0x20 c:/program files (x86)/atollic/truestudio for arm 7.0.0/armtools/bin/../lib/gcc/arm-atollic-eabi/5.3.1/../../../../arm-atollic-eabi/lib/armv7e-m/fpu\libstdc++_nano.a(eh_personality.o)
 .text._ZL17parse_lsda_headerP15_Unwind_ContextPKhP16lsda_header_info
                0x080067da       0x60 c:/program files (x86)/atollic/truestudio for arm 7.0.0/armtools/bin/../lib/gcc/arm-atollic-eabi/5.3.1/../../../../arm-atollic-eabi/lib/armv7e-m/fpu\libstdc++_nano.a(eh_personality.o)
 .text._Unwind_GetGR
                0x0800683a       0x18 c:/program files (x86)/atollic/truestudio for arm 7.0.0/armtools/bin/../lib/gcc/arm-atollic-eabi/5.3.1/../../../../arm-atollic-eabi/lib/armv7e-m/fpu\libstdc++_nano.a(eh_personality.o)
 *fill*         0x08006852        0x2 
 .text.__gxx_personality_v0
                0x08006854      0x378 c:/program files (x86)/atollic/truestudio for arm 7.0.0/armtools/bin/../lib/gcc/arm-atollic-eabi/5.3.1/../../../../arm-atollic-eabi/lib/armv7e-m/fpu\libstdc++_nano.a(eh_personality.o)
                0x08006854                __gxx_personality_v0
 .text._Znwj    0x08006bcc       0x22 c:/program files (x86)/atollic/truestudio for arm 7.0.0/armtools/bin/../lib/gcc/arm-atollic-eabi/5.3.1/../../../../arm-atollic-eabi/lib/armv7e-m/fpu\libstdc++_nano.a(new_op.o)
                0x08006bcc                operator new(unsigned int)
 .text._ZNK10__cxxabiv117__class_type_info11__do_upcastEPKS0_PPv
                0x08006bee       0x34 c:/program files (x86)/atollic/truestudio for arm 7.0.0/armtools/bin/../lib/gcc/arm-atollic-eabi/5.3.1/../../../../arm-atollic-eabi/lib/armv7e-m/fpu\libstdc++_nano.a(class_type_info.o)
                0x08006bee                __cxxabiv1::__class_type_info::__do_upcast(__cxxabiv1::__class_type_info const*, void**) const
 .text._ZNK10__cxxabiv117__class_type_info20__do_find_public_srcEiPKvPKS0_S2_
                0x08006c22        0xc c:/program files (x86)/atollic/truestudio for arm 7.0.0/armtools/bin/../lib/gcc/arm-atollic-eabi/5.3.1/../../../../arm-atollic-eabi/lib/armv7e-m/fpu\libstdc++_nano.a(class_type_info.o)
                0x08006c22                __cxxabiv1::__class_type_info::__do_find_public_src(int, void const*, __cxxabiv1::__class_type_info const*, void const*) const
 *fill*         0x08006c2e        0x2 
 .text._ZN10__cxxabiv117__class_type_infoD2Ev
                0x08006c30       0x14 c:/program files (x86)/atollic/truestudio for arm 7.0.0/armtools/bin/../lib/gcc/arm-atollic-eabi/5.3.1/../../../../arm-atollic-eabi/lib/armv7e-m/fpu\libstdc++_nano.a(class_type_info.o)
                0x08006c30                __cxxabiv1::__class_type_info::~__class_type_info()
                0x08006c30                __cxxabiv1::__class_type_info::~__class_type_info()
 .text._ZN10__cxxabiv117__class_type_infoD0Ev
                0x08006c44       0x12 c:/program files (x86)/atollic/truestudio for arm 7.0.0/armtools/bin/../lib/gcc/arm-atollic-eabi/5.3.1/../../../../arm-atollic-eabi/lib/armv7e-m/fpu\libstdc++_nano.a(class_type_info.o)
                0x08006c44                __cxxabiv1::__class_type_info::~__class_type_info()
 .text._ZNK10__cxxabiv117__class_type_info11__do_upcastEPKS0_PKvRNS0_15__upcast_resultE
                0x08006c56       0x18 c:/program files (x86)/atollic/truestudio for arm 7.0.0/armtools/bin/../lib/gcc/arm-atollic-eabi/5.3.1/../../../../arm-atollic-eabi/lib/armv7e-m/fpu\libstdc++_nano.a(class_type_info.o)
                0x08006c56                __cxxabiv1::__class_type_info::__do_upcast(__cxxabiv1::__class_type_info const*, void const*, __cxxabiv1::__class_type_info::__upcast_result&) const
 .text._ZNK10__cxxabiv117__class_type_info12__do_dyncastEiNS0_10__sub_kindEPKS0_PKvS3_S5_RNS0_16__dyncast_resultE
                0x08006c6e       0x38 c:/program files (x86)/atollic/truestudio for arm 7.0.0/armtools/bin/../lib/gcc/arm-atollic-eabi/5.3.1/../../../../arm-atollic-eabi/lib/armv7e-m/fpu\libstdc++_nano.a(class_type_info.o)
                0x08006c6e                __cxxabiv1::__class_type_info::__do_dyncast(int, __cxxabiv1::__class_type_info::__sub_kind, __cxxabiv1::__class_type_info const*, void const*, __cxxabiv1::__class_type_info const*, void const*, __cxxabiv1::__class_type_info::__dyncast_result&) const
 .text._ZNK10__cxxabiv117__class_type_info10__do_catchEPKSt9type_infoPPvj
                0x08006ca6       0x2a c:/program files (x86)/atollic/truestudio for arm 7.0.0/armtools/bin/../lib/gcc/arm-atollic-eabi/5.3.1/../../../../arm-atollic-eabi/lib/armv7e-m/fpu\libstdc++_nano.a(class_type_info.o)
                0x08006ca6                __cxxabiv1::__class_type_info::__do_catch(std::type_info const*, void**, unsigned int) const
 .text.__cxa_get_globals
                0x08006cd0        0x8 c:/program files (x86)/atollic/truestudio for arm 7.0.0/armtools/bin/../lib/gcc/arm-atollic-eabi/5.3.1/../../../../arm-atollic-eabi/lib/armv7e-m/fpu\libstdc++_nano.a(eh_globals.o)
                0x08006cd0                __cxa_get_globals
 .text._ZN10__cxxabiv111__terminateEPFvvE
                0x08006cd8        0x8 c:/program files (x86)/atollic/truestudio for arm 7.0.0/armtools/bin/../lib/gcc/arm-atollic-eabi/5.3.1/../../../../arm-atollic-eabi/lib/armv7e-m/fpu\libstdc++_nano.a(eh_terminate.o)
                0x08006cd8                __cxxabiv1::__terminate(void (*)())
 .text._ZSt13get_terminatev
                0x08006ce0       0x10 c:/program files (x86)/atollic/truestudio for arm 7.0.0/armtools/bin/../lib/gcc/arm-atollic-eabi/5.3.1/../../../../arm-atollic-eabi/lib/armv7e-m/fpu\libstdc++_nano.a(eh_terminate.o)
                0x08006ce0                std::get_terminate()
 .text._ZSt9terminatev
                0x08006cf0        0xa c:/program files (x86)/atollic/truestudio for arm 7.0.0/armtools/bin/../lib/gcc/arm-atollic-eabi/5.3.1/../../../../arm-atollic-eabi/lib/armv7e-m/fpu\libstdc++_nano.a(eh_terminate.o)
                0x08006cf0                std::terminate()
 .text._ZN10__cxxabiv112__unexpectedEPFvvE
                0x08006cfa        0x8 c:/program files (x86)/atollic/truestudio for arm 7.0.0/armtools/bin/../lib/gcc/arm-atollic-eabi/5.3.1/../../../../arm-atollic-eabi/lib/armv7e-m/fpu\libstdc++_nano.a(eh_terminate.o)
                0x08006cfa                __cxxabiv1::__unexpected(void (*)())
 *fill*         0x08006d02        0x2 
 .text._ZSt14get_unexpectedv
                0x08006d04       0x10 c:/program files (x86)/atollic/truestudio for arm 7.0.0/armtools/bin/../lib/gcc/arm-atollic-eabi/5.3.1/../../../../arm-atollic-eabi/lib/armv7e-m/fpu\libstdc++_nano.a(eh_terminate.o)
                0x08006d04                std::get_unexpected()
 .text._ZSt10unexpectedv
                0x08006d14        0xa c:/program files (x86)/atollic/truestudio for arm 7.0.0/armtools/bin/../lib/gcc/arm-atollic-eabi/5.3.1/../../../../arm-atollic-eabi/lib/armv7e-m/fpu\libstdc++_nano.a(eh_terminate.o)
                0x08006d14                std::unexpected()
 .text.__aeabi_atexit
                0x08006d1e        0xa c:/program files (x86)/atollic/truestudio for arm 7.0.0/armtools/bin/../lib/gcc/arm-atollic-eabi/5.3.1/../../../../arm-atollic-eabi/lib/armv7e-m/fpu\libstdc++_nano.a(atexit_arm.o)
                0x08006d1e                __aeabi_atexit
 .text._ZNSt9type_infoD2Ev
                0x08006d28        0x2 c:/program files (x86)/atollic/truestudio for arm 7.0.0/armtools/bin/../lib/gcc/arm-atollic-eabi/5.3.1/../../../../arm-atollic-eabi/lib/armv7e-m/fpu\libstdc++_nano.a(tinfo.o)
                0x08006d28                std::type_info::~type_info()
                0x08006d28                std::type_info::~type_info()
 .text._ZNKSt9type_info15__is_function_pEv
                0x08006d2a        0x4 c:/program files (x86)/atollic/truestudio for arm 7.0.0/armtools/bin/../lib/gcc/arm-atollic-eabi/5.3.1/../../../../arm-atollic-eabi/lib/armv7e-m/fpu\libstdc++_nano.a(tinfo.o)
                0x08006d2a                std::type_info::__is_pointer_p() const
                0x08006d2a                std::type_info::__is_function_p() const
 .text._ZNKSt9type_infoeqERKS_
                0x08006d2e       0x2c c:/program files (x86)/atollic/truestudio for arm 7.0.0/armtools/bin/../lib/gcc/arm-atollic-eabi/5.3.1/../../../../arm-atollic-eabi/lib/armv7e-m/fpu\libstdc++_nano.a(tinfo.o)
                0x08006d2e                std::type_info::operator==(std::type_info const&) const
 *fill*         0x08006d5a        0x2 
 .text._ZN10__cxxabiv120__si_class_type_infoD2Ev
                0x08006d5c       0x14 c:/program files (x86)/atollic/truestudio for arm 7.0.0/armtools/bin/../lib/gcc/arm-atollic-eabi/5.3.1/../../../../arm-atollic-eabi/lib/armv7e-m/fpu\libstdc++_nano.a(si_class_type_info.o)
                0x08006d5c                __cxxabiv1::__si_class_type_info::~__si_class_type_info()
                0x08006d5c                __cxxabiv1::__si_class_type_info::~__si_class_type_info()
 .text._ZN10__cxxabiv120__si_class_type_infoD0Ev
                0x08006d70       0x12 c:/program files (x86)/atollic/truestudio for arm 7.0.0/armtools/bin/../lib/gcc/arm-atollic-eabi/5.3.1/../../../../arm-atollic-eabi/lib/armv7e-m/fpu\libstdc++_nano.a(si_class_type_info.o)
                0x08006d70                __cxxabiv1::__si_class_type_info::~__si_class_type_info()
 .text._ZNK10__cxxabiv120__si_class_type_info12__do_dyncastEiNS_17__class_type_info10__sub_kindEPKS1_PKvS4_S6_RNS1_16__dyncast_resultE
                0x08006d82       0x7c c:/program files (x86)/atollic/truestudio for arm 7.0.0/armtools/bin/../lib/gcc/arm-atollic-eabi/5.3.1/../../../../arm-atollic-eabi/lib/armv7e-m/fpu\libstdc++_nano.a(si_class_type_info.o)
                0x08006d82                __cxxabiv1::__si_class_type_info::__do_dyncast(int, __cxxabiv1::__class_type_info::__sub_kind, __cxxabiv1::__class_type_info const*, void const*, __cxxabiv1::__class_type_info const*, void const*, __cxxabiv1::__class_type_info::__dyncast_result&) const
 .text._ZNK10__cxxabiv120__si_class_type_info20__do_find_public_srcEiPKvPKNS_17__class_type_infoES2_
                0x08006dfe       0x38 c:/program files (x86)/atollic/truestudio for arm 7.0.0/armtools/bin/../lib/gcc/arm-atollic-eabi/5.3.1/../../../../arm-atollic-eabi/lib/armv7e-m/fpu\libstdc++_nano.a(si_class_type_info.o)
                0x08006dfe                __cxxabiv1::__si_class_type_info::__do_find_public_src(int, void const*, __cxxabiv1::__class_type_info const*, void const*) const
 .text._ZNK10__cxxabiv120__si_class_type_info11__do_upcastEPKNS_17__class_type_infoEPKvRNS1_15__upcast_resultE
                0x08006e36       0x2a c:/program files (x86)/atollic/truestudio for arm 7.0.0/armtools/bin/../lib/gcc/arm-atollic-eabi/5.3.1/../../../../arm-atollic-eabi/lib/armv7e-m/fpu\libstdc++_nano.a(si_class_type_info.o)
                0x08006e36                __cxxabiv1::__si_class_type_info::__do_upcast(__cxxabiv1::__class_type_info const*, void const*, __cxxabiv1::__class_type_info::__upcast_result&) const
 .text._ZdlPv   0x08006e60        0x4 c:/program files (x86)/atollic/truestudio for arm 7.0.0/armtools/bin/../lib/gcc/arm-atollic-eabi/5.3.1/../../../../arm-atollic-eabi/lib/armv7e-m/fpu\libstdc++_nano.a(del_op.o)
                0x08006e60                operator delete(void*)
 .text._ZSt15get_new_handlerv
                0x08006e64       0x10 c:/program files (x86)/atollic/truestudio for arm 7.0.0/armtools/bin/../lib/gcc/arm-atollic-eabi/5.3.1/../../../../arm-atollic-eabi/lib/armv7e-m/fpu\libstdc++_nano.a(new_handler.o)
                0x08006e64                std::get_new_handler()
 .text._ZN10__cxxabiv1L24__is_gxx_exception_classEPc
                0x08006e74       0x3a c:/program files (x86)/atollic/truestudio for arm 7.0.0/armtools/bin/../lib/gcc/arm-atollic-eabi/5.3.1/../../../../arm-atollic-eabi/lib/armv7e-m/fpu\libstdc++_nano.a(eh_call.o)
 .text.__cxa_call_terminate
                0x08006eae       0x1e c:/program files (x86)/atollic/truestudio for arm 7.0.0/armtools/bin/../lib/gcc/arm-atollic-eabi/5.3.1/../../../../arm-atollic-eabi/lib/armv7e-m/fpu\libstdc++_nano.a(eh_call.o)
                0x08006eae                __cxa_call_terminate
 .text.__cxa_call_unexpected
                0x08006ecc       0x28 c:/program files (x86)/atollic/truestudio for arm 7.0.0/armtools/bin/../lib/gcc/arm-atollic-eabi/5.3.1/../../../../arm-atollic-eabi/lib/armv7e-m/fpu\libstdc++_nano.a(eh_call.o)
                0x08006ecc                __cxa_call_unexpected
 .text._ZN10__cxxabiv1L24__is_gxx_exception_classEPc
                0x08006ef4       0x3a c:/program files (x86)/atollic/truestudio for arm 7.0.0/armtools/bin/../lib/gcc/arm-atollic-eabi/5.3.1/../../../../arm-atollic-eabi/lib/armv7e-m/fpu\libstdc++_nano.a(eh_catch.o)
 .text.__cxa_begin_catch
                0x08006f2e       0x54 c:/program files (x86)/atollic/truestudio for arm 7.0.0/armtools/bin/../lib/gcc/arm-atollic-eabi/5.3.1/../../../../arm-atollic-eabi/lib/armv7e-m/fpu\libstdc++_nano.a(eh_catch.o)
                0x08006f2e                __cxa_begin_catch
 *fill*         0x08006f82        0x2 
 .text.cosf     0x08006f84       0x80 c:/program files (x86)/atollic/truestudio for arm 7.0.0/armtools/bin/../lib/gcc/arm-atollic-eabi/5.3.1/../../../../arm-atollic-eabi/lib/armv7e-m/fpu\libm.a(lib_a-sf_cos.o)
                0x08006f84                cosf
 .text.sinf     0x08007004       0x84 c:/program files (x86)/atollic/truestudio for arm 7.0.0/armtools/bin/../lib/gcc/arm-atollic-eabi/5.3.1/../../../../arm-atollic-eabi/lib/armv7e-m/fpu\libm.a(lib_a-sf_sin.o)
                0x08007004                sinf
 .text.atan2f   0x08007088        0x4 c:/program files (x86)/atollic/truestudio for arm 7.0.0/armtools/bin/../lib/gcc/arm-atollic-eabi/5.3.1/../../../../arm-atollic-eabi/lib/armv7e-m/fpu\libm.a(lib_a-wf_atan2.o)
                0x08007088                atan2f
 .text.__ieee754_atan2f
                0x0800708c      0x154 c:/program files (x86)/atollic/truestudio for arm 7.0.0/armtools/bin/../lib/gcc/arm-atollic-eabi/5.3.1/../../../../arm-atollic-eabi/lib/armv7e-m/fpu\libm.a(lib_a-ef_atan2.o)
                0x0800708c                __ieee754_atan2f
 .text.__ieee754_rem_pio2f
                0x080071e0      0x254 c:/program files (x86)/atollic/truestudio for arm 7.0.0/armtools/bin/../lib/gcc/arm-atollic-eabi/5.3.1/../../../../arm-atollic-eabi/lib/armv7e-m/fpu\libm.a(lib_a-ef_rem_pio2.o)
                0x080071e0                __ieee754_rem_pio2f
 .text.__kernel_cosf
                0x08007434       0xbc c:/program files (x86)/atollic/truestudio for arm 7.0.0/armtools/bin/../lib/gcc/arm-atollic-eabi/5.3.1/../../../../arm-atollic-eabi/lib/armv7e-m/fpu\libm.a(lib_a-kf_cos.o)
                0x08007434                __kernel_cosf
 .text.__kernel_rem_pio2f
                0x080074f0      0x4cc c:/program files (x86)/atollic/truestudio for arm 7.0.0/armtools/bin/../lib/gcc/arm-atollic-eabi/5.3.1/../../../../arm-atollic-eabi/lib/armv7e-m/fpu\libm.a(lib_a-kf_rem_pio2.o)
                0x080074f0                __kernel_rem_pio2f
 .text.__kernel_sinf
                0x080079bc       0x90 c:/program files (x86)/atollic/truestudio for arm 7.0.0/armtools/bin/../lib/gcc/arm-atollic-eabi/5.3.1/../../../../arm-atollic-eabi/lib/armv7e-m/fpu\libm.a(lib_a-kf_sin.o)
                0x080079bc                __kernel_sinf
 .text.atanf    0x08007a4c      0x1ac c:/program files (x86)/atollic/truestudio for arm 7.0.0/armtools/bin/../lib/gcc/arm-atollic-eabi/5.3.1/../../../../arm-atollic-eabi/lib/armv7e-m/fpu\libm.a(lib_a-sf_atan.o)
                0x08007a4c                atanf
 .text.fabsf    0x08007bf8        0xe c:/program files (x86)/atollic/truestudio for arm 7.0.0/armtools/bin/../lib/gcc/arm-atollic-eabi/5.3.1/../../../../arm-atollic-eabi/lib/armv7e-m/fpu\libm.a(lib_a-sf_fabs.o)
                0x08007bf8                fabsf
 *fill*         0x08007c06        0x2 
 .text.floorf   0x08007c08       0x84 c:/program files (x86)/atollic/truestudio for arm 7.0.0/armtools/bin/../lib/gcc/arm-atollic-eabi/5.3.1/../../../../arm-atollic-eabi/lib/armv7e-m/fpu\libm.a(lib_a-sf_floor.o)
                0x08007c08                floorf
 .text.scalbnf  0x08007c8c       0xbc c:/program files (x86)/atollic/truestudio for arm 7.0.0/armtools/bin/../lib/gcc/arm-atollic-eabi/5.3.1/../../../../arm-atollic-eabi/lib/armv7e-m/fpu\libm.a(lib_a-sf_scalbn.o)
                0x08007c8c                scalbnf
 .text.copysignf
                0x08007d48       0x18 c:/program files (x86)/atollic/truestudio for arm 7.0.0/armtools/bin/../lib/gcc/arm-atollic-eabi/5.3.1/../../../../arm-atollic-eabi/lib/armv7e-m/fpu\libm.a(lib_a-sf_copysign.o)
                0x08007d48                copysignf
 .text.abort    0x08007d60        0xe c:/program files (x86)/atollic/truestudio for arm 7.0.0/armtools/bin/../lib/gcc/arm-atollic-eabi/5.3.1/../../../../arm-atollic-eabi/lib/armv7e-m/fpu\libc.a(lib_a-abort.o)
                0x08007d60                abort
 .text.__cxa_atexit
                0x08007d6e        0xc c:/program files (x86)/atollic/truestudio for arm 7.0.0/armtools/bin/../lib/gcc/arm-atollic-eabi/5.3.1/../../../../arm-atollic-eabi/lib/armv7e-m/fpu\libc.a(lib_a-cxa_atexit.o)
                0x08007d6e                __cxa_atexit
 *fill*         0x08007d7a        0x2 
 .text.__libc_init_array
                0x08007d7c       0x4c c:/program files (x86)/atollic/truestudio for arm 7.0.0/armtools/bin/../lib/gcc/arm-atollic-eabi/5.3.1/../../../../arm-atollic-eabi/lib/armv7e-m/fpu\libc.a(lib_a-init.o)
                0x08007d7c                __libc_init_array
 .text.malloc   0x08007dc8       0x10 c:/program files (x86)/atollic/truestudio for arm 7.0.0/armtools/bin/../lib/gcc/arm-atollic-eabi/5.3.1/../../../../arm-atollic-eabi/lib/armv7e-m/fpu\libc.a(lib_a-malloc.o)
                0x08007dc8                malloc
 .text.free     0x08007dd8       0x10 c:/program files (x86)/atollic/truestudio for arm 7.0.0/armtools/bin/../lib/gcc/arm-atollic-eabi/5.3.1/../../../../arm-atollic-eabi/lib/armv7e-m/fpu\libc.a(lib_a-malloc.o)
                0x08007dd8                free
 .text._malloc_r
                0x08007de8      0x440 c:/program files (x86)/atollic/truestudio for arm 7.0.0/armtools/bin/../lib/gcc/arm-atollic-eabi/5.3.1/../../../../arm-atollic-eabi/lib/armv7e-m/fpu\libc.a(lib_a-mallocr.o)
                0x08007de8                _malloc_r
 .text.memcpy   0x08008228       0x16 c:/program files (x86)/atollic/truestudio for arm 7.0.0/armtools/bin/../lib/gcc/arm-atollic-eabi/5.3.1/../../../../arm-atollic-eabi/lib/armv7e-m/fpu\libc.a(lib_a-memcpy-stub.o)
                0x08008228                memcpy
 .text.__malloc_lock
                0x0800823e        0x2 c:/program files (x86)/atollic/truestudio for arm 7.0.0/armtools/bin/../lib/gcc/arm-atollic-eabi/5.3.1/../../../../arm-atollic-eabi/lib/armv7e-m/fpu\libc.a(lib_a-mlock.o)
                0x0800823e                __malloc_lock
 .text.__malloc_unlock
                0x08008240        0x2 c:/program files (x86)/atollic/truestudio for arm 7.0.0/armtools/bin/../lib/gcc/arm-atollic-eabi/5.3.1/../../../../arm-atollic-eabi/lib/armv7e-m/fpu\libc.a(lib_a-mlock.o)
                0x08008240                __malloc_unlock
 *fill*         0x08008242        0x2 
 .text.realloc  0x08008244       0x10 c:/program files (x86)/atollic/truestudio for arm 7.0.0/armtools/bin/../lib/gcc/arm-atollic-eabi/5.3.1/../../../../arm-atollic-eabi/lib/armv7e-m/fpu\libc.a(lib_a-realloc.o)
                0x08008244                realloc
 .text._realloc_r
                0x08008254      0x350 c:/program files (x86)/atollic/truestudio for arm 7.0.0/armtools/bin/../lib/gcc/arm-atollic-eabi/5.3.1/../../../../arm-atollic-eabi/lib/armv7e-m/fpu\libc.a(lib_a-reallocr.o)
                0x08008254                _realloc_r
 .text._sbrk_r  0x080085a4       0x20 c:/program files (x86)/atollic/truestudio for arm 7.0.0/armtools/bin/../lib/gcc/arm-atollic-eabi/5.3.1/../../../../arm-atollic-eabi/lib/armv7e-m/fpu\libc.a(lib_a-sbrkr.o)
                0x080085a4                _sbrk_r
 .text._raise_r
                0x080085c4       0x54 c:/program files (x86)/atollic/truestudio for arm 7.0.0/armtools/bin/../lib/gcc/arm-atollic-eabi/5.3.1/../../../../arm-atollic-eabi/lib/armv7e-m/fpu\libc.a(lib_a-signal.o)
                0x080085c4                _raise_r
 .text.raise    0x08008618       0x10 c:/program files (x86)/atollic/truestudio for arm 7.0.0/armtools/bin/../lib/gcc/arm-atollic-eabi/5.3.1/../../../../arm-atollic-eabi/lib/armv7e-m/fpu\libc.a(lib_a-signal.o)
                0x08008618                raise
 .text._kill_r  0x08008628       0x24 c:/program files (x86)/atollic/truestudio for arm 7.0.0/armtools/bin/../lib/gcc/arm-atollic-eabi/5.3.1/../../../../arm-atollic-eabi/lib/armv7e-m/fpu\libc.a(lib_a-signalr.o)
                0x08008628                _kill_r
 .text._getpid_r
                0x0800864c        0x4 c:/program files (x86)/atollic/truestudio for arm 7.0.0/armtools/bin/../lib/gcc/arm-atollic-eabi/5.3.1/../../../../arm-atollic-eabi/lib/armv7e-m/fpu\libc.a(lib_a-signalr.o)
                0x0800864c                _getpid_r
 .text.__register_exitproc
                0x08008650       0xc4 c:/program files (x86)/atollic/truestudio for arm 7.0.0/armtools/bin/../lib/gcc/arm-atollic-eabi/5.3.1/../../../../arm-atollic-eabi/lib/armv7e-m/fpu\libc.a(lib_a-__atexit.o)
                0x08008650                __register_exitproc
 .text._malloc_trim_r
                0x08008714       0xac c:/program files (x86)/atollic/truestudio for arm 7.0.0/armtools/bin/../lib/gcc/arm-atollic-eabi/5.3.1/../../../../arm-atollic-eabi/lib/armv7e-m/fpu\libc.a(lib_a-freer.o)
                0x08008714                _malloc_trim_r
 .text._free_r  0x080087c0      0x17c c:/program files (x86)/atollic/truestudio for arm 7.0.0/armtools/bin/../lib/gcc/arm-atollic-eabi/5.3.1/../../../../arm-atollic-eabi/lib/armv7e-m/fpu\libc.a(lib_a-freer.o)
                0x080087c0                _free_r
 .text.memmove  0x0800893c       0x36 c:/program files (x86)/atollic/truestudio for arm 7.0.0/armtools/bin/../lib/gcc/arm-atollic-eabi/5.3.1/../../../../arm-atollic-eabi/lib/armv7e-m/fpu\libc.a(lib_a-memmove.o)
                0x0800893c                memmove
 *fill*         0x08008972        0x2 
 .text._getpid  0x08008974       0x10 c:/program files (x86)/atollic/truestudio for arm 7.0.0/armtools/bin/../lib/gcc/arm-atollic-eabi/5.3.1/../../../../arm-atollic-eabi/lib/armv7e-m/fpu\libnosys.a(getpid.o)
                0x08008974                _getpid
 .text._kill    0x08008984       0x10 c:/program files (x86)/atollic/truestudio for arm 7.0.0/armtools/bin/../lib/gcc/arm-atollic-eabi/5.3.1/../../../../arm-atollic-eabi/lib/armv7e-m/fpu\libnosys.a(kill.o)
                0x08008984                _kill
 .text._sbrk    0x08008994       0x1c c:/program files (x86)/atollic/truestudio for arm 7.0.0/armtools/bin/../lib/gcc/arm-atollic-eabi/5.3.1/../../../../arm-atollic-eabi/lib/armv7e-m/fpu\libnosys.a(sbrk.o)
                0x08008994                _sbrk
 .text._exit    0x080089b0        0x2 c:/program files (x86)/atollic/truestudio for arm 7.0.0/armtools/bin/../lib/gcc/arm-atollic-eabi/5.3.1/../../../../arm-atollic-eabi/lib/armv7e-m/fpu\libnosys.a(_exit.o)
                0x080089b0                _exit
 *(.glue_7)
 .glue_7        0x080089b2        0x0 linker stubs
 *(.glue_7t)
 .glue_7t       0x080089b2        0x0 linker stubs
 *(.eh_frame)
 *fill*         0x080089b2        0x2 
 .eh_frame      0x080089b4        0x0 c:/program files (x86)/atollic/truestudio for arm 7.0.0/armtools/bin/../lib/gcc/arm-atollic-eabi/5.3.1/armv7e-m/fpu/crtbegin.o
 *(.init)
 .init          0x080089b4        0x4 c:/program files (x86)/atollic/truestudio for arm 7.0.0/armtools/bin/../lib/gcc/arm-atollic-eabi/5.3.1/armv7e-m/fpu/crti.o
                0x080089b4                _init
 .init          0x080089b8        0x8 c:/program files (x86)/atollic/truestudio for arm 7.0.0/armtools/bin/../lib/gcc/arm-atollic-eabi/5.3.1/armv7e-m/fpu/crtn.o
 *(.fini)
 .fini          0x080089c0        0x4 c:/program files (x86)/atollic/truestudio for arm 7.0.0/armtools/bin/../lib/gcc/arm-atollic-eabi/5.3.1/armv7e-m/fpu/crti.o
                0x080089c0                _fini
 .fini          0x080089c4        0x8 c:/program files (x86)/atollic/truestudio for arm 7.0.0/armtools/bin/../lib/gcc/arm-atollic-eabi/5.3.1/armv7e-m/fpu/crtn.o
                0x080089cc                . = ALIGN (0x4)
                0x080089cc                _etext = .

.vfp11_veneer   0x080089cc        0x0
 .vfp11_veneer  0x080089cc        0x0 linker stubs

.v4_bx          0x080089cc        0x0
 .v4_bx         0x080089cc        0x0 linker stubs

.iplt           0x080089cc        0x0
 .iplt          0x080089cc        0x0 c:/program files (x86)/atollic/truestudio for arm 7.0.0/armtools/bin/../lib/gcc/arm-atollic-eabi/5.3.1/armv7e-m/fpu/crtbegin.o

.rodata         0x080089cc      0xd3c
                0x080089cc                . = ALIGN (0x4)
 *(.rodata)
 .rodata        0x080089cc       0x1c Application\User\main.o
 *(.rodata*)
 .rodata.str1.1
                0x080089e8       0x13 Application\User\adc.o
 .rodata._ZTSN3ros3MsgE
                0x080089fb        0xb Application\User\main.o
                0x080089fb                typeinfo name for ros::Msg
 *fill*         0x08008a06        0x2 
 .rodata._ZTIN3ros3MsgE
                0x08008a08        0x8 Application\User\main.o
                0x08008a08                typeinfo for ros::Msg
 .rodata._ZTSN8std_msgs4TimeE
                0x08008a10       0x11 Application\User\main.o
                0x08008a10                typeinfo name for std_msgs::Time
 *fill*         0x08008a21        0x3 
 .rodata._ZTIN8std_msgs4TimeE
                0x08008a24        0xc Application\User\main.o
                0x08008a24                typeinfo for std_msgs::Time
 .rodata._ZTSN14rosserial_msgs9TopicInfoE
                0x08008a30       0x1d Application\User\main.o
                0x08008a30                typeinfo name for rosserial_msgs::TopicInfo
 *fill*         0x08008a4d        0x3 
 .rodata._ZTIN14rosserial_msgs9TopicInfoE
                0x08008a50        0xc Application\User\main.o
                0x08008a50                typeinfo for rosserial_msgs::TopicInfo
 .rodata._ZTSN14rosserial_msgs3LogE
                0x08008a5c       0x17 Application\User\main.o
                0x08008a5c                typeinfo name for rosserial_msgs::Log
 *fill*         0x08008a73        0x1 
 .rodata._ZTIN14rosserial_msgs3LogE
                0x08008a74        0xc Application\User\main.o
                0x08008a74                typeinfo for rosserial_msgs::Log
 .rodata._ZTSN14rosserial_msgs20RequestParamResponseE
                0x08008a80       0x29 Application\User\main.o
                0x08008a80                typeinfo name for rosserial_msgs::RequestParamResponse
 *fill*         0x08008aa9        0x3 
 .rodata._ZTIN14rosserial_msgs20RequestParamResponseE
                0x08008aac        0xc Application\User\main.o
                0x08008aac                typeinfo for rosserial_msgs::RequestParamResponse
 .rodata._ZTSN3ros15NodeHandleBase_E
                0x08008ab8       0x18 Application\User\main.o
                0x08008ab8                typeinfo name for ros::NodeHandleBase_
 .rodata._ZTIN3ros15NodeHandleBase_E
                0x08008ad0        0x8 Application\User\main.o
                0x08008ad0                typeinfo for ros::NodeHandleBase_
 .rodata._ZTSN3ros11Subscriber_E
                0x08008ad8       0x14 Application\User\main.o
                0x08008ad8                typeinfo name for ros::Subscriber_
 .rodata._ZTIN3ros11Subscriber_E
                0x08008aec        0x8 Application\User\main.o
                0x08008aec                typeinfo for ros::Subscriber_
 .rodata._ZTSN8std_msgs4Int8E
                0x08008af4       0x11 Application\User\main.o
                0x08008af4                typeinfo name for std_msgs::Int8
 *fill*         0x08008b05        0x3 
 .rodata._ZTIN8std_msgs4Int8E
                0x08008b08        0xc Application\User\main.o
                0x08008b08                typeinfo for std_msgs::Int8
 .rodata._ZTSN13geometry_msgs7Vector3E
                0x08008b14       0x1a Application\User\main.o
                0x08008b14                typeinfo name for geometry_msgs::Vector3
 *fill*         0x08008b2e        0x2 
 .rodata._ZTIN13geometry_msgs7Vector3E
                0x08008b30        0xc Application\User\main.o
                0x08008b30                typeinfo for geometry_msgs::Vector3
 .rodata._ZTSN13geometry_msgs5TwistE
                0x08008b3c       0x18 Application\User\main.o
                0x08008b3c                typeinfo name for geometry_msgs::Twist
 .rodata._ZTIN13geometry_msgs5TwistE
                0x08008b54        0xc Application\User\main.o
                0x08008b54                typeinfo for geometry_msgs::Twist
 .rodata._ZTSN3ros11NodeHandle_I13STMF4HardwareLi20ELi20ELi255ELi255EEE
                0x08008b60       0x3b Application\User\main.o
                0x08008b60                typeinfo name for ros::NodeHandle_<STMF4Hardware, 20, 20, 255, 255>
 *fill*         0x08008b9b        0x1 
 .rodata._ZTIN3ros11NodeHandle_I13STMF4HardwareLi20ELi20ELi255ELi255EEE
                0x08008b9c        0xc Application\User\main.o
                0x08008b9c                typeinfo for ros::NodeHandle_<STMF4Hardware, 20, 20, 255, 255>
 .rodata._ZTSN17aerial_robot_msgs3ImuE
                0x08008ba8       0x1a Application\User\main.o
                0x08008ba8                typeinfo name for aerial_robot_msgs::Imu
 *fill*         0x08008bc2        0x2 
 .rodata._ZTIN17aerial_robot_msgs3ImuE
                0x08008bc4        0xc Application\User\main.o
                0x08008bc4                typeinfo for aerial_robot_msgs::Imu
 .rodata._ZTSN17aerial_robot_base11DesireCoordE
                0x08008bd0       0x23 Application\User\main.o
                0x08008bd0                typeinfo name for aerial_robot_base::DesireCoord
 *fill*         0x08008bf3        0x1 
 .rodata._ZTIN17aerial_robot_base11DesireCoordE
                0x08008bf4        0xc Application\User\main.o
                0x08008bf4                typeinfo for aerial_robot_base::DesireCoord
 .rodata._ZTS18EstimatorAlgorithm
                0x08008c00       0x15 Application\User\main.o
                0x08008c00                typeinfo name for EstimatorAlgorithm
 *fill*         0x08008c15        0x3 
 .rodata._ZTI18EstimatorAlgorithm
                0x08008c18        0x8 Application\User\main.o
                0x08008c18                typeinfo for EstimatorAlgorithm
 .rodata._ZTS17ComplementaryAHRS
                0x08008c20       0x14 Application\User\main.o
                0x08008c20                typeinfo name for ComplementaryAHRS
 .rodata._ZTI17ComplementaryAHRS
                0x08008c34        0xc Application\User\main.o
                0x08008c34                typeinfo for ComplementaryAHRS
 .rodata._ZTSN3ros11Subscriber2IN17aerial_robot_base11DesireCoordE16AttitudeEstimateEE
                0x08008c40       0x4a Application\User\main.o
                0x08008c40                typeinfo name for ros::Subscriber2<aerial_robot_base::DesireCoord, AttitudeEstimate>
 *fill*         0x08008c8a        0x2 
 .rodata._ZTIN3ros11Subscriber2IN17aerial_robot_base11DesireCoordE16AttitudeEstimateEE
                0x08008c8c        0xc Application\User\main.o
                0x08008c8c                typeinfo for ros::Subscriber2<aerial_robot_base::DesireCoord, AttitudeEstimate>
 .rodata._ZTSN17aerial_robot_msgs9BarometerE
                0x08008c98       0x20 Application\User\main.o
                0x08008c98                typeinfo name for aerial_robot_msgs::Barometer
 .rodata._ZTIN17aerial_robot_msgs9BarometerE
                0x08008cb8        0xc Application\User\main.o
                0x08008cb8                typeinfo for aerial_robot_msgs::Barometer
 .rodata._ZTSN17aerial_robot_msgs3GpsE
                0x08008cc4       0x1a Application\User\main.o
                0x08008cc4                typeinfo name for aerial_robot_msgs::Gps
 *fill*         0x08008cde        0x2 
 .rodata._ZTIN17aerial_robot_msgs3GpsE
                0x08008ce0        0xc Application\User\main.o
                0x08008ce0                typeinfo for aerial_robot_msgs::Gps
 .rodata._ZTVN8std_msgs4TimeE
                0x08008cec       0x18 Application\User\main.o
                0x08008cec                vtable for std_msgs::Time
 .rodata._ZTVN14rosserial_msgs9TopicInfoE
                0x08008d04       0x18 Application\User\main.o
                0x08008d04                vtable for rosserial_msgs::TopicInfo
 .rodata._ZTVN14rosserial_msgs3LogE
                0x08008d1c       0x18 Application\User\main.o
                0x08008d1c                vtable for rosserial_msgs::Log
 .rodata._ZTVN14rosserial_msgs20RequestParamResponseE
                0x08008d34       0x18 Application\User\main.o
                0x08008d34                vtable for rosserial_msgs::RequestParamResponse
 .rodata._ZTVN8std_msgs4Int8E
                0x08008d4c       0x18 Application\User\main.o
                0x08008d4c                vtable for std_msgs::Int8
 .rodata._ZTVN13geometry_msgs7Vector3E
                0x08008d64       0x18 Application\User\main.o
                0x08008d64                vtable for geometry_msgs::Vector3
 .rodata._ZTVN13geometry_msgs5TwistE
                0x08008d7c       0x18 Application\User\main.o
                0x08008d7c                vtable for geometry_msgs::Twist
 .rodata._ZTVN3ros11NodeHandle_I13STMF4HardwareLi20ELi20ELi255ELi255EEE
                0x08008d94       0x14 Application\User\main.o
                0x08008d94                vtable for ros::NodeHandle_<STMF4Hardware, 20, 20, 255, 255>
 .rodata._ZTVN17aerial_robot_msgs3ImuE
                0x08008da8       0x18 Application\User\main.o
                0x08008da8                vtable for aerial_robot_msgs::Imu
 .rodata._ZTVN17aerial_robot_base11DesireCoordE
                0x08008dc0       0x18 Application\User\main.o
                0x08008dc0                vtable for aerial_robot_base::DesireCoord
 .rodata._ZTV17ComplementaryAHRS
                0x08008dd8        0xc Application\User\main.o
                0x08008dd8                vtable for ComplementaryAHRS
 .rodata._ZTVN3ros11Subscriber2IN17aerial_robot_base11DesireCoordE16AttitudeEstimateEE
                0x08008de4       0x18 Application\User\main.o
                0x08008de4                vtable for ros::Subscriber2<aerial_robot_base::DesireCoord, AttitudeEstimate>
 .rodata._ZTVN17aerial_robot_msgs9BarometerE
                0x08008dfc       0x18 Application\User\main.o
                0x08008dfc                vtable for aerial_robot_msgs::Barometer
 .rodata._ZTVN17aerial_robot_msgs3GpsE
                0x08008e14       0x18 Application\User\main.o
                0x08008e14                vtable for aerial_robot_msgs::Gps
 .rodata.str1.1
                0x08008e2c      0x2aa Application\User\main.o
                                0x2ab (size before relaxing)
 .rodata.str1.1
                0x080090d6       0x13 Application\User\spi.o
 .rodata.str1.1
                0x080090e9       0x15 Application\User\usart.o
 .rodata._ZTSN8std_msgs5UInt8E
                0x080090fe       0x12 Application\imu\imu_mpu9250.o
                0x080090fe                typeinfo name for std_msgs::UInt8
 .rodata._ZTIN8std_msgs5UInt8E
                0x08009110        0xc Application\imu\imu_mpu9250.o
                0x08009110                typeinfo for std_msgs::UInt8
 .rodata._ZTSN3ros11Subscriber2IN8std_msgs5UInt8E3IMUEE
                0x0800911c       0x2b Application\imu\imu_mpu9250.o
                0x0800911c                typeinfo name for ros::Subscriber2<std_msgs::UInt8, IMU>
 *fill*         0x08009147        0x1 
 .rodata._ZTIN3ros11Subscriber2IN8std_msgs5UInt8E3IMUEE
                0x08009148        0xc Application\imu\imu_mpu9250.o
                0x08009148                typeinfo for ros::Subscriber2<std_msgs::UInt8, IMU>
 .rodata._ZTVN8std_msgs5UInt8E
                0x08009154       0x18 Application\imu\imu_mpu9250.o
                0x08009154                vtable for std_msgs::UInt8
 .rodata._ZTVN3ros11Subscriber2IN8std_msgs5UInt8E3IMUEE
                0x0800916c       0x18 Application\imu\imu_mpu9250.o
                0x0800916c                vtable for ros::Subscriber2<std_msgs::UInt8, IMU>
 .rodata.str1.1
                0x08009184       0x40 Application\imu\imu_mpu9250.o
 .rodata.AHBPrescTable
                0x080091c4       0x10 Drivers\CMSIS\system_stm32f4xx.o
                0x080091c4                AHBPrescTable
 .rodata.APBPrescTable
                0x080091d4        0x8 Drivers\CMSIS\system_stm32f4xx.o
                0x080091d4                APBPrescTable
 .rodata._ZZL23DMA_CalcBaseAndBitshiftP19__DMA_HandleTypeDefE18flagBitshiftOffset
                0x080091dc        0x8 Drivers\STM32F4xx_HAL_Driver\stm32f4xx_hal_dma.o
 .rodata._ZTVN10__cxxabiv117__class_type_infoE
                0x080091e4       0x2c c:/program files (x86)/atollic/truestudio for arm 7.0.0/armtools/bin/../lib/gcc/arm-atollic-eabi/5.3.1/../../../../arm-atollic-eabi/lib/armv7e-m/fpu\libstdc++_nano.a(class_type_info.o)
                0x080091e4                vtable for __cxxabiv1::__class_type_info
 .rodata._ZTIN10__cxxabiv117__class_type_infoE
                0x08009210        0xc c:/program files (x86)/atollic/truestudio for arm 7.0.0/armtools/bin/../lib/gcc/arm-atollic-eabi/5.3.1/../../../../arm-atollic-eabi/lib/armv7e-m/fpu\libstdc++_nano.a(class_type_info.o)
                0x08009210                typeinfo for __cxxabiv1::__class_type_info
 .rodata._ZTSN10__cxxabiv117__class_type_infoE
                0x0800921c       0x22 c:/program files (x86)/atollic/truestudio for arm 7.0.0/armtools/bin/../lib/gcc/arm-atollic-eabi/5.3.1/../../../../arm-atollic-eabi/lib/armv7e-m/fpu\libstdc++_nano.a(class_type_info.o)
                0x0800921c                typeinfo name for __cxxabiv1::__class_type_info
 .rodata._ZTSN10__cxxabiv115__forced_unwindE
                0x0800923e       0x20 c:/program files (x86)/atollic/truestudio for arm 7.0.0/armtools/bin/../lib/gcc/arm-atollic-eabi/5.3.1/../../../../arm-atollic-eabi/lib/armv7e-m/fpu\libstdc++_nano.a(eh_exception.o)
                0x0800923e                typeinfo name for __cxxabiv1::__forced_unwind
 *fill*         0x0800925e        0x2 
 .rodata._ZTIN10__cxxabiv115__forced_unwindE
                0x08009260        0x8 c:/program files (x86)/atollic/truestudio for arm 7.0.0/armtools/bin/../lib/gcc/arm-atollic-eabi/5.3.1/../../../../arm-atollic-eabi/lib/armv7e-m/fpu\libstdc++_nano.a(eh_exception.o)
                0x08009260                typeinfo for __cxxabiv1::__forced_unwind
 .rodata._ZTSN10__cxxabiv119__foreign_exceptionE
                0x08009268       0x24 c:/program files (x86)/atollic/truestudio for arm 7.0.0/armtools/bin/../lib/gcc/arm-atollic-eabi/5.3.1/../../../../arm-atollic-eabi/lib/armv7e-m/fpu\libstdc++_nano.a(eh_exception.o)
                0x08009268                typeinfo name for __cxxabiv1::__foreign_exception
 .rodata._ZTIN10__cxxabiv119__foreign_exceptionE
                0x0800928c        0x8 c:/program files (x86)/atollic/truestudio for arm 7.0.0/armtools/bin/../lib/gcc/arm-atollic-eabi/5.3.1/../../../../arm-atollic-eabi/lib/armv7e-m/fpu\libstdc++_nano.a(eh_exception.o)
                0x0800928c                typeinfo for __cxxabiv1::__foreign_exception
 .rodata._ZTISt9type_info
                0x08009294        0x8 c:/program files (x86)/atollic/truestudio for arm 7.0.0/armtools/bin/../lib/gcc/arm-atollic-eabi/5.3.1/../../../../arm-atollic-eabi/lib/armv7e-m/fpu\libstdc++_nano.a(tinfo.o)
                0x08009294                typeinfo for std::type_info
 .rodata._ZTSSt9type_info
                0x0800929c        0xd c:/program files (x86)/atollic/truestudio for arm 7.0.0/armtools/bin/../lib/gcc/arm-atollic-eabi/5.3.1/../../../../arm-atollic-eabi/lib/armv7e-m/fpu\libstdc++_nano.a(tinfo.o)
                0x0800929c                typeinfo name for std::type_info
 *fill*         0x080092a9        0x3 
 .rodata._ZTVN10__cxxabiv120__si_class_type_infoE
                0x080092ac       0x2c c:/program files (x86)/atollic/truestudio for arm 7.0.0/armtools/bin/../lib/gcc/arm-atollic-eabi/5.3.1/../../../../arm-atollic-eabi/lib/armv7e-m/fpu\libstdc++_nano.a(si_class_type_info.o)
                0x080092ac                vtable for __cxxabiv1::__si_class_type_info
 .rodata._ZTIN10__cxxabiv120__si_class_type_infoE