Archive member included to satisfy reference by file (symbol)

../../../Jsk_Lib/lib/libjskmath.a(vector3.o)
                              Application/User/main.o (Vector3<float>::operator%(Vector3<float> const&) const)
../../../Jsk_Lib/lib/libjskmath.a(matrix3.o)
                              Application/User/main.o (Matrix3<float>::from_euler(float, float, float))
../../../Jsk_Lib/lib/libjskmath.a(AP_Math.o)
                              ../../../Jsk_Lib/lib/libjskmath.a(matrix3.o) (safe_asin(float))
/opt/Atollic_TrueSTUDIO_for_ARM_x86_64_8.1.0/ARMTools/bin/../lib/gcc/arm-atollic-eabi/6.3.1/../../../../arm-atollic-eabi/lib/armv7e-m/fpu/libstdc++_nano.a(si_class_type_info.o)
                              Application/User/main.o (vtable for __cxxabiv1::__si_class_type_info)
/opt/Atollic_TrueSTUDIO_for_ARM_x86_64_8.1.0/ARMTools/bin/../lib/gcc/arm-atollic-eabi/6.3.1/../../../../arm-atollic-eabi/lib/armv7e-m/fpu/libstdc++_nano.a(del_op.o)
                              Application/User/main.o (operator delete(void*))
/opt/Atollic_TrueSTUDIO_for_ARM_x86_64_8.1.0/ARMTools/bin/../lib/gcc/arm-atollic-eabi/6.3.1/../../../../arm-atollic-eabi/lib/armv7e-m/fpu/libstdc++_nano.a(atexit_arm.o)
                              Application/User/main.o (__aeabi_atexit)
/opt/Atollic_TrueSTUDIO_for_ARM_x86_64_8.1.0/ARMTools/bin/../lib/gcc/arm-atollic-eabi/6.3.1/../../../../arm-atollic-eabi/lib/armv7e-m/fpu/libstdc++_nano.a(new_op.o)
                              Application/User/main.o (operator new(unsigned int))
/opt/Atollic_TrueSTUDIO_for_ARM_x86_64_8.1.0/ARMTools/bin/../lib/gcc/arm-atollic-eabi/6.3.1/../../../../arm-atollic-eabi/lib/armv7e-m/fpu/libstdc++_nano.a(eh_arm.o)
                              Application/User/main.o (__cxa_end_cleanup)
/opt/Atollic_TrueSTUDIO_for_ARM_x86_64_8.1.0/ARMTools/bin/../lib/gcc/arm-atollic-eabi/6.3.1/../../../../arm-atollic-eabi/lib/armv7e-m/fpu/libstdc++_nano.a(eh_personality.o)
                              Application/User/main.o (__gxx_personality_v0)
/opt/Atollic_TrueSTUDIO_for_ARM_x86_64_8.1.0/ARMTools/bin/../lib/gcc/arm-atollic-eabi/6.3.1/../../../../arm-atollic-eabi/lib/armv7e-m/fpu/libstdc++_nano.a(del_ops.o)
                              /opt/Atollic_TrueSTUDIO_for_ARM_x86_64_8.1.0/ARMTools/bin/../lib/gcc/arm-atollic-eabi/6.3.1/../../../../arm-atollic-eabi/lib/armv7e-m/fpu/libstdc++_nano.a(si_class_type_info.o) (operator delete(void*, unsigned int))
/opt/Atollic_TrueSTUDIO_for_ARM_x86_64_8.1.0/ARMTools/bin/../lib/gcc/arm-atollic-eabi/6.3.1/../../../../arm-atollic-eabi/lib/armv7e-m/fpu/libstdc++_nano.a(new_handler.o)
                              /opt/Atollic_TrueSTUDIO_for_ARM_x86_64_8.1.0/ARMTools/bin/../lib/gcc/arm-atollic-eabi/6.3.1/../../../../arm-atollic-eabi/lib/armv7e-m/fpu/libstdc++_nano.a(new_op.o) (std::get_new_handler())
/opt/Atollic_TrueSTUDIO_for_ARM_x86_64_8.1.0/ARMTools/bin/../lib/gcc/arm-atollic-eabi/6.3.1/../../../../arm-atollic-eabi/lib/armv7e-m/fpu/libstdc++_nano.a(class_type_info.o)
                              /opt/Atollic_TrueSTUDIO_for_ARM_x86_64_8.1.0/ARMTools/bin/../lib/gcc/arm-atollic-eabi/6.3.1/../../../../arm-atollic-eabi/lib/armv7e-m/fpu/libstdc++_nano.a(si_class_type_info.o) (__cxxabiv1::__class_type_info::__do_upcast(__cxxabiv1::__class_type_info const*, void**) const)
/opt/Atollic_TrueSTUDIO_for_ARM_x86_64_8.1.0/ARMTools/bin/../lib/gcc/arm-atollic-eabi/6.3.1/../../../../arm-atollic-eabi/lib/armv7e-m/fpu/libstdc++_nano.a(tinfo.o)
                              /opt/Atollic_TrueSTUDIO_for_ARM_x86_64_8.1.0/ARMTools/bin/../lib/gcc/arm-atollic-eabi/6.3.1/../../../../arm-atollic-eabi/lib/armv7e-m/fpu/libstdc++_nano.a(class_type_info.o) (std::type_info::~type_info())
/opt/Atollic_TrueSTUDIO_for_ARM_x86_64_8.1.0/ARMTools/bin/../lib/gcc/arm-atollic-eabi/6.3.1/../../../../arm-atollic-eabi/lib/armv7e-m/fpu/libstdc++_nano.a(eh_exception.o)
                              /opt/Atollic_TrueSTUDIO_for_ARM_x86_64_8.1.0/ARMTools/bin/../lib/gcc/arm-atollic-eabi/6.3.1/../../../../arm-atollic-eabi/lib/armv7e-m/fpu/libstdc++_nano.a(eh_arm.o) (typeinfo for __cxxabiv1::__forced_unwind)
/opt/Atollic_TrueSTUDIO_for_ARM_x86_64_8.1.0/ARMTools/bin/../lib/gcc/arm-atollic-eabi/6.3.1/../../../../arm-atollic-eabi/lib/armv7e-m/fpu/libstdc++_nano.a(eh_call.o)
                              /opt/Atollic_TrueSTUDIO_for_ARM_x86_64_8.1.0/ARMTools/bin/../lib/gcc/arm-atollic-eabi/6.3.1/../../../../arm-atollic-eabi/lib/armv7e-m/fpu/libstdc++_nano.a(eh_personality.o) (__cxa_call_terminate)
/opt/Atollic_TrueSTUDIO_for_ARM_x86_64_8.1.0/ARMTools/bin/../lib/gcc/arm-atollic-eabi/6.3.1/../../../../arm-atollic-eabi/lib/armv7e-m/fpu/libstdc++_nano.a(pure.o)
                              /opt/Atollic_TrueSTUDIO_for_ARM_x86_64_8.1.0/ARMTools/bin/../lib/gcc/arm-atollic-eabi/6.3.1/../../../../arm-atollic-eabi/lib/armv7e-m/fpu/libstdc++_nano.a(eh_exception.o) (__cxa_pure_virtual)
[...]
Memory Configuration

Name             Origin             Length             Attributes
RAM              0x0000000020000000 0x0000000000008000 xrw
FLASH            0x0000000008000000 0x0000000000020000 xr
*default*        0x0000000000000000 0xffffffffffffffff

Linker script and memory map

LOAD /opt/Atollic_TrueSTUDIO_for_ARM_x86_64_8.1.0/ARMTools/bin/../lib/gcc/arm-atollic-eabi/6.3.1/armv7e-m/fpu/crti.o
LOAD /opt/Atollic_TrueSTUDIO_for_ARM_x86_64_8.1.0/ARMTools/bin/../lib/gcc/arm-atollic-eabi/6.3.1/armv7e-m/fpu/crtbegin.o
LOAD Application/TrueSTUDIO/startup_stm32f410cx.o
LOAD Application/User/adc.o
LOAD Application/User/dma.o
LOAD Application/User/gpio.o
LOAD Application/User/i2c.o
LOAD Application/User/iwdg.o
LOAD Application/User/main.o
LOAD Application/User/spi.o
LOAD Application/User/stm32f4xx_hal_msp.o
LOAD Application/User/stm32f4xx_it.o
LOAD Application/User/usart.o
LOAD Application/imu/imu_mpu9250.o
LOAD Application/ros/duration.o
LOAD Application/ros/time.o
LOAD Drivers/CMSIS/system_stm32f4xx.o
LOAD Drivers/STM32F4xx_HAL_Driver/stm32f4xx_hal.o
LOAD Drivers/STM32F4xx_HAL_Driver/stm32f4xx_hal_adc.o
LOAD Drivers/STM32F4xx_HAL_Driver/stm32f4xx_hal_adc_ex.o
LOAD Drivers/STM32F4xx_HAL_Driver/stm32f4xx_hal_cortex.o
LOAD Drivers/STM32F4xx_HAL_Driver/stm32f4xx_hal_dma.o
LOAD Drivers/STM32F4xx_HAL_Driver/stm32f4xx_hal_dma_ex.o
LOAD Drivers/STM32F4xx_HAL_Driver/stm32f4xx_hal_flash.o
LOAD Drivers/STM32F4xx_HAL_Driver/stm32f4xx_hal_flash_ex.o
LOAD Drivers/STM32F4xx_HAL_Driver/stm32f4xx_hal_flash_ramfunc.o
LOAD Drivers/STM32F4xx_HAL_Driver/stm32f4xx_hal_gpio.o
LOAD Drivers/STM32F4xx_HAL_Driver/stm32f4xx_hal_i2c.o
LOAD Drivers/STM32F4xx_HAL_Driver/stm32f4xx_hal_i2c_ex.o
LOAD Drivers/STM32F4xx_HAL_Driver/stm32f4xx_hal_iwdg.o
LOAD Drivers/STM32F4xx_HAL_Driver/stm32f4xx_hal_pwr.o
LOAD Drivers/STM32F4xx_HAL_Driver/stm32f4xx_hal_pwr_ex.o
LOAD Drivers/STM32F4xx_HAL_Driver/stm32f4xx_hal_rcc.o
LOAD Drivers/STM32F4xx_HAL_Driver/stm32f4xx_hal_rcc_ex.o
LOAD Drivers/STM32F4xx_HAL_Driver/stm32f4xx_hal_spi.o
LOAD Drivers/STM32F4xx_HAL_Driver/stm32f4xx_hal_tim.o
LOAD Drivers/STM32F4xx_HAL_Driver/stm32f4xx_hal_tim_ex.o
LOAD Drivers/STM32F4xx_HAL_Driver/stm32f4xx_hal_uart.o
LOAD ../../../Jsk_Lib/lib/libjskmath.a
                0x0000000000001000                malloc_getpagesize_P = 0x1000
START GROUP
LOAD /opt/Atollic_TrueSTUDIO_for_ARM_x86_64_8.1.0/ARMTools/bin/../lib/gcc/arm-atollic-eabi/6.3.1/../../../../arm-atollic-eabi/lib/armv7e-m/fpu/libstdc++_nano.a
LOAD /opt/Atollic_TrueSTUDIO_for_ARM_x86_64_8.1.0/ARMTools/bin/../lib/gcc/arm-atollic-eabi/6.3.1/../../../../arm-atollic-eabi/lib/armv7e-m/fpu/libsupc++_nano.a
END GROUP
LOAD /opt/Atollic_TrueSTUDIO_for_ARM_x86_64_8.1.0/ARMTools/bin/../lib/gcc/arm-atollic-eabi/6.3.1/../../../../arm-atollic-eabi/lib/armv7e-m/fpu/libstdc++_nano.a
LOAD /opt/Atollic_TrueSTUDIO_for_ARM_x86_64_8.1.0/ARMTools/bin/../lib/gcc/arm-atollic-eabi/6.3.1/../../../../arm-atollic-eabi/lib/armv7e-m/fpu/libm.a
LOAD /opt/Atollic_TrueSTUDIO_for_ARM_x86_64_8.1.0/ARMTools/bin/../lib/gcc/arm-atollic-eabi/6.3.1/../../../../arm-atollic-eabi/lib/armv7e-m/fpu/libc.a
START GROUP
LOAD /opt/Atollic_TrueSTUDIO_for_ARM_x86_64_8.1.0/ARMTools/bin/../lib/gcc/arm-atollic-eabi/6.3.1/armv7e-m/fpu/libgcc.a
LOAD /opt/Atollic_TrueSTUDIO_for_ARM_x86_64_8.1.0/ARMTools/bin/../lib/gcc/arm-atollic-eabi/6.3.1/../../../../arm-atollic-eabi/lib/armv7e-m/fpu/libc.a
END GROUP
START GROUP
LOAD /opt/Atollic_TrueSTUDIO_for_ARM_x86_64_8.1.0/ARMTools/bin/../lib/gcc/arm-atollic-eabi/6.3.1/armv7e-m/fpu/libgcc.a
LOAD /opt/Atollic_TrueSTUDIO_for_ARM_x86_64_8.1.0/ARMTools/bin/../lib/gcc/arm-atollic-eabi/6.3.1/../../../../arm-atollic-eabi/lib/armv7e-m/fpu/libc.a
LOAD /opt/Atollic_TrueSTUDIO_for_ARM_x86_64_8.1.0/ARMTools/bin/../lib/gcc/arm-atollic-eabi/6.3.1/../../../../arm-atollic-eabi/lib/armv7e-m/fpu/libnosys.a
END GROUP
START GROUP
LOAD /opt/Atollic_TrueSTUDIO_for_ARM_x86_64_8.1.0/ARMTools/bin/../lib/gcc/arm-atollic-eabi/6.3.1/armv7e-m/fpu/libgcc.a
LOAD /opt/Atollic_TrueSTUDIO_for_ARM_x86_64_8.1.0/ARMTools/bin/../lib/gcc/arm-atollic-eabi/6.3.1/../../../../arm-atollic-eabi/lib/armv7e-m/fpu/libc.a
LOAD /opt/Atollic_TrueSTUDIO_for_ARM_x86_64_8.1.0/ARMTools/bin/../lib/gcc/arm-atollic-eabi/6.3.1/../../../../arm-atollic-eabi/lib/armv7e-m/fpu/libnosys.a
END GROUP
LOAD /opt/Atollic_TrueSTUDIO_for_ARM_x86_64_8.1.0/ARMTools/bin/../lib/gcc/arm-atollic-eabi/6.3.1/armv7e-m/fpu/crtend.o
LOAD /opt/Atollic_TrueSTUDIO_for_ARM_x86_64_8.1.0/ARMTools/bin/../lib/gcc/arm-atollic-eabi/6.3.1/armv7e-m/fpu/crtn.o
                0x0000000020008000                _estack = 0x20008000
                0x0000000000000200                _Min_Heap_Size = 0x200
                0x0000000000000400                _Min_Stack_Size = 0x400

.isr_vector     0x0000000008000000      0x1c8
                0x0000000008000000                . = ALIGN (0x4)
 *(.isr_vector)
 .isr_vector    0x0000000008000000      0x1c8 Application/TrueSTUDIO/startup_stm32f410cx.o
                0x0000000008000000                g_pfnVectors
                0x00000000080001c8                . = ALIGN (0x4)

.text           0x00000000080001c8     0x8a1c
                0x00000000080001c8                . = ALIGN (0x4)
 *(.text)
 .text          0x00000000080001c8       0x40 /opt/Atollic_TrueSTUDIO_for_ARM_x86_64_8.1.0/ARMTools/bin/../lib/gcc/arm-atollic-eabi/6.3.1/armv7e-m/fpu/crtbegin.o
 .text          0x0000000008000208       0x14 /opt/Atollic_TrueSTUDIO_for_ARM_x86_64_8.1.0/ARMTools/bin/../lib/gcc/arm-atollic-eabi/6.3.1/../../../../arm-atollic-eabi/lib/armv7e-m/fpu/libc.a(lib_a-strcmp.o)
                0x0000000008000208                strcmp
 .text          0x000000000800021c       0x10 /opt/Atollic_TrueSTUDIO_for_ARM_x86_64_8.1.0/ARMTools/bin/../lib/gcc/arm-atollic-eabi/6.3.1/../../../../arm-atollic-eabi/lib/armv7e-m/fpu/libc.a(lib_a-strlen.o)
                0x000000000800021c                strlen
 .text          0x000000000800022c       0x30 /opt/Atollic_TrueSTUDIO_for_ARM_x86_64_8.1.0/ARMTools/bin/../lib/gcc/arm-atollic-eabi/6.3.1/armv7e-m/fpu/libgcc.a(_aeabi_uldivmod.o)
                0x000000000800022c                __aeabi_uldivmod
 .text          0x000000000800025c      0x2dc /opt/Atollic_TrueSTUDIO_for_ARM_x86_64_8.1.0/ARMTools/bin/../lib/gcc/arm-atollic-eabi/6.3.1/armv7e-m/fpu/libgcc.a(_udivmoddi4.o)
                0x000000000800025c                __udivmoddi4
 .text          0x0000000008000538      0x9cc /opt/Atollic_TrueSTUDIO_for_ARM_x86_64_8.1.0/ARMTools/bin/../lib/gcc/arm-atollic-eabi/6.3.1/armv7e-m/fpu/libgcc.a(unwind-arm.o)
                0x00000000080007f8                _Unwind_GetCFA
                0x00000000080007fc                __gnu_Unwind_RaiseException
                0x000000000800085c                __gnu_Unwind_ForcedUnwind
                0x0000000008000870                __gnu_Unwind_Resume
                0x00000000080008b4                __gnu_Unwind_Resume_or_Rethrow
                0x00000000080008c4                _Unwind_Complete
                0x00000000080008c8                _Unwind_DeleteException
                0x00000000080008d4                _Unwind_VRS_Get
                0x0000000008000920                _Unwind_VRS_Set
                0x0000000008000970                __gnu_Unwind_Backtrace
                0x0000000008000cb0                __aeabi_unwind_cpp_pr0
                0x0000000008000cb4                __aeabi_unwind_cpp_pr1
                0x0000000008000cb8                __aeabi_unwind_cpp_pr2
                0x0000000008000cbc                _Unwind_VRS_Pop
 .text          0x0000000008000f04      0x1ac /opt/Atollic_TrueSTUDIO_for_ARM_x86_64_8.1.0/ARMTools/bin/../lib/gcc/arm-atollic-eabi/6.3.1/armv7e-m/fpu/libgcc.a(libunwind.o)
                0x0000000008000f04                __restore_core_regs
                0x0000000008000f04                restore_core_regs
                0x0000000008000f1c                __gnu_Unwind_Restore_VFP
                0x0000000008000f24                __gnu_Unwind_Save_VFP
                0x0000000008000f2c                __gnu_Unwind_Restore_VFP_D
                0x0000000008000f34                __gnu_Unwind_Save_VFP_D
                0x0000000008000f3c                __gnu_Unwind_Restore_VFP_D_16_to_31
                0x0000000008000f44                __gnu_Unwind_Save_VFP_D_16_to_31
                0x0000000008000f4c                __gnu_Unwind_Restore_WMMXD
                0x0000000008000f90                __gnu_Unwind_Save_WMMXD
                0x0000000008000fd4                __gnu_Unwind_Restore_WMMXC
                0x0000000008000fe8                __gnu_Unwind_Save_WMMXC
                0x0000000008000ffc                ___Unwind_RaiseException
                0x0000000008000ffc                _Unwind_RaiseException
                0x0000000008001020                ___Unwind_Resume
                0x0000000008001020                _Unwind_Resume
                0x0000000008001044                _Unwind_Resume_or_Rethrow
                0x0000000008001044                ___Unwind_Resume_or_Rethrow
                0x0000000008001068                ___Unwind_ForcedUnwind
                0x0000000008001068                _Unwind_ForcedUnwind
                0x000000000800108c                _Unwind_Backtrace
                0x000000000800108c                ___Unwind_Backtrace
 .text          0x00000000080010b0      0x380 /opt/Atollic_TrueSTUDIO_for_ARM_x86_64_8.1.0/ARMTools/bin/../lib/gcc/arm-atollic-eabi/6.3.1/armv7e-m/fpu/libgcc.a(pr-support.o)
                0x0000000008001108                __gnu_unwind_execute
                0x00000000080013d8                __gnu_unwind_frame
                0x0000000008001400                _Unwind_GetRegionStart
                0x000000000800140c                _Unwind_GetLanguageSpecificData
                0x0000000008001420                _Unwind_GetTextRelBase
                0x0000000008001428                _Unwind_GetDataRelBase
 .text          0x0000000008001430        0x4 /opt/Atollic_TrueSTUDIO_for_ARM_x86_64_8.1.0/ARMTools/bin/../lib/gcc/arm-atollic-eabi/6.3.1/armv7e-m/fpu/libgcc.a(_dvmd_tls.o)
                0x0000000008001430                __aeabi_ldiv0
                0x0000000008001430                __aeabi_idiv0
 *(.text*)
 .text.Reset_Handler
                0x0000000008001434       0x50 Application/TrueSTUDIO/startup_stm32f410cx.o
                0x0000000008001434                Reset_Handler
 .text.Default_Handler
                0x0000000008001484        0x2 Application/TrueSTUDIO/startup_stm32f410cx.o
                0x0000000008001484                RTC_Alarm_IRQHandler
                0x0000000008001484                EXTI2_IRQHandler
                0x0000000008001484                FMPI2C1_EV_IRQHandler
                0x0000000008001484                TIM1_CC_IRQHandler
                0x0000000008001484                DMA2_Stream5_IRQHandler
                0x0000000008001484                DMA1_Stream5_IRQHandler
                0x0000000008001484                PVD_IRQHandler
                0x0000000008001484                TAMP_STAMP_IRQHandler
                0x0000000008001484                EXTI3_IRQHandler
                0x0000000008001484                EXTI0_IRQHandler
                0x0000000008001484                I2C2_EV_IRQHandler
                0x0000000008001484                DMA1_Stream2_IRQHandler
                0x0000000008001484                FPU_IRQHandler
                0x0000000008001484                TIM6_DAC_IRQHandler
                0x0000000008001484                TIM1_BRK_TIM9_IRQHandler
                0x0000000008001484                DMA2_Stream3_IRQHandler
                0x0000000008001484                USART6_IRQHandler
                0x0000000008001484                DMA2_Stream0_IRQHandler
                0x0000000008001484                I2C1_EV_IRQHandler
                0x0000000008001484                DMA1_Stream6_IRQHandler
                0x0000000008001484                DMA1_Stream1_IRQHandler
                0x0000000008001484                RCC_IRQHandler
                0x0000000008001484                Default_Handler
                0x0000000008001484                EXTI15_10_IRQHandler
                0x0000000008001484                ADC_IRQHandler
                0x0000000008001484                DMA1_Stream7_IRQHandler
                0x0000000008001484                SPI5_IRQHandler
                0x0000000008001484                TIM5_IRQHandler
                0x0000000008001484                EXTI9_5_IRQHandler
                0x0000000008001484                RTC_WKUP_IRQHandler
                0x0000000008001484                SPI2_IRQHandler
                0x0000000008001484                DMA1_Stream0_IRQHandler
                0x0000000008001484                FMPI2C1_ER_IRQHandler
                0x0000000008001484                EXTI4_IRQHandler
                0x0000000008001484                RNG_IRQHandler
                0x0000000008001484                TIM1_UP_IRQHandler
                0x0000000008001484                WWDG_IRQHandler
                0x0000000008001484                TIM1_TRG_COM_TIM11_IRQHandler
                0x0000000008001484                EXTI1_IRQHandler
                0x0000000008001484                USART2_IRQHandler
                0x0000000008001484                I2C2_ER_IRQHandler
                0x0000000008001484                DMA2_Stream1_IRQHandler
                0x0000000008001484                FLASH_IRQHandler
                0x0000000008001484                DMA2_Stream4_IRQHandler
                0x0000000008001484                DMA1_Stream4_IRQHandler
                0x0000000008001484                I2C1_ER_IRQHandler
                0x0000000008001484                LPTIM1_IRQHandler
                0x0000000008001484                DMA2_Stream6_IRQHandler
                0x0000000008001484                DMA1_Stream3_IRQHandler
 *fill*         0x0000000008001486        0x2 
 .text.MX_ADC1_Init
                0x0000000008001488       0xac Application/User/adc.o
                0x0000000008001488                MX_ADC1_Init
 .text.HAL_ADC_MspInit
                0x0000000008001534       0x44 Application/User/adc.o
                0x0000000008001534                HAL_ADC_MspInit
 .text.MX_DMA_Init
                0x0000000008001578       0x44 Application/User/dma.o
                0x0000000008001578                MX_DMA_Init
 .text.MX_GPIO_Init
                0x00000000080015bc       0xa8 Application/User/gpio.o
                0x00000000080015bc                MX_GPIO_Init
 .text._ZNK8std_msgs4Time9serializeEPh
                0x0000000008001664       0x28 Application/User/main.o
                0x0000000008001664                std_msgs::Time::serialize(unsigned char*) const
 .text._ZN8std_msgs4Time11deserializeEPh
                0x000000000800168c       0x3c Application/User/main.o
                0x000000000800168c                std_msgs::Time::deserialize(unsigned char*)
 .text._ZN8std_msgs4Time7getTypeEv
                0x00000000080016c8        0x8 Application/User/main.o
                0x00000000080016c8                std_msgs::Time::getType()
 .text._ZN8std_msgs4Time6getMD5Ev
                0x00000000080016d0        0x8 Application/User/main.o
                0x00000000080016d0                std_msgs::Time::getMD5()
 .text._ZN14rosserial_msgs9TopicInfo11deserializeEPh
                0x00000000080016d8       0x96 Application/User/main.o
                0x00000000080016d8                rosserial_msgs::TopicInfo::deserialize(unsigned char*)
 *fill*         0x000000000800176e        0x2 
 .text._ZN14rosserial_msgs9TopicInfo7getTypeEv
                0x0000000008001770        0x8 Application/User/main.o
                0x0000000008001770                rosserial_msgs::TopicInfo::getType()
 .text._ZN14rosserial_msgs9TopicInfo6getMD5Ev
                0x0000000008001778        0x8 Application/User/main.o
                0x0000000008001778                rosserial_msgs::TopicInfo::getMD5()
 .text._ZN14rosserial_msgs3Log11deserializeEPh
                0x0000000008001780       0x2c Application/User/main.o
                0x0000000008001780                rosserial_msgs::Log::deserialize(unsigned char*)
 .text._ZN14rosserial_msgs3Log7getTypeEv
                0x00000000080017ac        0x8 Application/User/main.o
                0x00000000080017ac                rosserial_msgs::Log::getType()
 .text._ZN14rosserial_msgs3Log6getMD5Ev
                0x00000000080017b4        0x8 Application/User/main.o
                0x00000000080017b4                rosserial_msgs::Log::getMD5()
 .text._ZN14rosserial_msgs20RequestParamResponse7getTypeEv
                0x00000000080017bc        0x8 Application/User/main.o
                0x00000000080017bc                rosserial_msgs::RequestParamResponse::getType()
 .text._ZN14rosserial_msgs20RequestParamResponse6getMD5Ev
                0x00000000080017c4        0x8 Application/User/main.o
                0x00000000080017c4                rosserial_msgs::RequestParamResponse::getMD5()
 .text._ZNK6kduino8Potentio9serializeEPh
                0x00000000080017cc       0x66 Application/User/main.o
                0x00000000080017cc                kduino::Potentio::serialize(unsigned char*) const
 *fill*         0x0000000008001832        0x2 
 .text._ZN6kduino8Potentio7getTypeEv
                0x0000000008001834        0x8 Application/User/main.o
                0x0000000008001834                kduino::Potentio::getType()
 .text._ZN6kduino8Potentio6getMD5Ev
                0x000000000800183c        0x8 Application/User/main.o
                0x000000000800183c                kduino::Potentio::getMD5()
 .text._ZNK17jsk_imu_mini_msgs3Imu9serializeEPh
                0x0000000008001844       0xe8 Application/User/main.o
                0x0000000008001844                jsk_imu_mini_msgs::Imu::serialize(unsigned char*) const
 .text._ZN17jsk_imu_mini_msgs3Imu11deserializeEPh
                0x000000000800192c      0x10c Application/User/main.o
                0x000000000800192c                jsk_imu_mini_msgs::Imu::deserialize(unsigned char*)
 .text._ZN17jsk_imu_mini_msgs3Imu7getTypeEv
                0x0000000008001a38        0x8 Application/User/main.o
                0x0000000008001a38                jsk_imu_mini_msgs::Imu::getType()
 .text._ZN17jsk_imu_mini_msgs3Imu6getMD5Ev
                0x0000000008001a40        0x8 Application/User/main.o
                0x0000000008001a40                jsk_imu_mini_msgs::Imu::getMD5()
 .text._ZNK17jsk_imu_mini_msgs11DesireCoord9serializeEPh
                0x0000000008001a48       0x38 Application/User/main.o
                0x0000000008001a48                jsk_imu_mini_msgs::DesireCoord::serialize(unsigned char*) const
 .text._ZN17jsk_imu_mini_msgs11DesireCoord11deserializeEPh
                0x0000000008001a80       0x14 Application/User/main.o
                0x0000000008001a80                jsk_imu_mini_msgs::DesireCoord::deserialize(unsigned char*)
 .text._ZN17jsk_imu_mini_msgs11DesireCoord7getTypeEv
                0x0000000008001a94        0x8 Application/User/main.o
                0x0000000008001a94                jsk_imu_mini_msgs::DesireCoord::getType()
 .text._ZN17jsk_imu_mini_msgs11DesireCoord6getMD5Ev
                0x0000000008001a9c        0x8 Application/User/main.o
                0x0000000008001a9c                jsk_imu_mini_msgs::DesireCoord::getMD5()
 .text._ZNK17aerial_robot_msgs9Barometer9serializeEPh
                0x0000000008001aa4       0x58 Application/User/main.o
                0x0000000008001aa4                aerial_robot_msgs::Barometer::serialize(unsigned char*) const
 .text._ZN17aerial_robot_msgs9Barometer11deserializeEPh
                0x0000000008001afc       0x48 Application/User/main.o
                0x0000000008001afc                aerial_robot_msgs::Barometer::deserialize(unsigned char*)
 .text._ZN17aerial_robot_msgs9Barometer7getTypeEv
                0x0000000008001b44        0x8 Application/User/main.o
                0x0000000008001b44                aerial_robot_msgs::Barometer::getType()
 .text._ZN17aerial_robot_msgs9Barometer6getMD5Ev
                0x0000000008001b4c        0x8 Application/User/main.o
                0x0000000008001b4c                aerial_robot_msgs::Barometer::getMD5()
 .text._ZNK17aerial_robot_msgs3Gps9serializeEPh
                0x0000000008001b54       0x7e Application/User/main.o
                0x0000000008001b54                aerial_robot_msgs::Gps::serialize(unsigned char*) const
 .text._ZN17aerial_robot_msgs3Gps11deserializeEPh
                0x0000000008001bd2       0xa4 Application/User/main.o
                0x0000000008001bd2                aerial_robot_msgs::Gps::deserialize(unsigned char*)
 *fill*         0x0000000008001c76        0x2 
 .text._ZN17aerial_robot_msgs3Gps7getTypeEv
                0x0000000008001c78        0x8 Application/User/main.o
                0x0000000008001c78                aerial_robot_msgs::Gps::getType()
 .text._ZN17aerial_robot_msgs3Gps6getMD5Ev
                0x0000000008001c80        0x8 Application/User/main.o
                0x0000000008001c80                aerial_robot_msgs::Gps::getMD5()
 .text._ZN13StateEstimateD2Ev
                0x0000000008001c88        0x2 Application/User/main.o
                0x0000000008001c88                StateEstimate::~StateEstimate()
                0x0000000008001c88                StateEstimate::~StateEstimate()
 .text._ZN3ros11NodeHandle_I13STMF4HardwareLi20ELi20ELi255ELi255EE9connectedEv
                0x0000000008001c8a        0x6 Application/User/main.o
                0x0000000008001c8a                ros::NodeHandle_<STMF4Hardware, 20, 20, 255, 255>::connected()
 .text._ZN8TxBufferI18UART_HandleTypeDefLi50ELi250EE12TransmitCpltEP19__DMA_HandleTypeDef
                0x0000000008001c90      0x16c Application/User/main.o
                0x0000000008001c90                TxBuffer<UART_HandleTypeDef, 50, 250>::TransmitCplt(__DMA_HandleTypeDef*)
 .text._ZN8RxBufferI18UART_HandleTypeDefLi400ELi8EE11ReceiveCpltEP19__DMA_HandleTypeDef
                0x0000000008001dfc       0x5c Application/User/main.o
                0x0000000008001dfc                RxBuffer<UART_HandleTypeDef, 400, 8>::ReceiveCplt(__DMA_HandleTypeDef*)
 .text._ZN3ros11Subscriber2IN17jsk_imu_mini_msgs11DesireCoordE16AttitudeEstimateE15getEndpointTypeEv
                0x0000000008001e58        0x4 Application/User/main.o
                0x0000000008001e58                ros::Subscriber2<jsk_imu_mini_msgs::DesireCoord, AttitudeEstimate>::getEndpointType()
 .text._ZN3ros11Subscriber2IN17jsk_imu_mini_msgs11DesireCoordE16AttitudeEstimateE10getMsgTypeEv
                0x0000000008001e5c        0x8 Application/User/main.o
                0x0000000008001e5c                ros::Subscriber2<jsk_imu_mini_msgs::DesireCoord, AttitudeEstimate>::getMsgType()
 .text._ZN3ros11Subscriber2IN17jsk_imu_mini_msgs11DesireCoordE16AttitudeEstimateE9getMsgMD5Ev
                0x0000000008001e64        0x8 Application/User/main.o
                0x0000000008001e64                ros::Subscriber2<jsk_imu_mini_msgs::DesireCoord, AttitudeEstimate>::getMsgMD5()
 .text._ZN3ros11Subscriber2IN17jsk_imu_mini_msgs11DesireCoordE16AttitudeEstimateE8callbackEPh
                0x0000000008001e6c       0x2e Application/User/main.o
                0x0000000008001e6c                ros::Subscriber2<jsk_imu_mini_msgs::DesireCoord, AttitudeEstimate>::callback(unsigned char*)
 .text._ZNK14rosserial_msgs20RequestParamResponse9serializeEPh
                0x0000000008001e9a       0xd4 Application/User/main.o
                0x0000000008001e9a                rosserial_msgs::RequestParamResponse::serialize(unsigned char*) const
 .text._ZNK14rosserial_msgs3Log9serializeEPh
                0x0000000008001f6e       0x24 Application/User/main.o
                0x0000000008001f6e                rosserial_msgs::Log::serialize(unsigned char*) const
 .text._ZNK14rosserial_msgs9TopicInfo9serializeEPh
                0x0000000008001f92       0x76 Application/User/main.o
                0x0000000008001f92                rosserial_msgs::TopicInfo::serialize(unsigned char*) const
 .text._ZN14rosserial_msgs20RequestParamResponse11deserializeEPh
                0x0000000008002008      0x104 Application/User/main.o
                0x0000000008002008                rosserial_msgs::RequestParamResponse::deserialize(unsigned char*)
 .text._ZN6kduino8Potentio11deserializeEPh
                0x000000000800210c       0x86 Application/User/main.o
                0x000000000800210c                kduino::Potentio::deserialize(unsigned char*)
 *fill*         0x0000000008002192        0x2 
 .text._ZN17ComplementaryAHRS10estimationEv
                0x0000000008002194      0x278 Application/User/main.o
                0x0000000008002194                ComplementaryAHRS::estimation()
 .text._ZN16AttitudeEstimate19desireCoordCallbackERKN17jsk_imu_mini_msgs11DesireCoordE
                0x000000000800240c       0x20 Application/User/main.o
                0x000000000800240c                AttitudeEstimate::desireCoordCallback(jsk_imu_mini_msgs::DesireCoord const&)
 .text._ZN3IMUD2Ev
                0x000000000800242c       0x18 Application/User/main.o
                0x000000000800242c                IMU::~IMU()
                0x000000000800242c                IMU::~IMU()
 .text._ZN3ros9Publisher7publishEPKNS_3MsgE
                0x0000000008002444       0x16 Application/User/main.o
                0x0000000008002444                ros::Publisher::publish(ros::Msg const*)
 *fill*         0x000000000800245a        0x2 
 .text._ZN16AttitudeEstimate4initEP3IMUPN3ros11NodeHandle_I13STMF4HardwareLi20ELi20ELi255ELi255EEE
                0x000000000800245c      0x14c Application/User/main.o
                0x000000000800245c                AttitudeEstimate::init(IMU*, ros::NodeHandle_<STMF4Hardware, 20, 20, 255, 255>*)
 .text._ZN13StateEstimateC2Ev
                0x00000000080025a8       0x68 Application/User/main.o
                0x00000000080025a8                StateEstimate::StateEstimate()
                0x00000000080025a8                StateEstimate::StateEstimate()
 .text._Z18SystemClock_Configv
                0x0000000008002610       0xb0 Application/User/main.o
                0x0000000008002610                SystemClock_Config()
 .text._Error_Handler
                0x00000000080026c0        0x2 Application/User/main.o
                0x00000000080026c0                _Error_Handler
 *fill*         0x00000000080026c2        0x2 
 .text._ZN10UartDriverI18UART_HandleTypeDefLi50ELi250ELi400ELi8EEC2EPS0_
                0x00000000080026c4       0xd8 Application/User/main.o
                0x00000000080026c4                UartDriver<UART_HandleTypeDef, 50, 250, 400, 8>::UartDriver(UART_HandleTypeDef*)
                0x00000000080026c4                UartDriver<UART_HandleTypeDef, 50, 250, 400, 8>::UartDriver(UART_HandleTypeDef*)
 .text._ZN3ros11NodeHandle_I13STMF4HardwareLi20ELi20ELi255ELi255EE3nowEv
                0x000000000800279c       0x38 Application/User/main.o
                0x000000000800279c                ros::NodeHandle_<STMF4Hardware, 20, 20, 255, 255>::now()
 .text.startup.main
                0x00000000080027d4      0x1b0 Application/User/main.o
                0x00000000080027d4                main
 .text._ZN16AttitudeEstimate7publishEv
                0x0000000008002984       0xee Application/User/main.o
                0x0000000008002984                AttitudeEstimate::publish()
 .text._ZN13StateEstimate6updateEv
                0x0000000008002a72      0x1be Application/User/main.o
                0x0000000008002a72                StateEstimate::update()
 .text._ZN8TxBufferI18UART_HandleTypeDefLi50ELi250EE5writeEPhh
                0x0000000008002c30      0x188 Application/User/main.o
                0x0000000008002c30                TxBuffer<UART_HandleTypeDef, 50, 250>::write(unsigned char*, unsigned char)
 .text._ZN3ros11NodeHandle_I13STMF4HardwareLi20ELi20ELi255ELi255EE7publishEiPKNS_3MsgE
                0x0000000008002db8       0xb8 Application/User/main.o
                0x0000000008002db8                ros::NodeHandle_<STMF4Hardware, 20, 20, 255, 255>::publish(int, ros::Msg const*)
 .text._ZN3ros11NodeHandle_I13STMF4HardwareLi20ELi20ELi255ELi255EE15requestSyncTimeEv
                0x0000000008002e70       0x28 Application/User/main.o
                0x0000000008002e70                ros::NodeHandle_<STMF4Hardware, 20, 20, 255, 255>::requestSyncTime()
 .text._ZN3ros11NodeHandle_I13STMF4HardwareLi20ELi20ELi255ELi255EE15negotiateTopicsEv
                0x0000000008002e98       0xb8 Application/User/main.o
                0x0000000008002e98                ros::NodeHandle_<STMF4Hardware, 20, 20, 255, 255>::negotiateTopics()
 .text._ZN3ros11NodeHandle_I13STMF4HardwareLi20ELi20ELi255ELi255EE8syncTimeEPh
                0x0000000008002f50       0x80 Application/User/main.o
                0x0000000008002f50                ros::NodeHandle_<STMF4Hardware, 20, 20, 255, 255>::syncTime(unsigned char*)
 .text._ZN3ros11NodeHandle_I13STMF4HardwareLi20ELi20ELi255ELi255EE8spinOnceEv
                0x0000000008002fd0      0x218 Application/User/main.o
                0x0000000008002fd0                ros::NodeHandle_<STMF4Hardware, 20, 20, 255, 255>::spinOnce()
 .text.HAL_SYSTICK_Callback
                0x00000000080031e8       0x60 Application/User/main.o
                0x00000000080031e8                HAL_SYSTICK_Callback
 .text.startup._GLOBAL__sub_I_nh_
                0x0000000008003248      0x19c Application/User/main.o
 .text.MX_SPI1_Init
                0x00000000080033e4       0x4c Application/User/spi.o
                0x00000000080033e4                MX_SPI1_Init
 .text.HAL_SPI_MspInit
                0x0000000008003430       0x5c Application/User/spi.o
                0x0000000008003430                HAL_SPI_MspInit
 .text.HAL_MspInit
                0x000000000800348c       0x60 Application/User/stm32f4xx_hal_msp.o
                0x000000000800348c                HAL_MspInit
 .text.NMI_Handler
                0x00000000080034ec        0x2 Application/User/stm32f4xx_it.o
                0x00000000080034ec                NMI_Handler
 .text.HardFault_Handler
                0x00000000080034ee        0x2 Application/User/stm32f4xx_it.o
                0x00000000080034ee                HardFault_Handler
 .text.MemManage_Handler
                0x00000000080034f0        0x2 Application/User/stm32f4xx_it.o
                0x00000000080034f0                MemManage_Handler
 .text.BusFault_Handler
                0x00000000080034f2        0x2 Application/User/stm32f4xx_it.o
                0x00000000080034f2                BusFault_Handler
 .text.UsageFault_Handler
                0x00000000080034f4        0x2 Application/User/stm32f4xx_it.o
                0x00000000080034f4                UsageFault_Handler
 .text.SVC_Handler
                0x00000000080034f6        0x2 Application/User/stm32f4xx_it.o
                0x00000000080034f6                SVC_Handler
 .text.DebugMon_Handler
                0x00000000080034f8        0x2 Application/User/stm32f4xx_it.o
                0x00000000080034f8                DebugMon_Handler
 .text.PendSV_Handler
                0x00000000080034fa        0x2 Application/User/stm32f4xx_it.o
                0x00000000080034fa                PendSV_Handler
 .text.SysTick_Handler
                0x00000000080034fc        0xe Application/User/stm32f4xx_it.o
                0x00000000080034fc                SysTick_Handler
 *fill*         0x000000000800350a        0x2 
 .text.SPI1_IRQHandler
                0x000000000800350c        0xc Application/User/stm32f4xx_it.o
                0x000000000800350c                SPI1_IRQHandler
 .text.USART1_IRQHandler
                0x0000000008003518        0xc Application/User/stm32f4xx_it.o
                0x0000000008003518                USART1_IRQHandler
 .text.DMA2_Stream2_IRQHandler
                0x0000000008003524        0xc Application/User/stm32f4xx_it.o
                0x0000000008003524                DMA2_Stream2_IRQHandler
 .text.DMA2_Stream7_IRQHandler
                0x0000000008003530        0xc Application/User/stm32f4xx_it.o
                0x0000000008003530                DMA2_Stream7_IRQHandler
 .text.MX_USART1_UART_Init
                0x000000000800353c       0x40 Application/User/usart.o
                0x000000000800353c                MX_USART1_UART_Init
 .text.HAL_UART_MspInit
                0x000000000800357c       0xfc Application/User/usart.o
                0x000000000800357c                HAL_UART_MspInit
 .text._ZNK8std_msgs5UInt89serializeEPh
                0x0000000008003678        0x8 Application/imu/imu_mpu9250.o
                0x0000000008003678                std_msgs::UInt8::serialize(unsigned char*) const
 .text._ZN8std_msgs5UInt811deserializeEPh
                0x0000000008003680        0x8 Application/imu/imu_mpu9250.o
                0x0000000008003680                std_msgs::UInt8::deserialize(unsigned char*)
 .text._ZN8std_msgs5UInt87getTypeEv
                0x0000000008003688        0x8 Application/imu/imu_mpu9250.o
                0x0000000008003688                std_msgs::UInt8::getType()
 .text._ZN8std_msgs5UInt86getMD5Ev
                0x0000000008003690        0x8 Application/imu/imu_mpu9250.o
                0x0000000008003690                std_msgs::UInt8::getMD5()
 .text._ZN3ros11Subscriber2IN8std_msgs5UInt8E3IMUE15getEndpointTypeEv
                0x0000000008003698        0x4 Application/imu/imu_mpu9250.o
                0x0000000008003698                ros::Subscriber2<std_msgs::UInt8, IMU>::getEndpointType()
 .text._ZN3ros11Subscriber2IN8std_msgs5UInt8E3IMUE10getMsgTypeEv
                0x000000000800369c        0x8 Application/imu/imu_mpu9250.o
                0x000000000800369c                ros::Subscriber2<std_msgs::UInt8, IMU>::getMsgType()
 .text._ZN3ros11Subscriber2IN8std_msgs5UInt8E3IMUE9getMsgMD5Ev
                0x00000000080036a4        0x8 Application/imu/imu_mpu9250.o
                0x00000000080036a4                ros::Subscriber2<std_msgs::UInt8, IMU>::getMsgMD5()
 .text._ZN3ros11Subscriber2IN8std_msgs5UInt8E3IMUE8callbackEPh
                0x00000000080036ac       0x26 Application/imu/imu_mpu9250.o
                0x00000000080036ac                ros::Subscriber2<std_msgs::UInt8, IMU>::callback(unsigned char*)
 .text._ZN3IMU17imuConfigCallbackERKN8std_msgs5UInt8E
                0x00000000080036d2       0x42 Application/imu/imu_mpu9250.o
                0x00000000080036d2                IMU::imuConfigCallback(std_msgs::UInt8 const&)
 .text._ZN3IMU13getCalibratedEv
                0x0000000008003714       0x1c Application/imu/imu_mpu9250.o
                0x0000000008003714                IMU::getCalibrated()
 .text._ZN3IMU13readCalibDataEv
                0x0000000008003730       0x68 Application/imu/imu_mpu9250.o
                0x0000000008003730                IMU::readCalibData()
 .text._ZN3IMU14writeCalibDataEv
                0x0000000008003798       0x60 Application/imu/imu_mpu9250.o
                0x0000000008003798                IMU::writeCalibData()
 .text._ZN3IMU8mpuWriteEhh
                0x00000000080037f8       0x4c Application/imu/imu_mpu9250.o
                0x00000000080037f8                IMU::mpuWrite(unsigned char, unsigned char)
 .text._ZN3IMU8gyroInitEv
                0x0000000008003844       0x66 Application/imu/imu_mpu9250.o
                0x0000000008003844                IMU::gyroInit()
 .text._ZN3IMU7accInitEv
                0x00000000080038aa       0x38 Application/imu/imu_mpu9250.o
                0x00000000080038aa                IMU::accInit()
 .text._ZN3IMU7magInitEv
                0x00000000080038e2       0xe2 Application/imu/imu_mpu9250.o
                0x00000000080038e2                IMU::magInit()
 .text._ZN3IMU4initEP19__SPI_HandleTypeDefPN3ros11NodeHandle_I13STMF4HardwareLi20ELi20ELi255ELi255EEE
                0x00000000080039c4       0xc8 Application/imu/imu_mpu9250.o
                0x00000000080039c4                IMU::init(__SPI_HandleTypeDef*, ros::NodeHandle_<STMF4Hardware, 20, 20, 255, 255>*)
 .text._ZN3IMU4readEv
                0x0000000008003a8c      0x27c Application/imu/imu_mpu9250.o
                0x0000000008003a8c                IMU::read()
 .text._ZN3IMU7processEv
                0x0000000008003d08      0x31c Application/imu/imu_mpu9250.o
                0x0000000008003d08                IMU::process()
 .text._ZN3IMU6updateEt
                0x0000000008004024       0x34 Application/imu/imu_mpu9250.o
                0x0000000008004024                IMU::update(unsigned short)
 .text._ZN3ros16normalizeSecNSecERmS0_
                0x0000000008004058       0x1c Application/ros/time.o
                0x0000000008004058                ros::normalizeSecNSec(unsigned long&, unsigned long&)
 .text.SystemInit
                0x0000000008004074       0x4c Drivers/CMSIS/system_stm32f4xx.o
                0x0000000008004074                SystemInit
 .text.HAL_InitTick
                0x00000000080040c0       0x28 Drivers/STM32F4xx_HAL_Driver/stm32f4xx_hal.o
                0x00000000080040c0                HAL_InitTick
 .text.HAL_Init
                0x00000000080040e8       0x34 Drivers/STM32F4xx_HAL_Driver/stm32f4xx_hal.o
                0x00000000080040e8                HAL_Init
 .text.HAL_IncTick
                0x000000000800411c       0x10 Drivers/STM32F4xx_HAL_Driver/stm32f4xx_hal.o
                0x000000000800411c                HAL_IncTick
 .text.HAL_GetTick
                0x000000000800412c        0xc Drivers/STM32F4xx_HAL_Driver/stm32f4xx_hal.o
                0x000000000800412c                HAL_GetTick
 .text.HAL_Delay
                0x0000000008004138       0x20 Drivers/STM32F4xx_HAL_Driver/stm32f4xx_hal.o
                0x0000000008004138                HAL_Delay
 .text.HAL_ADC_Init
                0x0000000008004158      0x148 Drivers/STM32F4xx_HAL_Driver/stm32f4xx_hal_adc.o
                0x0000000008004158                HAL_ADC_Init
 .text.HAL_ADC_Start
                0x00000000080042a0       0xc0 Drivers/STM32F4xx_HAL_Driver/stm32f4xx_hal_adc.o
                0x00000000080042a0                HAL_ADC_Start
 .text.HAL_ADC_Stop
                0x0000000008004360       0x3c Drivers/STM32F4xx_HAL_Driver/stm32f4xx_hal_adc.o
                0x0000000008004360                HAL_ADC_Stop
 .text.HAL_ADC_PollForConversion
                0x000000000800439c       0x9e Drivers/STM32F4xx_HAL_Driver/stm32f4xx_hal_adc.o
                0x000000000800439c                HAL_ADC_PollForConversion
 .text.HAL_ADC_GetValue
                0x000000000800443a        0x6 Drivers/STM32F4xx_HAL_Driver/stm32f4xx_hal_adc.o
                0x000000000800443a                HAL_ADC_GetValue
 .text.HAL_ADC_ConfigChannel
                0x0000000008004440      0x128 Drivers/STM32F4xx_HAL_Driver/stm32f4xx_hal_adc.o
                0x0000000008004440                HAL_ADC_ConfigChannel
 .text.HAL_NVIC_SetPriorityGrouping
                0x0000000008004568       0x24 Drivers/STM32F4xx_HAL_Driver/stm32f4xx_hal_cortex.o
                0x0000000008004568                HAL_NVIC_SetPriorityGrouping
 .text.HAL_NVIC_SetPriority
                0x000000000800458c       0x68 Drivers/STM32F4xx_HAL_Driver/stm32f4xx_hal_cortex.o
                0x000000000800458c                HAL_NVIC_SetPriority
 .text.HAL_NVIC_EnableIRQ
                0x00000000080045f4       0x18 Drivers/STM32F4xx_HAL_Driver/stm32f4xx_hal_cortex.o
                0x00000000080045f4                HAL_NVIC_EnableIRQ
 .text.HAL_SYSTICK_Config
                0x000000000800460c       0x2c Drivers/STM32F4xx_HAL_Driver/stm32f4xx_hal_cortex.o
                0x000000000800460c                HAL_SYSTICK_Config
 .text.HAL_SYSTICK_CLKSourceConfig
                0x0000000008004638       0x18 Drivers/STM32F4xx_HAL_Driver/stm32f4xx_hal_cortex.o
                0x0000000008004638                HAL_SYSTICK_CLKSourceConfig
 .text.HAL_SYSTICK_IRQHandler
                0x0000000008004650        0x8 Drivers/STM32F4xx_HAL_Driver/stm32f4xx_hal_cortex.o
                0x0000000008004650                HAL_SYSTICK_IRQHandler
 .text._ZL23DMA_CalcBaseAndBitshiftP19__DMA_HandleTypeDef
                0x0000000008004658       0x2c Drivers/STM32F4xx_HAL_Driver/stm32f4xx_hal_dma.o
 .text.HAL_DMA_Init
                0x0000000008004684       0xfc Drivers/STM32F4xx_HAL_Driver/stm32f4xx_hal_dma.o
                0x0000000008004684                HAL_DMA_Init
 .text.HAL_DMA_Start_IT
                0x0000000008004780       0x7c Drivers/STM32F4xx_HAL_Driver/stm32f4xx_hal_dma.o
                0x0000000008004780                HAL_DMA_Start_IT
 .text.HAL_DMA_Abort_IT
                0x00000000080047fc       0x24 Drivers/STM32F4xx_HAL_Driver/stm32f4xx_hal_dma.o
                0x00000000080047fc                HAL_DMA_Abort_IT
 .text.HAL_DMA_IRQHandler
                0x0000000008004820      0x174 Drivers/STM32F4xx_HAL_Driver/stm32f4xx_hal_dma.o
                0x0000000008004820                HAL_DMA_IRQHandler
 .text._ZL24FLASH_Program_DoubleWordmy
                0x0000000008004994       0x28 Drivers/STM32F4xx_HAL_Driver/stm32f4xx_hal_flash.o
 .text._ZL18FLASH_Program_Wordmm
                0x00000000080049bc       0x24 Drivers/STM32F4xx_HAL_Driver/stm32f4xx_hal_flash.o
 .text._ZL22FLASH_Program_HalfWordmt
                0x00000000080049e0       0x24 Drivers/STM32F4xx_HAL_Driver/stm32f4xx_hal_flash.o
 .text._ZL18FLASH_SetErrorCodev
                0x0000000008004a04       0x8c Drivers/STM32F4xx_HAL_Driver/stm32f4xx_hal_flash.o
 .text.HAL_FLASH_Unlock
                0x0000000008004a90       0x24 Drivers/STM32F4xx_HAL_Driver/stm32f4xx_hal_flash.o
                0x0000000008004a90                HAL_FLASH_Unlock
 .text.HAL_FLASH_Lock
                0x0000000008004ab4       0x14 Drivers/STM32F4xx_HAL_Driver/stm32f4xx_hal_flash.o
                0x0000000008004ab4                HAL_FLASH_Lock
 .text.FLASH_WaitForLastOperation
                0x0000000008004ac8       0x54 Drivers/STM32F4xx_HAL_Driver/stm32f4xx_hal_flash.o
                0x0000000008004ac8                FLASH_WaitForLastOperation
 .text.HAL_FLASH_Program
                0x0000000008004b1c       0x90 Drivers/STM32F4xx_HAL_Driver/stm32f4xx_hal_flash.o
                0x0000000008004b1c                HAL_FLASH_Program
 .text._ZL15FLASH_MassErasehm.isra.0
                0x0000000008004bac       0x24 Drivers/STM32F4xx_HAL_Driver/stm32f4xx_hal_flash_ex.o
 .text.FLASH_Erase_Sector
                0x0000000008004bd0       0x4c Drivers/STM32F4xx_HAL_Driver/stm32f4xx_hal_flash_ex.o
                0x0000000008004bd0                FLASH_Erase_Sector
 .text.FLASH_FlushCaches
                0x0000000008004c1c       0x58 Drivers/STM32F4xx_HAL_Driver/stm32f4xx_hal_flash_ex.o
                0x0000000008004c1c                FLASH_FlushCaches
 .text.HAL_FLASHEx_Erase
                0x0000000008004c74       0x9c Drivers/STM32F4xx_HAL_Driver/stm32f4xx_hal_flash_ex.o
                0x0000000008004c74                HAL_FLASHEx_Erase
 .text.HAL_GPIO_Init
                0x0000000008004d10      0x174 Drivers/STM32F4xx_HAL_Driver/stm32f4xx_hal_gpio.o
                0x0000000008004d10                HAL_GPIO_Init
 .text.HAL_GPIO_WritePin
                0x0000000008004e84        0xa Drivers/STM32F4xx_HAL_Driver/stm32f4xx_hal_gpio.o
                0x0000000008004e84                HAL_GPIO_WritePin
 .text.HAL_GPIO_TogglePin
                0x0000000008004e8e        0x8 Drivers/STM32F4xx_HAL_Driver/stm32f4xx_hal_gpio.o
                0x0000000008004e8e                HAL_GPIO_TogglePin
 *fill*         0x0000000008004e96        0x2 
 .text.HAL_RCC_GetSysClockFreq
                0x0000000008004e98       0x5c Drivers/STM32F4xx_HAL_Driver/stm32f4xx_hal_rcc.o
                0x0000000008004e98                HAL_RCC_GetSysClockFreq
 .text.HAL_RCC_ClockConfig
                0x0000000008004ef4      0x134 Drivers/STM32F4xx_HAL_Driver/stm32f4xx_hal_rcc.o
                0x0000000008004ef4                HAL_RCC_ClockConfig
 .text.HAL_RCC_GetHCLKFreq
                0x0000000008005028        0xc Drivers/STM32F4xx_HAL_Driver/stm32f4xx_hal_rcc.o
                0x0000000008005028                HAL_RCC_GetHCLKFreq
 .text.HAL_RCC_GetPCLK1Freq
                0x0000000008005034       0x20 Drivers/STM32F4xx_HAL_Driver/stm32f4xx_hal_rcc.o
                0x0000000008005034                HAL_RCC_GetPCLK1Freq
 .text.HAL_RCC_GetPCLK2Freq
                0x0000000008005054       0x20 Drivers/STM32F4xx_HAL_Driver/stm32f4xx_hal_rcc.o
                0x0000000008005054                HAL_RCC_GetPCLK2Freq
 .text.HAL_RCC_OscConfig
                0x0000000008005074      0x2e8 Drivers/STM32F4xx_HAL_Driver/stm32f4xx_hal_rcc_ex.o
                0x0000000008005074                HAL_RCC_OscConfig
 .text._ZL29SPI_WaitFlagStateUntilTimeoutP19__SPI_HandleTypeDefmmmm
                0x000000000800535c       0x8c Drivers/STM32F4xx_HAL_Driver/stm32f4xx_hal_spi.o
 .text._ZL17SPI_CheckFlag_BSYP19__SPI_HandleTypeDefmm
                0x00000000080053e8       0x20 Drivers/STM32F4xx_HAL_Driver/stm32f4xx_hal_spi.o
 .text.HAL_SPI_Init
                0x0000000008005408       0x7a Drivers/STM32F4xx_HAL_Driver/stm32f4xx_hal_spi.o
                0x0000000008005408                HAL_SPI_Init
 .text.HAL_SPI_Transmit
                0x0000000008005482      0x154 Drivers/STM32F4xx_HAL_Driver/stm32f4xx_hal_spi.o
                0x0000000008005482                HAL_SPI_Transmit
 .text.HAL_SPI_TransmitReceive
                0x00000000080055d6      0x204 Drivers/STM32F4xx_HAL_Driver/stm32f4xx_hal_spi.o
                0x00000000080055d6                HAL_SPI_TransmitReceive
 .text.HAL_SPI_Receive
                0x00000000080057da      0x13e Drivers/STM32F4xx_HAL_Driver/stm32f4xx_hal_spi.o
                0x00000000080057da                HAL_SPI_Receive
 .text.HAL_SPI_ErrorCallback
                0x0000000008005918        0x2 Drivers/STM32F4xx_HAL_Driver/stm32f4xx_hal_spi.o
                0x0000000008005918                HAL_SPI_ErrorCallback
 *fill*         0x000000000800591a        0x2 
 .text.HAL_SPI_IRQHandler
                0x000000000800591c       0xe0 Drivers/STM32F4xx_HAL_Driver/stm32f4xx_hal_spi.o
                0x000000000800591c                HAL_SPI_IRQHandler
 .text._ZL19SPI_DMAAbortOnErrorP19__DMA_HandleTypeDef
                0x00000000080059fc       0x10 Drivers/STM32F4xx_HAL_Driver/stm32f4xx_hal_spi.o
 .text._ZL18UART_EndRxTransferP18UART_HandleTypeDef
                0x0000000008005a0c       0x1a Drivers/STM32F4xx_HAL_Driver/stm32f4xx_hal_uart.o
 *fill*         0x0000000008005a26        0x2 
 .text._ZL14UART_SetConfigP18UART_HandleTypeDef
                0x0000000008005a28      0x234 Drivers/STM32F4xx_HAL_Driver/stm32f4xx_hal_uart.o
 .text.HAL_UART_Init
                0x0000000008005c5c       0x5c Drivers/STM32F4xx_HAL_Driver/stm32f4xx_hal_uart.o
                0x0000000008005c5c                HAL_UART_Init
 .text.HAL_UART_Transmit_DMA
                0x0000000008005cb8       0x74 Drivers/STM32F4xx_HAL_Driver/stm32f4xx_hal_uart.o
                0x0000000008005cb8                HAL_UART_Transmit_DMA
 .text.HAL_UART_Receive_DMA
                0x0000000008005d2c       0x90 Drivers/STM32F4xx_HAL_Driver/stm32f4xx_hal_uart.o
                0x0000000008005d2c                HAL_UART_Receive_DMA
 .text.HAL_UART_TxCpltCallback
                0x0000000008005dbc        0x2 Drivers/STM32F4xx_HAL_Driver/stm32f4xx_hal_uart.o
                0x0000000008005dbc                HAL_UART_TxCpltCallback
 .text._ZL20UART_DMATransmitCpltP19__DMA_HandleTypeDef
                0x0000000008005dbe       0x2c Drivers/STM32F4xx_HAL_Driver/stm32f4xx_hal_uart.o
 .text.HAL_UART_TxHalfCpltCallback
                0x0000000008005dea        0x2 Drivers/STM32F4xx_HAL_Driver/stm32f4xx_hal_uart.o
                0x0000000008005dea                HAL_UART_TxHalfCpltCallback
 .text._ZL18UART_DMATxHalfCpltP19__DMA_HandleTypeDef
                0x0000000008005dec        0xa Drivers/STM32F4xx_HAL_Driver/stm32f4xx_hal_uart.o
 .text.HAL_UART_RxCpltCallback
                0x0000000008005df6        0x2 Drivers/STM32F4xx_HAL_Driver/stm32f4xx_hal_uart.o
                0x0000000008005df6                HAL_UART_RxCpltCallback
 .text._ZL19UART_DMAReceiveCpltP19__DMA_HandleTypeDef
                0x0000000008005df8       0x38 Drivers/STM32F4xx_HAL_Driver/stm32f4xx_hal_uart.o
 .text._ZL15UART_Receive_ITP18UART_HandleTypeDef
                0x0000000008005e30       0x74 Drivers/STM32F4xx_HAL_Driver/stm32f4xx_hal_uart.o
 .text.HAL_UART_RxHalfCpltCallback
                0x0000000008005ea4        0x2 Drivers/STM32F4xx_HAL_Driver/stm32f4xx_hal_uart.o
                0x0000000008005ea4                HAL_UART_RxHalfCpltCallback
 .text._ZL18UART_DMARxHalfCpltP19__DMA_HandleTypeDef
                0x0000000008005ea6        0xa Drivers/STM32F4xx_HAL_Driver/stm32f4xx_hal_uart.o
 .text.HAL_UART_ErrorCallback
                0x0000000008005eb0        0x2 Drivers/STM32F4xx_HAL_Driver/stm32f4xx_hal_uart.o
                0x0000000008005eb0                HAL_UART_ErrorCallback
 .text._ZL13UART_DMAErrorP19__DMA_HandleTypeDef
                0x0000000008005eb2       0x52 Drivers/STM32F4xx_HAL_Driver/stm32f4xx_hal_uart.o
 .text.HAL_UART_IRQHandler
                0x0000000008005f04      0x148 Drivers/STM32F4xx_HAL_Driver/stm32f4xx_hal_uart.o
                0x0000000008005f04                HAL_UART_IRQHandler
 .text._ZL20UART_DMAAbortOnErrorP19__DMA_HandleTypeDef
                0x000000000800604c       0x10 Drivers/STM32F4xx_HAL_Driver/stm32f4xx_hal_uart.o
 .text._ZNK7Vector3IfErmERKS0_
                0x000000000800605c       0xc0 ../../../Jsk_Lib/lib/libjskmath.a(vector3.o)
                0x000000000800605c                Vector3<float>::operator%(Vector3<float> const&) const
 .text._ZNK7Vector3IfEmlERKS0_
                0x000000000800611c       0x50 ../../../Jsk_Lib/lib/libjskmath.a(vector3.o)
                0x000000000800611c                Vector3<float>::operator*(Vector3<float> const&) const
 .text._ZN7Vector3IfEdVEf
                0x000000000800616c       0x58 ../../../Jsk_Lib/lib/libjskmath.a(vector3.o)
                0x000000000800616c                Vector3<float>::operator/=(float)
 .text._ZN7Vector3IfEmIERKS0_
                0x00000000080061c4       0x5c ../../../Jsk_Lib/lib/libjskmath.a(vector3.o)
                0x00000000080061c4                Vector3<float>::operator-=(Vector3<float> const&)
 .text._ZN7Vector3IfEpLERKS0_
                0x0000000008006220       0x5c ../../../Jsk_Lib/lib/libjskmath.a(vector3.o)
                0x0000000008006220                Vector3<float>::operator+=(Vector3<float> const&)
 .text._ZNK7Vector3IfEdvEf
                0x000000000800627c       0x80 ../../../Jsk_Lib/lib/libjskmath.a(vector3.o)
                0x000000000800627c                Vector3<float>::operator/(float) const
 .text._ZNK7Vector3IfEmlEf
                0x00000000080062fc       0x80 ../../../Jsk_Lib/lib/libjskmath.a(vector3.o)
                0x00000000080062fc                Vector3<float>::operator*(float) const
 .text._ZNK7Vector3IfEplERKS0_
                0x000000000800637c       0x84 ../../../Jsk_Lib/lib/libjskmath.a(vector3.o)
                0x000000000800637c                Vector3<float>::operator+(Vector3<float> const&) const
 .text._ZNK7Vector3IfEmiERKS0_
                0x0000000008006400       0x84 ../../../Jsk_Lib/lib/libjskmath.a(vector3.o)
                0x0000000008006400                Vector3<float>::operator-(Vector3<float> const&) const
 .text._ZN7Vector3IfEC2Efff
                0x0000000008006484       0x34 ../../../Jsk_Lib/lib/libjskmath.a(vector3.o)
                0x0000000008006484                Vector3<float>::Vector3(float, float, float)
                0x0000000008006484                Vector3<float>::Vector3(float, float, float)
 .text._ZN7Matrix3IfE10from_eulerEfff
                0x00000000080064b8      0x164 ../../../Jsk_Lib/lib/libjskmath.a(matrix3.o)
                0x00000000080064b8                Matrix3<float>::from_euler(float, float, float)
 .text._ZNK7Matrix3IfEmlERK7Vector3IfE
                0x000000000800661c       0xfc ../../../Jsk_Lib/lib/libjskmath.a(matrix3.o)
                0x000000000800661c                Matrix3<float>::operator*(Vector3<float> const&) const
 .text._Z8inv_sqrtf
                0x0000000008006718       0x78 ../../../Jsk_Lib/lib/libjskmath.a(AP_Math.o)
                0x0000000008006718                inv_sqrt(float)
 .text._ZN10__cxxabiv120__si_class_type_infoD2Ev
                0x0000000008006790       0x14 /opt/Atollic_TrueSTUDIO_for_ARM_x86_64_8.1.0/ARMTools/bin/../lib/gcc/arm-atollic-eabi/6.3.1/../../../../arm-atollic-eabi/lib/armv7e-m/fpu/libstdc++_nano.a(si_class_type_info.o)
                0x0000000008006790                __cxxabiv1::__si_class_type_info::~__si_class_type_info()
                0x0000000008006790                __cxxabiv1::__si_class_type_info::~__si_class_type_info()
 .text._ZN10__cxxabiv120__si_class_type_infoD0Ev
                0x00000000080067a4       0x14 /opt/Atollic_TrueSTUDIO_for_ARM_x86_64_8.1.0/ARMTools/bin/../lib/gcc/arm-atollic-eabi/6.3.1/../../../../arm-atollic-eabi/lib/armv7e-m/fpu/libstdc++_nano.a(si_class_type_info.o)
                0x00000000080067a4                __cxxabiv1::__si_class_type_info::~__si_class_type_info()
 .text._ZNK10__cxxabiv120__si_class_type_info20__do_find_public_srcEiPKvPKNS_17__class_type_infoES2_
                0x00000000080067b8       0x38 /opt/Atollic_TrueSTUDIO_for_ARM_x86_64_8.1.0/ARMTools/bin/../lib/gcc/arm-atollic-eabi/6.3.1/../../../../arm-atollic-eabi/lib/armv7e-m/fpu/libstdc++_nano.a(si_class_type_info.o)
                0x00000000080067b8                __cxxabiv1::__si_class_type_info::__do_find_public_src(int, void const*, __cxxabiv1::__class_type_info const*, void const*) const
 .text._ZNK10__cxxabiv120__si_class_type_info12__do_dyncastEiNS_17__class_type_info10__sub_kindEPKS1_PKvS4_S6_RNS1_16__dyncast_resultE
                0x00000000080067f0       0x7c /opt/Atollic_TrueSTUDIO_for_ARM_x86_64_8.1.0/ARMTools/bin/../lib/gcc/arm-atollic-eabi/6.3.1/../../../../arm-atollic-eabi/lib/armv7e-m/fpu/libstdc++_nano.a(si_class_type_info.o)
                0x00000000080067f0                __cxxabiv1::__si_class_type_info::__do_dyncast(int, __cxxabiv1::__class_type_info::__sub_kind, __cxxabiv1::__class_type_info const*, void const*, __cxxabiv1::__class_type_info const*, void const*, __cxxabiv1::__class_type_info::__dyncast_result&) const
 .text._ZNK10__cxxabiv120__si_class_type_info11__do_upcastEPKNS_17__class_type_infoEPKvRNS1_15__upcast_resultE
                0x000000000800686c       0x2a /opt/Atollic_TrueSTUDIO_for_ARM_x86_64_8.1.0/ARMTools/bin/../lib/gcc/arm-atollic-eabi/6.3.1/../../../../arm-atollic-eabi/lib/armv7e-m/fpu/libstdc++_nano.a(si_class_type_info.o)
                0x000000000800686c                __cxxabiv1::__si_class_type_info::__do_upcast(__cxxabiv1::__class_type_info const*, void const*, __cxxabiv1::__class_type_info::__upcast_result&) const
 .text._ZdlPv   0x0000000008006896        0x4 /opt/Atollic_TrueSTUDIO_for_ARM_x86_64_8.1.0/ARMTools/bin/../lib/gcc/arm-atollic-eabi/6.3.1/../../../../arm-atollic-eabi/lib/armv7e-m/fpu/libstdc++_nano.a(del_op.o)
                0x0000000008006896                operator delete(void*)
 .text.__aeabi_atexit
                0x000000000800689a        0xa /opt/Atollic_TrueSTUDIO_for_ARM_x86_64_8.1.0/ARMTools/bin/../lib/gcc/arm-atollic-eabi/6.3.1/../../../../arm-atollic-eabi/lib/armv7e-m/fpu/libstdc++_nano.a(atexit_arm.o)
                0x000000000800689a                __aeabi_atexit
 .text._Znwj    0x00000000080068a4       0x22 /opt/Atollic_TrueSTUDIO_for_ARM_x86_64_8.1.0/ARMTools/bin/../lib/gcc/arm-atollic-eabi/6.3.1/../../../../arm-atollic-eabi/lib/armv7e-m/fpu/libstdc++_nano.a(new_op.o)
                0x00000000080068a4                operator new(unsigned int)
 .text.__cxa_end_cleanup
                0x00000000080068c6        0xc /opt/Atollic_TrueSTUDIO_for_ARM_x86_64_8.1.0/ARMTools/bin/../lib/gcc/arm-atollic-eabi/6.3.1/../../../../arm-atollic-eabi/lib/armv7e-m/fpu/libstdc++_nano.a(eh_arm.o)
                0x00000000080068c6                __cxa_end_cleanup
 .text._ZN10__cxxabiv1L24__is_gxx_exception_classEPc
                0x00000000080068d2       0x3a /opt/Atollic_TrueSTUDIO_for_ARM_x86_64_8.1.0/ARMTools/bin/../lib/gcc/arm-atollic-eabi/6.3.1/../../../../arm-atollic-eabi/lib/armv7e-m/fpu/libstdc++_nano.a(eh_arm.o)
 .text.__cxa_type_match
                0x000000000800690c       0xbc /opt/Atollic_TrueSTUDIO_for_ARM_x86_64_8.1.0/ARMTools/bin/../lib/gcc/arm-atollic-eabi/6.3.1/../../../../arm-atollic-eabi/lib/armv7e-m/fpu/libstdc++_nano.a(eh_arm.o)
                0x000000000800690c                __cxa_type_match
 .text.__cxa_begin_cleanup
                0x00000000080069c8       0x3a /opt/Atollic_TrueSTUDIO_for_ARM_x86_64_8.1.0/ARMTools/bin/../lib/gcc/arm-atollic-eabi/6.3.1/../../../../arm-atollic-eabi/lib/armv7e-m/fpu/libstdc++_nano.a(eh_arm.o)
                0x00000000080069c8                __cxa_begin_cleanup
 .text.__gnu_end_cleanup
                0x0000000008006a02       0x32 /opt/Atollic_TrueSTUDIO_for_ARM_x86_64_8.1.0/ARMTools/bin/../lib/gcc/arm-atollic-eabi/6.3.1/../../../../arm-atollic-eabi/lib/armv7e-m/fpu/libstdc++_nano.a(eh_arm.o)
                0x0000000008006a02                __gnu_end_cleanup
 .text._ZL12read_uleb128PKhPm
                0x0000000008006a34       0x22 /opt/Atollic_TrueSTUDIO_for_ARM_x86_64_8.1.0/ARMTools/bin/../lib/gcc/arm-atollic-eabi/6.3.1/../../../../arm-atollic-eabi/lib/armv7e-m/fpu/libstdc++_nano.a(eh_personality.o)
 .text._ZL12read_sleb128PKhPl
                0x0000000008006a56       0x30 /opt/Atollic_TrueSTUDIO_for_ARM_x86_64_8.1.0/ARMTools/bin/../lib/gcc/arm-atollic-eabi/6.3.1/../../../../arm-atollic-eabi/lib/armv7e-m/fpu/libstdc++_nano.a(eh_personality.o)
 .text._ZL28read_encoded_value_with_basehjPKhPj
                0x0000000008006a86       0x88 /opt/Atollic_TrueSTUDIO_for_ARM_x86_64_8.1.0/ARMTools/bin/../lib/gcc/arm-atollic-eabi/6.3.1/../../../../arm-atollic-eabi/lib/armv7e-m/fpu/libstdc++_nano.a(eh_personality.o)
 .text._ZL21base_of_encoded_valuehP15_Unwind_Context
                0x0000000008006b0e       0x46 /opt/Atollic_TrueSTUDIO_for_ARM_x86_64_8.1.0/ARMTools/bin/../lib/gcc/arm-atollic-eabi/6.3.1/../../../../arm-atollic-eabi/lib/armv7e-m/fpu/libstdc++_nano.a(eh_personality.o)
 .text._ZL18read_encoded_valueP15_Unwind_ContexthPKhPj
                0x0000000008006b54       0x20 /opt/Atollic_TrueSTUDIO_for_ARM_x86_64_8.1.0/ARMTools/bin/../lib/gcc/arm-atollic-eabi/6.3.1/../../../../arm-atollic-eabi/lib/armv7e-m/fpu/libstdc++_nano.a(eh_personality.o)
 .text._ZL17parse_lsda_headerP15_Unwind_ContextPKhP16lsda_header_info
                0x0000000008006b74       0x60 /opt/Atollic_TrueSTUDIO_for_ARM_x86_64_8.1.0/ARMTools/bin/../lib/gcc/arm-atollic-eabi/6.3.1/../../../../arm-atollic-eabi/lib/armv7e-m/fpu/libstdc++_nano.a(eh_personality.o)
 .text._Unwind_GetGR
                0x0000000008006bd4       0x18 /opt/Atollic_TrueSTUDIO_for_ARM_x86_64_8.1.0/ARMTools/bin/../lib/gcc/arm-atollic-eabi/6.3.1/../../../../arm-atollic-eabi/lib/armv7e-m/fpu/libstdc++_nano.a(eh_personality.o)
 .text.__gxx_personality_v0
                0x0000000008006bec      0x370 /opt/Atollic_TrueSTUDIO_for_ARM_x86_64_8.1.0/ARMTools/bin/../lib/gcc/arm-atollic-eabi/6.3.1/../../../../arm-atollic-eabi/lib/armv7e-m/fpu/libstdc++_nano.a(eh_personality.o)
                0x0000000008006bec                __gxx_personality_v0
 .text._ZdlPvj  0x0000000008006f5c        0x4 /opt/Atollic_TrueSTUDIO_for_ARM_x86_64_8.1.0/ARMTools/bin/../lib/gcc/arm-atollic-eabi/6.3.1/../../../../arm-atollic-eabi/lib/armv7e-m/fpu/libstdc++_nano.a(del_ops.o)
                0x0000000008006f5c                operator delete(void*, unsigned int)
 .text._ZSt15get_new_handlerv
                0x0000000008006f60       0x10 /opt/Atollic_TrueSTUDIO_for_ARM_x86_64_8.1.0/ARMTools/bin/../lib/gcc/arm-atollic-eabi/6.3.1/../../../../arm-atollic-eabi/lib/armv7e-m/fpu/libstdc++_nano.a(new_handler.o)
                0x0000000008006f60                std::get_new_handler()
 .text._ZNK10__cxxabiv117__class_type_info11__do_upcastEPKS0_PPv
                0x0000000008006f70       0x34 /opt/Atollic_TrueSTUDIO_for_ARM_x86_64_8.1.0/ARMTools/bin/../lib/gcc/arm-atollic-eabi/6.3.1/../../../../arm-atollic-eabi/lib/armv7e-m/fpu/libstdc++_nano.a(class_type_info.o)
                0x0000000008006f70                __cxxabiv1::__class_type_info::__do_upcast(__cxxabiv1::__class_type_info const*, void**) const
 .text._ZNK10__cxxabiv117__class_type_info20__do_find_public_srcEiPKvPKS0_S2_
                0x0000000008006fa4        0xc /opt/Atollic_TrueSTUDIO_for_ARM_x86_64_8.1.0/ARMTools/bin/../lib/gcc/arm-atollic-eabi/6.3.1/../../../../arm-atollic-eabi/lib/armv7e-m/fpu/libstdc++_nano.a(class_type_info.o)
                0x0000000008006fa4                __cxxabiv1::__class_type_info::__do_find_public_src(int, void const*, __cxxabiv1::__class_type_info const*, void const*) const
 .text._ZN10__cxxabiv117__class_type_infoD2Ev
                0x0000000008006fb0       0x14 /opt/Atollic_TrueSTUDIO_for_ARM_x86_64_8.1.0/ARMTools/bin/../lib/gcc/arm-atollic-eabi/6.3.1/../../../../arm-atollic-eabi/lib/armv7e-m/fpu/libstdc++_nano.a(class_type_info.o)
                0x0000000008006fb0                __cxxabiv1::__class_type_info::~__class_type_info()
                0x0000000008006fb0                __cxxabiv1::__class_type_info::~__class_type_info()
 .text._ZN10__cxxabiv117__class_type_infoD0Ev
                0x0000000008006fc4       0x14 /opt/Atollic_TrueSTUDIO_for_ARM_x86_64_8.1.0/ARMTools/bin/../lib/gcc/arm-atollic-eabi/6.3.1/../../../../arm-atollic-eabi/lib/armv7e-m/fpu/libstdc++_nano.a(class_type_info.o)
                0x0000000008006fc4                __cxxabiv1::__class_type_info::~__class_type_info()
 .text._ZNK10__cxxabiv117__class_type_info11__do_upcastEPKS0_PKvRNS0_15__upcast_resultE
                0x0000000008006fd8       0x18 /opt/Atollic_TrueSTUDIO_for_ARM_x86_64_8.1.0/ARMTools/bin/../lib/gcc/arm-atollic-eabi/6.3.1/../../../../arm-atollic-eabi/lib/armv7e-m/fpu/libstdc++_nano.a(class_type_info.o)
                0x0000000008006fd8                __cxxabiv1::__class_type_info::__do_upcast(__cxxabiv1::__class_type_info const*, void const*, __cxxabiv1::__class_type_info::__upcast_result&) const
 .text._ZNK10__cxxabiv117__class_type_info10__do_catchEPKSt9type_infoPPvj
                0x0000000008006ff0       0x2a /opt/Atollic_TrueSTUDIO_for_ARM_x86_64_8.1.0/ARMTools/bin/../lib/gcc/arm-atollic-eabi/6.3.1/../../../../arm-atollic-eabi/lib/armv7e-m/fpu/libstdc++_nano.a(class_type_info.o)
                0x0000000008006ff0                __cxxabiv1::__class_type_info::__do_catch(std::type_info const*, void**, unsigned int) const
 .text._ZNK10__cxxabiv117__class_type_info12__do_dyncastEiNS0_10__sub_kindEPKS0_PKvS3_S5_RNS0_16__dyncast_resultE
                0x000000000800701a       0x38 /opt/Atollic_TrueSTUDIO_for_ARM_x86_64_8.1.0/ARMTools/bin/../lib/gcc/arm-atollic-eabi/6.3.1/../../../../arm-atollic-eabi/lib/armv7e-m/fpu/libstdc++_nano.a(class_type_info.o)
                0x000000000800701a                __cxxabiv1::__class_type_info::__do_dyncast(int, __cxxabiv1::__class_type_info::__sub_kind, __cxxabiv1::__class_type_info const*, void const*, __cxxabiv1::__class_type_info const*, void const*, __cxxabiv1::__class_type_info::__dyncast_result&) const
 .text._ZNSt9type_infoD2Ev
                0x0000000008007052        0x2 /opt/Atollic_TrueSTUDIO_for_ARM_x86_64_8.1.0/ARMTools/bin/../lib/gcc/arm-atollic-eabi/6.3.1/../../../../arm-atollic-eabi/lib/armv7e-m/fpu/libstdc++_nano.a(tinfo.o)
                0x0000000008007052                std::type_info::~type_info()
                0x0000000008007052                std::type_info::~type_info()
 .text._ZNKSt9type_info15__is_function_pEv
                0x0000000008007054        0x4 /opt/Atollic_TrueSTUDIO_for_ARM_x86_64_8.1.0/ARMTools/bin/../lib/gcc/arm-atollic-eabi/6.3.1/../../../../arm-atollic-eabi/lib/armv7e-m/fpu/libstdc++_nano.a(tinfo.o)
                0x0000000008007054                std::type_info::__is_function_p() const
                0x0000000008007054                std::type_info::__is_pointer_p() const
 .text._ZNKSt9type_infoeqERKS_
                0x0000000008007058       0x2c /opt/Atollic_TrueSTUDIO_for_ARM_x86_64_8.1.0/ARMTools/bin/../lib/gcc/arm-atollic-eabi/6.3.1/../../../../arm-atollic-eabi/lib/armv7e-m/fpu/libstdc++_nano.a(tinfo.o)
                0x0000000008007058                std::type_info::operator==(std::type_info const&) const
 .text._ZN10__cxxabiv1L24__is_gxx_exception_classEPc
                0x0000000008007084       0x3a /opt/Atollic_TrueSTUDIO_for_ARM_x86_64_8.1.0/ARMTools/bin/../lib/gcc/arm-atollic-eabi/6.3.1/../../../../arm-atollic-eabi/lib/armv7e-m/fpu/libstdc++_nano.a(eh_call.o)
 .text.__cxa_call_terminate
                0x00000000080070be       0x1e /opt/Atollic_TrueSTUDIO_for_ARM_x86_64_8.1.0/ARMTools/bin/../lib/gcc/arm-atollic-eabi/6.3.1/../../../../arm-atollic-eabi/lib/armv7e-m/fpu/libstdc++_nano.a(eh_call.o)
                0x00000000080070be                __cxa_call_terminate
 .text.__cxa_call_unexpected
                0x00000000080070dc       0x28 /opt/Atollic_TrueSTUDIO_for_ARM_x86_64_8.1.0/ARMTools/bin/../lib/gcc/arm-atollic-eabi/6.3.1/../../../../arm-atollic-eabi/lib/armv7e-m/fpu/libstdc++_nano.a(eh_call.o)
                0x00000000080070dc                __cxa_call_unexpected
 .text._ZN10__cxxabiv1L24__is_gxx_exception_classEPc
                0x0000000008007104       0x3a /opt/Atollic_TrueSTUDIO_for_ARM_x86_64_8.1.0/ARMTools/bin/../lib/gcc/arm-atollic-eabi/6.3.1/../../../../arm-atollic-eabi/lib/armv7e-m/fpu/libstdc++_nano.a(eh_catch.o)
 .text.__cxa_begin_catch
                0x000000000800713e       0x54 /opt/Atollic_TrueSTUDIO_for_ARM_x86_64_8.1.0/ARMTools/bin/../lib/gcc/arm-atollic-eabi/6.3.1/../../../../arm-atollic-eabi/lib/armv7e-m/fpu/libstdc++_nano.a(eh_catch.o)
                0x000000000800713e                __cxa_begin_catch
 .text._ZN10__cxxabiv111__terminateEPFvvE
                0x0000000008007192        0x8 /opt/Atollic_TrueSTUDIO_for_ARM_x86_64_8.1.0/ARMTools/bin/../lib/gcc/arm-atollic-eabi/6.3.1/../../../../arm-atollic-eabi/lib/armv7e-m/fpu/libstdc++_nano.a(eh_terminate.o)
                0x0000000008007192                __cxxabiv1::__terminate(void (*)())
 *fill*         0x000000000800719a        0x2 
 .text._ZSt13get_terminatev
                0x000000000800719c       0x10 /opt/Atollic_TrueSTUDIO_for_ARM_x86_64_8.1.0/ARMTools/bin/../lib/gcc/arm-atollic-eabi/6.3.1/../../../../arm-atollic-eabi/lib/armv7e-m/fpu/libstdc++_nano.a(eh_terminate.o)
                0x000000000800719c                std::get_terminate()
 .text._ZSt9terminatev
                0x00000000080071ac        0xa /opt/Atollic_TrueSTUDIO_for_ARM_x86_64_8.1.0/ARMTools/bin/../lib/gcc/arm-atollic-eabi/6.3.1/../../../../arm-atollic-eabi/lib/armv7e-m/fpu/libstdc++_nano.a(eh_terminate.o)
                0x00000000080071ac                std::terminate()
 .text._ZN10__cxxabiv112__unexpectedEPFvvE
                0x00000000080071b6        0x8 /opt/Atollic_TrueSTUDIO_for_ARM_x86_64_8.1.0/ARMTools/bin/../lib/gcc/arm-atollic-eabi/6.3.1/../../../../arm-atollic-eabi/lib/armv7e-m/fpu/libstdc++_nano.a(eh_terminate.o)
                0x00000000080071b6                __cxxabiv1::__unexpected(void (*)())
 *fill*         0x00000000080071be        0x2 
 .text._ZSt14get_unexpectedv
                0x00000000080071c0       0x10 /opt/Atollic_TrueSTUDIO_for_ARM_x86_64_8.1.0/ARMTools/bin/../lib/gcc/arm-atollic-eabi/6.3.1/../../../../arm-atollic-eabi/lib/armv7e-m/fpu/libstdc++_nano.a(eh_terminate.o)
                0x00000000080071c0                std::get_unexpected()
 .text._ZSt10unexpectedv
                0x00000000080071d0        0xa /opt/Atollic_TrueSTUDIO_for_ARM_x86_64_8.1.0/ARMTools/bin/../lib/gcc/arm-atollic-eabi/6.3.1/../../../../arm-atollic-eabi/lib/armv7e-m/fpu/libstdc++_nano.a(eh_terminate.o)
                0x00000000080071d0                std::unexpected()
 *fill*         0x00000000080071da        0x2 
 .text.__cxa_get_globals
                0x00000000080071dc        0x8 /opt/Atollic_TrueSTUDIO_for_ARM_x86_64_8.1.0/ARMTools/bin/../lib/gcc/arm-atollic-eabi/6.3.1/../../../../arm-atollic-eabi/lib/armv7e-m/fpu/libstdc++_nano.a(eh_globals.o)
                0x00000000080071dc                __cxa_get_globals
 .text.cosf     0x00000000080071e4       0x80 /opt/Atollic_TrueSTUDIO_for_ARM_x86_64_8.1.0/ARMTools/bin/../lib/gcc/arm-atollic-eabi/6.3.1/../../../../arm-atollic-eabi/lib/armv7e-m/fpu/libm.a(lib_a-sf_cos.o)
                0x00000000080071e4                cosf
 .text.sinf     0x0000000008007264       0x84 /opt/Atollic_TrueSTUDIO_for_ARM_x86_64_8.1.0/ARMTools/bin/../lib/gcc/arm-atollic-eabi/6.3.1/../../../../arm-atollic-eabi/lib/armv7e-m/fpu/libm.a(lib_a-sf_sin.o)
                0x0000000008007264                sinf
 .text.atan2f   0x00000000080072e8        0x4 /opt/Atollic_TrueSTUDIO_for_ARM_x86_64_8.1.0/ARMTools/bin/../lib/gcc/arm-atollic-eabi/6.3.1/../../../../arm-atollic-eabi/lib/armv7e-m/fpu/libm.a(lib_a-wf_atan2.o)
                0x00000000080072e8                atan2f
 .text.__ieee754_atan2f
                0x00000000080072ec      0x15c /opt/Atollic_TrueSTUDIO_for_ARM_x86_64_8.1.0/ARMTools/bin/../lib/gcc/arm-atollic-eabi/6.3.1/../../../../arm-atollic-eabi/lib/armv7e-m/fpu/libm.a(lib_a-ef_atan2.o)
                0x00000000080072ec                __ieee754_atan2f
 .text.__ieee754_rem_pio2f
                0x0000000008007448      0x258 /opt/Atollic_TrueSTUDIO_for_ARM_x86_64_8.1.0/ARMTools/bin/../lib/gcc/arm-atollic-eabi/6.3.1/../../../../arm-atollic-eabi/lib/armv7e-m/fpu/libm.a(lib_a-ef_rem_pio2.o)
                0x0000000008007448                __ieee754_rem_pio2f
 .text.__kernel_cosf
                0x00000000080076a0       0xbc /opt/Atollic_TrueSTUDIO_for_ARM_x86_64_8.1.0/ARMTools/bin/../lib/gcc/arm-atollic-eabi/6.3.1/../../../../arm-atollic-eabi/lib/armv7e-m/fpu/libm.a(lib_a-kf_cos.o)
                0x00000000080076a0                __kernel_cosf
 .text.__kernel_rem_pio2f
                0x000000000800775c      0x4bc /opt/Atollic_TrueSTUDIO_for_ARM_x86_64_8.1.0/ARMTools/bin/../lib/gcc/arm-atollic-eabi/6.3.1/../../../../arm-atollic-eabi/lib/armv7e-m/fpu/libm.a(lib_a-kf_rem_pio2.o)
                0x000000000800775c                __kernel_rem_pio2f
 .text.__kernel_sinf
                0x0000000008007c18       0x90 /opt/Atollic_TrueSTUDIO_for_ARM_x86_64_8.1.0/ARMTools/bin/../lib/gcc/arm-atollic-eabi/6.3.1/../../../../arm-atollic-eabi/lib/armv7e-m/fpu/libm.a(lib_a-kf_sin.o)
                0x0000000008007c18                __kernel_sinf
 .text.atanf    0x0000000008007ca8      0x1a4 /opt/Atollic_TrueSTUDIO_for_ARM_x86_64_8.1.0/ARMTools/bin/../lib/gcc/arm-atollic-eabi/6.3.1/../../../../arm-atollic-eabi/lib/armv7e-m/fpu/libm.a(lib_a-sf_atan.o)
                0x0000000008007ca8                atanf
 .text.fabsf    0x0000000008007e4c        0xe /opt/Atollic_TrueSTUDIO_for_ARM_x86_64_8.1.0/ARMTools/bin/../lib/gcc/arm-atollic-eabi/6.3.1/../../../../arm-atollic-eabi/lib/armv7e-m/fpu/libm.a(lib_a-sf_fabs.o)
                0x0000000008007e4c                fabsf
 *fill*         0x0000000008007e5a        0x2 
 .text.floorf   0x0000000008007e5c       0x84 /opt/Atollic_TrueSTUDIO_for_ARM_x86_64_8.1.0/ARMTools/bin/../lib/gcc/arm-atollic-eabi/6.3.1/../../../../arm-atollic-eabi/lib/armv7e-m/fpu/libm.a(lib_a-sf_floor.o)
                0x0000000008007e5c                floorf
 .text.scalbnf  0x0000000008007ee0       0xc0 /opt/Atollic_TrueSTUDIO_for_ARM_x86_64_8.1.0/ARMTools/bin/../lib/gcc/arm-atollic-eabi/6.3.1/../../../../arm-atollic-eabi/lib/armv7e-m/fpu/libm.a(lib_a-sf_scalbn.o)
                0x0000000008007ee0                scalbnf
 .text.copysignf
                0x0000000008007fa0       0x18 /opt/Atollic_TrueSTUDIO_for_ARM_x86_64_8.1.0/ARMTools/bin/../lib/gcc/arm-atollic-eabi/6.3.1/../../../../arm-atollic-eabi/lib/armv7e-m/fpu/libm.a(lib_a-sf_copysign.o)
                0x0000000008007fa0                copysignf
 .text.abort    0x0000000008007fb8        0xe /opt/Atollic_TrueSTUDIO_for_ARM_x86_64_8.1.0/ARMTools/bin/../lib/gcc/arm-atollic-eabi/6.3.1/../../../../arm-atollic-eabi/lib/armv7e-m/fpu/libc.a(lib_a-abort.o)
                0x0000000008007fb8                abort
 .text.__cxa_atexit
                0x0000000008007fc6        0xc /opt/Atollic_TrueSTUDIO_for_ARM_x86_64_8.1.0/ARMTools/bin/../lib/gcc/arm-atollic-eabi/6.3.1/../../../../arm-atollic-eabi/lib/armv7e-m/fpu/libc.a(lib_a-cxa_atexit.o)
                0x0000000008007fc6                __cxa_atexit
 *fill*         0x0000000008007fd2        0x2 
 .text.__libc_init_array
                0x0000000008007fd4       0x48 /opt/Atollic_TrueSTUDIO_for_ARM_x86_64_8.1.0/ARMTools/bin/../lib/gcc/arm-atollic-eabi/6.3.1/../../../../arm-atollic-eabi/lib/armv7e-m/fpu/libc.a(lib_a-init.o)
                0x0000000008007fd4                __libc_init_array
 .text.malloc   0x000000000800801c       0x10 /opt/Atollic_TrueSTUDIO_for_ARM_x86_64_8.1.0/ARMTools/bin/../lib/gcc/arm-atollic-eabi/6.3.1/../../../../arm-atollic-eabi/lib/armv7e-m/fpu/libc.a(lib_a-malloc.o)
                0x000000000800801c                malloc
 .text.free     0x000000000800802c       0x10 /opt/Atollic_TrueSTUDIO_for_ARM_x86_64_8.1.0/ARMTools/bin/../lib/gcc/arm-atollic-eabi/6.3.1/../../../../arm-atollic-eabi/lib/armv7e-m/fpu/libc.a(lib_a-malloc.o)
                0x000000000800802c                free
 .text._malloc_r
                0x000000000800803c      0x41c /opt/Atollic_TrueSTUDIO_for_ARM_x86_64_8.1.0/ARMTools/bin/../lib/gcc/arm-atollic-eabi/6.3.1/../../../../arm-atollic-eabi/lib/armv7e-m/fpu/libc.a(lib_a-mallocr.o)
                0x000000000800803c                _malloc_r
 .text.memcpy   0x0000000008008458       0x16 /opt/Atollic_TrueSTUDIO_for_ARM_x86_64_8.1.0/ARMTools/bin/../lib/gcc/arm-atollic-eabi/6.3.1/../../../../arm-atollic-eabi/lib/armv7e-m/fpu/libc.a(lib_a-memcpy-stub.o)
                0x0000000008008458                memcpy
 *fill*         0x000000000800846e        0x2 
 .text.__malloc_lock
                0x0000000008008470        0xc /opt/Atollic_TrueSTUDIO_for_ARM_x86_64_8.1.0/ARMTools/bin/../lib/gcc/arm-atollic-eabi/6.3.1/../../../../arm-atollic-eabi/lib/armv7e-m/fpu/libc.a(lib_a-mlock.o)
                0x0000000008008470                __malloc_lock
 .text.__malloc_unlock
                0x000000000800847c        0xc /opt/Atollic_TrueSTUDIO_for_ARM_x86_64_8.1.0/ARMTools/bin/../lib/gcc/arm-atollic-eabi/6.3.1/../../../../arm-atollic-eabi/lib/armv7e-m/fpu/libc.a(lib_a-mlock.o)
                0x000000000800847c                __malloc_unlock
 .text.realloc  0x0000000008008488       0x10 /opt/Atollic_TrueSTUDIO_for_ARM_x86_64_8.1.0/ARMTools/bin/../lib/gcc/arm-atollic-eabi/6.3.1/../../../../arm-atollic-eabi/lib/armv7e-m/fpu/libc.a(lib_a-realloc.o)
                0x0000000008008488                realloc
 .text._realloc_r
                0x0000000008008498      0x300 /opt/Atollic_TrueSTUDIO_for_ARM_x86_64_8.1.0/ARMTools/bin/../lib/gcc/arm-atollic-eabi/6.3.1/../../../../arm-atollic-eabi/lib/armv7e-m/fpu/libc.a(lib_a-reallocr.o)
                0x0000000008008498                _realloc_r
 .text._sbrk_r  0x0000000008008798       0x20 /opt/Atollic_TrueSTUDIO_for_ARM_x86_64_8.1.0/ARMTools/bin/../lib/gcc/arm-atollic-eabi/6.3.1/../../../../arm-atollic-eabi/lib/armv7e-m/fpu/libc.a(lib_a-sbrkr.o)
                0x0000000008008798                _sbrk_r
 .text._raise_r
                0x00000000080087b8       0x50 /opt/Atollic_TrueSTUDIO_for_ARM_x86_64_8.1.0/ARMTools/bin/../lib/gcc/arm-atollic-eabi/6.3.1/../../../../arm-atollic-eabi/lib/armv7e-m/fpu/libc.a(lib_a-signal.o)
                0x00000000080087b8                _raise_r
 .text.raise    0x0000000008008808       0x10 /opt/Atollic_TrueSTUDIO_for_ARM_x86_64_8.1.0/ARMTools/bin/../lib/gcc/arm-atollic-eabi/6.3.1/../../../../arm-atollic-eabi/lib/armv7e-m/fpu/libc.a(lib_a-signal.o)
                0x0000000008008808                raise
 .text._kill_r  0x0000000008008818       0x24 /opt/Atollic_TrueSTUDIO_for_ARM_x86_64_8.1.0/ARMTools/bin/../lib/gcc/arm-atollic-eabi/6.3.1/../../../../arm-atollic-eabi/lib/armv7e-m/fpu/libc.a(lib_a-signalr.o)
                0x0000000008008818                _kill_r
 .text._getpid_r
                0x000000000800883c        0x4 /opt/Atollic_TrueSTUDIO_for_ARM_x86_64_8.1.0/ARMTools/bin/../lib/gcc/arm-atollic-eabi/6.3.1/../../../../arm-atollic-eabi/lib/armv7e-m/fpu/libc.a(lib_a-signalr.o)
                0x000000000800883c                _getpid_r
 .text.__register_exitproc
                0x0000000008008840       0xec /opt/Atollic_TrueSTUDIO_for_ARM_x86_64_8.1.0/ARMTools/bin/../lib/gcc/arm-atollic-eabi/6.3.1/../../../../arm-atollic-eabi/lib/armv7e-m/fpu/libc.a(lib_a-__atexit.o)
                0x0000000008008840                __register_exitproc
 .text._malloc_trim_r
                0x000000000800892c       0xac /opt/Atollic_TrueSTUDIO_for_ARM_x86_64_8.1.0/ARMTools/bin/../lib/gcc/arm-atollic-eabi/6.3.1/../../../../arm-atollic-eabi/lib/armv7e-m/fpu/libc.a(lib_a-freer.o)
                0x000000000800892c                _malloc_trim_r
 .text._free_r  0x00000000080089d8      0x178 /opt/Atollic_TrueSTUDIO_for_ARM_x86_64_8.1.0/ARMTools/bin/../lib/gcc/arm-atollic-eabi/6.3.1/../../../../arm-atollic-eabi/lib/armv7e-m/fpu/libc.a(lib_a-freer.o)
                0x00000000080089d8                _free_r
 .text.__retarget_lock_acquire_recursive
                0x0000000008008b50        0x2 /opt/Atollic_TrueSTUDIO_for_ARM_x86_64_8.1.0/ARMTools/bin/../lib/gcc/arm-atollic-eabi/6.3.1/../../../../arm-atollic-eabi/lib/armv7e-m/fpu/libc.a(lib_a-lock.o)
                0x0000000008008b50                __retarget_lock_acquire_recursive
 .text.__retarget_lock_release
                0x0000000008008b52        0x2 /opt/Atollic_TrueSTUDIO_for_ARM_x86_64_8.1.0/ARMTools/bin/../lib/gcc/arm-atollic-eabi/6.3.1/../../../../arm-atollic-eabi/lib/armv7e-m/fpu/libc.a(lib_a-lock.o)
                0x0000000008008b52                __retarget_lock_release
 .text.__retarget_lock_release_recursive
                0x0000000008008b54        0x2 /opt/Atollic_TrueSTUDIO_for_ARM_x86_64_8.1.0/ARMTools/bin/../lib/gcc/arm-atollic-eabi/6.3.1/../../../../arm-atollic-eabi/lib/armv7e-m/fpu/libc.a(lib_a-lock.o)
                0x0000000008008b54                __retarget_lock_release_recursive
 .text.memmove  0x0000000008008b56       0x34 /opt/Atollic_TrueSTUDIO_for_ARM_x86_64_8.1.0/ARMTools/bin/../lib/gcc/arm-atollic-eabi/6.3.1/../../../../arm-atollic-eabi/lib/armv7e-m/fpu/libc.a(lib_a-memmove.o)
                0x0000000008008b56                memmove
 *fill*         0x0000000008008b8a        0x2 
 .text._getpid  0x0000000008008b8c       0x10 /opt/Atollic_TrueSTUDIO_for_ARM_x86_64_8.1.0/ARMTools/bin/../lib/gcc/arm-atollic-eabi/6.3.1/../../../../arm-atollic-eabi/lib/armv7e-m/fpu/libnosys.a(getpid.o)
                0x0000000008008b8c                _getpid
 .text._kill    0x0000000008008b9c       0x10 /opt/Atollic_TrueSTUDIO_for_ARM_x86_64_8.1.0/ARMTools/bin/../lib/gcc/arm-atollic-eabi/6.3.1/../../../../arm-atollic-eabi/lib/armv7e-m/fpu/libnosys.a(kill.o)
                0x0000000008008b9c                _kill
 .text._sbrk    0x0000000008008bac       0x1c /opt/Atollic_TrueSTUDIO_for_ARM_x86_64_8.1.0/ARMTools/bin/../lib/gcc/arm-atollic-eabi/6.3.1/../../../../arm-atollic-eabi/lib/armv7e-m/fpu/libnosys.a(sbrk.o)
                0x0000000008008bac                _sbrk
 .text._exit    0x0000000008008bc8        0x2 /opt/Atollic_TrueSTUDIO_for_ARM_x86_64_8.1.0/ARMTools/bin/../lib/gcc/arm-atollic-eabi/6.3.1/../../../../arm-atollic-eabi/lib/armv7e-m/fpu/libnosys.a(_exit.o)
                0x0000000008008bc8                _exit
 *(.glue_7)
 .glue_7        0x0000000008008bca        0x0 linker stubs
 *(.glue_7t)
 .glue_7t       0x0000000008008bca        0x0 linker stubs
 *(.eh_frame)
 *fill*         0x0000000008008bca        0x2 
 .eh_frame      0x0000000008008bcc        0x0 /opt/Atollic_TrueSTUDIO_for_ARM_x86_64_8.1.0/ARMTools/bin/../lib/gcc/arm-atollic-eabi/6.3.1/armv7e-m/fpu/crtbegin.o
 *(.init)
 .init          0x0000000008008bcc        0x4 /opt/Atollic_TrueSTUDIO_for_ARM_x86_64_8.1.0/ARMTools/bin/../lib/gcc/arm-atollic-eabi/6.3.1/armv7e-m/fpu/crti.o
                0x0000000008008bcc                _init
 .init          0x0000000008008bd0        0x8 /opt/Atollic_TrueSTUDIO_for_ARM_x86_64_8.1.0/ARMTools/bin/../lib/gcc/arm-atollic-eabi/6.3.1/armv7e-m/fpu/crtn.o
 *(.fini)
 .fini          0x0000000008008bd8        0x4 /opt/Atollic_TrueSTUDIO_for_ARM_x86_64_8.1.0/ARMTools/bin/../lib/gcc/arm-atollic-eabi/6.3.1/armv7e-m/fpu/crti.o
                0x0000000008008bd8                _fini
 .fini          0x0000000008008bdc        0x8 /opt/Atollic_TrueSTUDIO_for_ARM_x86_64_8.1.0/ARMTools/bin/../lib/gcc/arm-atollic-eabi/6.3.1/armv7e-m/fpu/crtn.o
                0x0000000008008be4                . = ALIGN (0x4)
                0x0000000008008be4                _etext = .

.vfp11_veneer   0x0000000008008be4        0x0
 .vfp11_veneer  0x0000000008008be4        0x0 linker stubs

.v4_bx          0x0000000008008be4        0x0
 .v4_bx         0x0000000008008be4        0x0 linker stubs

.iplt           0x0000000008008be4        0x0
 .iplt          0x0000000008008be4        0x0 /opt/Atollic_TrueSTUDIO_for_ARM_x86_64_8.1.0/ARMTools/bin/../lib/gcc/arm-atollic-eabi/6.3.1/armv7e-m/fpu/crtbegin.o

.rodata         0x0000000008008be4      0xc48
                0x0000000008008be4                . = ALIGN (0x4)
 *(.rodata)
 .rodata        0x0000000008008be4       0x1c Application/User/main.o
 *(.rodata*)
 .rodata.MX_ADC1_Init.str1.1
                0x0000000008008c00       0x13 Application/User/adc.o
 .rodata._ZTSN3ros3MsgE
                0x0000000008008c13        0xb Application/User/main.o
                0x0000000008008c13                typeinfo name for ros::Msg
 *fill*         0x0000000008008c1e        0x2 
 .rodata._ZTIN3ros3MsgE
                0x0000000008008c20        0x8 Application/User/main.o
                0x0000000008008c20                typeinfo for ros::Msg
 .rodata._ZTSN8std_msgs4TimeE
                0x0000000008008c28       0x11 Application/User/main.o
                0x0000000008008c28                typeinfo name for std_msgs::Time
 *fill*         0x0000000008008c39        0x3 
 .rodata._ZTIN8std_msgs4TimeE
                0x0000000008008c3c        0xc Application/User/main.o
                0x0000000008008c3c                typeinfo for std_msgs::Time
 .rodata._ZTSN14rosserial_msgs9TopicInfoE
                0x0000000008008c48       0x1d Application/User/main.o
                0x0000000008008c48                typeinfo name for rosserial_msgs::TopicInfo
 *fill*         0x0000000008008c65        0x3 
 .rodata._ZTIN14rosserial_msgs9TopicInfoE
                0x0000000008008c68        0xc Application/User/main.o
                0x0000000008008c68                typeinfo for rosserial_msgs::TopicInfo
 .rodata._ZTSN14rosserial_msgs3LogE
                0x0000000008008c74       0x17 Application/User/main.o
                0x0000000008008c74                typeinfo name for rosserial_msgs::Log
 *fill*         0x0000000008008c8b        0x1 
 .rodata._ZTIN14rosserial_msgs3LogE
                0x0000000008008c8c        0xc Application/User/main.o
                0x0000000008008c8c                typeinfo for rosserial_msgs::Log
 .rodata._ZTSN14rosserial_msgs20RequestParamResponseE
                0x0000000008008c98       0x29 Application/User/main.o
                0x0000000008008c98                typeinfo name for rosserial_msgs::RequestParamResponse
 *fill*         0x0000000008008cc1        0x3 
 .rodata._ZTIN14rosserial_msgs20RequestParamResponseE
                0x0000000008008cc4        0xc Application/User/main.o
                0x0000000008008cc4                typeinfo for rosserial_msgs::RequestParamResponse
 .rodata._ZTSN3ros15NodeHandleBase_E
                0x0000000008008cd0       0x18 Application/User/main.o
                0x0000000008008cd0                typeinfo name for ros::NodeHandleBase_
 .rodata._ZTIN3ros15NodeHandleBase_E
                0x0000000008008ce8        0x8 Application/User/main.o
                0x0000000008008ce8                typeinfo for ros::NodeHandleBase_
 .rodata._ZTSN3ros11Subscriber_E
                0x0000000008008cf0       0x14 Application/User/main.o
                0x0000000008008cf0                typeinfo name for ros::Subscriber_
 .rodata._ZTIN3ros11Subscriber_E
                0x0000000008008d04        0x8 Application/User/main.o
                0x0000000008008d04                typeinfo for ros::Subscriber_
 .rodata._ZTSN6kduino8PotentioE
                0x0000000008008d0c       0x13 Application/User/main.o
                0x0000000008008d0c                typeinfo name for kduino::Potentio
 *fill*         0x0000000008008d1f        0x1 
 .rodata._ZTIN6kduino8PotentioE
                0x0000000008008d20        0xc Application/User/main.o
                0x0000000008008d20                typeinfo for kduino::Potentio
 .rodata._ZTSN3ros11NodeHandle_I13STMF4HardwareLi20ELi20ELi255ELi255EEE
                0x0000000008008d2c       0x3b Application/User/main.o
                0x0000000008008d2c                typeinfo name for ros::NodeHandle_<STMF4Hardware, 20, 20, 255, 255>
 *fill*         0x0000000008008d67        0x1 
 .rodata._ZTIN3ros11NodeHandle_I13STMF4HardwareLi20ELi20ELi255ELi255EEE
                0x0000000008008d68        0xc Application/User/main.o
                0x0000000008008d68                typeinfo for ros::NodeHandle_<STMF4Hardware, 20, 20, 255, 255>
 .rodata._ZTSN17jsk_imu_mini_msgs3ImuE
                0x0000000008008d74       0x1a Application/User/main.o
                0x0000000008008d74                typeinfo name for jsk_imu_mini_msgs::Imu
 *fill*         0x0000000008008d8e        0x2 
 .rodata._ZTIN17jsk_imu_mini_msgs3ImuE
                0x0000000008008d90        0xc Application/User/main.o
                0x0000000008008d90                typeinfo for jsk_imu_mini_msgs::Imu
 .rodata._ZTSN17jsk_imu_mini_msgs11DesireCoordE
                0x0000000008008d9c       0x23 Application/User/main.o
                0x0000000008008d9c                typeinfo name for jsk_imu_mini_msgs::DesireCoord
 *fill*         0x0000000008008dbf        0x1 
 .rodata._ZTIN17jsk_imu_mini_msgs11DesireCoordE
                0x0000000008008dc0        0xc Application/User/main.o
                0x0000000008008dc0                typeinfo for jsk_imu_mini_msgs::DesireCoord
 .rodata._ZTS18EstimatorAlgorithm
                0x0000000008008dcc       0x15 Application/User/main.o
                0x0000000008008dcc                typeinfo name for EstimatorAlgorithm
 *fill*         0x0000000008008de1        0x3 
 .rodata._ZTI18EstimatorAlgorithm
                0x0000000008008de4        0x8 Application/User/main.o
                0x0000000008008de4                typeinfo for EstimatorAlgorithm
 .rodata._ZTS17ComplementaryAHRS
                0x0000000008008dec       0x14 Application/User/main.o
                0x0000000008008dec                typeinfo name for ComplementaryAHRS
 .rodata._ZTI17ComplementaryAHRS
                0x0000000008008e00        0xc Application/User/main.o
                0x0000000008008e00                typeinfo for ComplementaryAHRS
 .rodata._ZTSN3ros11Subscriber2IN17jsk_imu_mini_msgs11DesireCoordE16AttitudeEstimateEE
                0x0000000008008e0c       0x4a Application/User/main.o
                0x0000000008008e0c                typeinfo name for ros::Subscriber2<jsk_imu_mini_msgs::DesireCoord, AttitudeEstimate>
 *fill*         0x0000000008008e56        0x2 
 .rodata._ZTIN3ros11Subscriber2IN17jsk_imu_mini_msgs11DesireCoordE16AttitudeEstimateEE
                0x0000000008008e58        0xc Application/User/main.o
                0x0000000008008e58                typeinfo for ros::Subscriber2<jsk_imu_mini_msgs::DesireCoord, AttitudeEstimate>
 .rodata._ZTSN17aerial_robot_msgs9BarometerE
                0x0000000008008e64       0x20 Application/User/main.o
                0x0000000008008e64                typeinfo name for aerial_robot_msgs::Barometer
 .rodata._ZTIN17aerial_robot_msgs9BarometerE
                0x0000000008008e84        0xc Application/User/main.o
                0x0000000008008e84                typeinfo for aerial_robot_msgs::Barometer
 .rodata._ZTSN17aerial_robot_msgs3GpsE
                0x0000000008008e90       0x1a Application/User/main.o
                0x0000000008008e90                typeinfo name for aerial_robot_msgs::Gps
 *fill*         0x0000000008008eaa        0x2 
 .rodata._ZTIN17aerial_robot_msgs3GpsE
                0x0000000008008eac        0xc Application/User/main.o
                0x0000000008008eac                typeinfo for aerial_robot_msgs::Gps
 .rodata._ZTVN8std_msgs4TimeE
                0x0000000008008eb8       0x18 Application/User/main.o
                0x0000000008008eb8                vtable for std_msgs::Time
 .rodata._ZTVN14rosserial_msgs9TopicInfoE
                0x0000000008008ed0       0x18 Application/User/main.o
                0x0000000008008ed0                vtable for rosserial_msgs::TopicInfo
 .rodata._ZTVN14rosserial_msgs3LogE
                0x0000000008008ee8       0x18 Application/User/main.o
                0x0000000008008ee8                vtable for rosserial_msgs::Log
 .rodata._ZTVN14rosserial_msgs20RequestParamResponseE
                0x0000000008008f00       0x18 Application/User/main.o
                0x0000000008008f00                vtable for rosserial_msgs::RequestParamResponse
 .rodata._ZTVN6kduino8PotentioE
                0x0000000008008f18       0x18 Application/User/main.o
                0x0000000008008f18                vtable for kduino::Potentio
 .rodata._ZTVN3ros11NodeHandle_I13STMF4HardwareLi20ELi20ELi255ELi255EEE
                0x0000000008008f30       0x14 Application/User/main.o
                0x0000000008008f30                vtable for ros::NodeHandle_<STMF4Hardware, 20, 20, 255, 255>
 .rodata._ZTVN17jsk_imu_mini_msgs3ImuE
                0x0000000008008f44       0x18 Application/User/main.o
                0x0000000008008f44                vtable for jsk_imu_mini_msgs::Imu
 .rodata._ZTVN17jsk_imu_mini_msgs11DesireCoordE
                0x0000000008008f5c       0x18 Application/User/main.o
                0x0000000008008f5c                vtable for jsk_imu_mini_msgs::DesireCoord
 .rodata._ZTV17ComplementaryAHRS
                0x0000000008008f74        0xc Application/User/main.o
                0x0000000008008f74                vtable for ComplementaryAHRS
 .rodata._ZTVN3ros11Subscriber2IN17jsk_imu_mini_msgs11DesireCoordE16AttitudeEstimateEE
                0x0000000008008f80       0x18 Application/User/main.o
                0x0000000008008f80                vtable for ros::Subscriber2<jsk_imu_mini_msgs::DesireCoord, AttitudeEstimate>
 .rodata._ZTVN17aerial_robot_msgs9BarometerE
                0x0000000008008f98       0x18 Application/User/main.o
                0x0000000008008f98                vtable for aerial_robot_msgs::Barometer
 .rodata._ZTVN17aerial_robot_msgs3GpsE
                0x0000000008008fb0       0x18 Application/User/main.o
                0x0000000008008fb0                vtable for aerial_robot_msgs::Gps
 .rodata._ZN14rosserial_msgs20RequestParamResponse6getMD5Ev.str1.1
                0x0000000008008fc8       0x21 Application/User/main.o
 .rodata._ZN14rosserial_msgs3Log6getMD5Ev.str1.1
                0x0000000008008fe9       0x21 Application/User/main.o
 .rodata._ZN14rosserial_msgs3Log7getTypeEv.str1.1
                0x000000000800900a       0x13 Application/User/main.o
 .rodata._ZN14rosserial_msgs9TopicInfo6getMD5Ev.str1.1
                0x000000000800901d       0x21 Application/User/main.o
 .rodata._ZN14rosserial_msgs9TopicInfo7getTypeEv.str1.1
                0x000000000800903e       0x19 Application/User/main.o
 .rodata._ZN16AttitudeEstimate4initEP3IMUPN3ros11NodeHandle_I13STMF4HardwareLi20ELi20ELi255ELi255EEE.str1.1
                0x0000000008009057       0x17 Application/User/main.o
 .rodata._ZN17aerial_robot_msgs3Gps6getMD5Ev.str1.1
                0x000000000800906e       0x21 Application/User/main.o
 .rodata._ZN17aerial_robot_msgs3Gps7getTypeEv.str1.1
                0x000000000800908f       0x16 Application/User/main.o
 .rodata._ZN17aerial_robot_msgs9Barometer6getMD5Ev.str1.1
                0x00000000080090a5       0x21 Application/User/main.o
 .rodata._ZN17aerial_robot_msgs9Barometer7getTypeEv.str1.1
                0x00000000080090c6       0x1c Application/User/main.o
 .rodata._ZN17jsk_imu_mini_msgs11DesireCoord6getMD5Ev.str1.1
                0x00000000080090e2       0x21 Application/User/main.o
 .rodata._ZN17jsk_imu_mini_msgs11DesireCoord7getTypeEv.str1.1
                0x0000000008009103       0x1e Application/User/main.o
 .rodata._ZN17jsk_imu_mini_msgs3Imu6getMD5Ev.str1.1
                0x0000000008009121       0x21 Application/User/main.o
 .rodata._ZN17jsk_imu_mini_msgs3Imu7getTypeEv.str1.1
                0x0000000008009142       0x16 Application/User/main.o
 .rodata._ZN3ros11NodeHandle_I13STMF4HardwareLi20ELi20ELi255ELi255EE15negotiateTopicsEv.str1.1
                0x0000000008009158       0x16 Application/User/main.o
                                          0x1 (size before relaxing)
 .rodata._ZN3ros11NodeHandle_I13STMF4HardwareLi20ELi20ELi255ELi255EE7publishEiPKNS_3MsgE.str1.1
                0x0000000008009158       0x39 Application/User/main.o
 .rodata._ZN6kduino8Potentio6getMD5Ev.str1.1
                0x0000000008009191       0x21 Application/User/main.o
 .rodata._ZN6kduino8Potentio7getTypeEv.str1.1
                0x00000000080091b2       0x10 Application/User/main.o
 .rodata._ZN8std_msgs4Time6getMD5Ev.str1.1
                0x00000000080091c2       0x21 Application/User/main.o
 .rodata._ZN8std_msgs4Time7getTypeEv.str1.1
                0x00000000080091e3        0xe Application/User/main.o
 .rodata.str1.1
                0x00000000080091f1        0xd Application/User/main.o
 .rodata.MX_SPI1_Init.str1.1
                0x00000000080091fe       0x13 Application/User/spi.o
 .rodata.MX_USART1_UART_Init.str1.1
                0x0000000008009211       0x15 Application/User/usart.o
 .rodata._ZTSN8std_msgs5UInt8E
                0x0000000008009226       0x12 Application/imu/imu_mpu9250.o